Archive member included to satisfy reference by file (symbol)

arch/arm/cpu/armv8/cpu.o      (--whole-archive)
arch/arm/cpu/armv8/generic_timer.o
                              (--whole-archive)
arch/arm/cpu/armv8/cache_v8.o
                              (--whole-archive)
arch/arm/cpu/armv8/cache.o    (--whole-archive)
arch/arm/cpu/armv8/tlb.o      (--whole-archive)
arch/arm/cpu/armv8/transition.o
                              (--whole-archive)
arch/arm/cpu/armv8/fwcall.o   (--whole-archive)
arch/arm/cpu/armv8/cpu-dt.o   (--whole-archive)
arch/arm/cpu/armv8/smccc-call.o
                              (--whole-archive)
arch/arm/lib/crt0_64.o        (--whole-archive)
arch/arm/lib/setjmp_aarch64.o
                              (--whole-archive)
arch/arm/lib/spl.o            (--whole-archive)
arch/arm/lib/zimage.o         (--whole-archive)
arch/arm/lib/bootm-fdt.o      (--whole-archive)
arch/arm/lib/bdinfo.o         (--whole-archive)
arch/arm/lib/sections.o       (--whole-archive)
arch/arm/lib/stack.o          (--whole-archive)
arch/arm/lib/interrupts_64.o  (--whole-archive)
arch/arm/lib/reset.o          (--whole-archive)
arch/arm/lib/cache.o          (--whole-archive)
arch/arm/lib/psci-dt.o        (--whole-archive)
board/cvitek/cv181x/board.o   (--whole-archive)
common/spl/spl.o              (--whole-archive)
common/spl/spl_fit.o          (--whole-archive)
common/spl/spl_nor.o          (--whole-archive)
common/init/board_init.o      (--whole-archive)
common/common_fit.o           (--whole-archive)
common/fdt_support.o          (--whole-archive)
common/console.o              (--whole-archive)
common/dlmalloc.o             (--whole-archive)
common/malloc_simple.o        (--whole-archive)
common/image.o                (--whole-archive)
common/hash.o                 (--whole-archive)
common/image-fdt.o            (--whole-archive)
common/image-fit.o            (--whole-archive)
common/memsize.o              (--whole-archive)
common/stdio.o                (--whole-archive)
common/cli.o                  (--whole-archive)
common/command.o              (--whole-archive)
common/s_record.o             (--whole-archive)
common/xyzModem.o             (--whole-archive)
cmd/nvedit.o                  (--whole-archive)
lib/hash-checksum.o           (--whole-archive)
lib/sha1.o                    (--whole-archive)
lib/sha256.o                  (--whole-archive)
lib/lzma/LzmaDec.o            (--whole-archive)
lib/lzma/LzmaTools.o          (--whole-archive)
lib/lz4_wrapper.o             (--whole-archive)
lib/libfdt/fdt.o              (--whole-archive)
lib/libfdt/fdt_ro.o           (--whole-archive)
lib/libfdt/fdt_wip.o          (--whole-archive)
lib/libfdt/fdt_strerror.o     (--whole-archive)
lib/libfdt/fdt_sw.o           (--whole-archive)
lib/libfdt/fdt_rw.o           (--whole-archive)
lib/libfdt/fdt_empty_tree.o   (--whole-archive)
lib/libfdt/fdt_addresses.o    (--whole-archive)
lib/crc16.o                   (--whole-archive)
lib/net_utils.o               (--whole-archive)
lib/qsort.o                   (--whole-archive)
lib/hashtable.o               (--whole-archive)
lib/errno.o                   (--whole-archive)
lib/display_options.o         (--whole-archive)
lib/crc32.o                   (--whole-archive)
lib/ctype.o                   (--whole-archive)
lib/div64.o                   (--whole-archive)
lib/fdtdec.o                  (--whole-archive)
lib/fdtdec_common.o           (--whole-archive)
lib/hang.o                    (--whole-archive)
lib/linux_compat.o            (--whole-archive)
lib/linux_string.o            (--whole-archive)
lib/lmb.o                     (--whole-archive)
lib/membuff.o                 (--whole-archive)
lib/slre.o                    (--whole-archive)
lib/string.o                  (--whole-archive)
lib/tables_csum.o             (--whole-archive)
lib/time.o                    (--whole-archive)
lib/hexdump.o                 (--whole-archive)
lib/uuid.o                    (--whole-archive)
lib/rand.o                    (--whole-archive)
lib/panic.o                   (--whole-archive)
lib/vsprintf.o                (--whole-archive)
lib/strto.o                   (--whole-archive)
lib/date.o                    (--whole-archive)
lib/rtc-lib.o                 (--whole-archive)
lib/elf.o                     (--whole-archive)
disk/part.o                   (--whole-archive)
disk/part_dos.o               (--whole-archive)
drivers/mtd/mtdcore.o         (--whole-archive)
drivers/mtd/mtd_uboot.o       (--whole-archive)
drivers/mtd/mtdpart.o         (--whole-archive)
drivers/mtd/cfi_mtd.o         (--whole-archive)
drivers/serial/serial.o       (--whole-archive)
drivers/serial/serial_ns16550.o
                              (--whole-archive)
drivers/serial/ns16550.o      (--whole-archive)
drivers/jpeg/mm.o             (--whole-archive)
drivers/jpeg/jdi.o            (--whole-archive)
drivers/jpeg/jpuapifunc.o     (--whole-archive)
drivers/jpeg/jpeg.o           (--whole-archive)
[...]
Memory Configuration

Name             Origin             Length             Attributes
*default*        0x0000000000000000 0xffffffffffffffff

Linker script and memory map


.text           0x0000000083d00000     0x80f4
                0x0000000083d00000                . = ALIGN (0x8)
 *(.__image_copy_start)
 .__image_copy_start
                0x0000000083d00000        0x0 arch/arm/lib/sections.o
                0x0000000083d00000                __image_copy_start
 arch/arm/cpu/armv8/start.o(.text*)
 .text          0x0000000083d00000      0x140 arch/arm/cpu/armv8/start.o
                0x0000000083d00000                _start
                0x0000000083d00030                BOOT0_START_TIME
                0x0000000083d00038                _TEXT_BASE
                0x0000000083d00040                _end_ofs
                0x0000000083d00048                _bss_start_ofs
                0x0000000083d00050                _bss_end_ofs
                0x0000000083d0005c                save_boot_params_ret
                0x0000000083d000e4                apply_core_errata
                0x0000000083d00120                lowlevel_init
                0x0000000083d0012c                smp_kick_all_cpus
                0x0000000083d00130                c_runtime_cpu_setup
                0x0000000083d00134                save_boot_params
 *(.text*)
 .text.board_cleanup_before_linux
                0x0000000083d00140        0x4 arch/arm/cpu/armv8/cpu.o
                0x0000000083d00140                board_cleanup_before_linux
 .text.cleanup_before_linux
                0x0000000083d00144       0x2c arch/arm/cpu/armv8/cpu.o
                0x0000000083d00144                cleanup_before_linux
 .text.get_tbclk
                0x0000000083d00170        0x8 arch/arm/cpu/armv8/generic_timer.o
                0x0000000083d00170                get_tbclk
 .text.get_ticks
                0x0000000083d00178       0x10 arch/arm/cpu/armv8/generic_timer.o
                0x0000000083d00178                get_ticks
 .text.timer_get_boot_us
                0x0000000083d00188       0x28 arch/arm/cpu/armv8/generic_timer.o
                0x0000000083d00188                timer_get_boot_us
 .text.count_required_pts
                0x0000000083d001b0       0xf8 arch/arm/cpu/armv8/cache_v8.o
 .text.create_table
                0x0000000083d002a8       0x70 arch/arm/cpu/armv8/cache_v8.o
 .text.split_block
                0x0000000083d00318       0xa0 arch/arm/cpu/armv8/cache_v8.o
 .text.get_tcr  0x0000000083d003b8       0xe8 arch/arm/cpu/armv8/cache_v8.o
                0x0000000083d003b8                get_tcr
 .text.find_pte
                0x0000000083d004a0       0x94 arch/arm/cpu/armv8/cache_v8.o
 .text.get_page_table_size
                0x0000000083d00534       0x4c arch/arm/cpu/armv8/cache_v8.o
                0x0000000083d00534                get_page_table_size
 .text.setup_pgtables
                0x0000000083d00580      0x17c arch/arm/cpu/armv8/cache_v8.o
                0x0000000083d00580                setup_pgtables
 .text.mmu_setup
                0x0000000083d006fc      0x13c arch/arm/cpu/armv8/cache_v8.o
                0x0000000083d006fc                mmu_setup
 .text.invalidate_dcache_all
                0x0000000083d00838       0x14 arch/arm/cpu/armv8/cache_v8.o
                0x0000000083d00838                invalidate_dcache_all
 .text.dcache_enable
                0x0000000083d0084c      0x110 arch/arm/cpu/armv8/cache_v8.o
                0x0000000083d0084c                dcache_enable
 .text.dcache_disable
                0x0000000083d0095c       0x88 arch/arm/cpu/armv8/cache_v8.o
                0x0000000083d0095c                dcache_disable
 .text.icache_disable
                0x0000000083d009e4       0x6c arch/arm/cpu/armv8/cache_v8.o
                0x0000000083d009e4                icache_disable
 .text.invalidate_icache_all
                0x0000000083d00a50       0x14 arch/arm/cpu/armv8/cache_v8.o
                0x0000000083d00a50                invalidate_icache_all
 .text.icache_enable
                0x0000000083d00a64       0x74 arch/arm/cpu/armv8/cache_v8.o
                0x0000000083d00a64                icache_enable
 .text.__asm_dcache_level
                0x0000000083d00ad8       0x64 arch/arm/cpu/armv8/cache.o
                0x0000000083d00ad8                __asm_dcache_level
 .text.__asm_dcache_all
                0x0000000083d00b3c       0x60 arch/arm/cpu/armv8/cache.o
                0x0000000083d00b3c                __asm_dcache_all
 .text.__asm_flush_dcache_all
                0x0000000083d00b9c        0x8 arch/arm/cpu/armv8/cache.o
                0x0000000083d00b9c                __asm_flush_dcache_all
 .text.__asm_invalidate_dcache_all
                0x0000000083d00ba4        0x8 arch/arm/cpu/armv8/cache.o
                0x0000000083d00ba4                __asm_invalidate_dcache_all
 .text.__asm_invalidate_icache_all
                0x0000000083d00bac        0xc arch/arm/cpu/armv8/cache.o
                0x0000000083d00bac                __asm_invalidate_icache_all
 .text.__asm_invalidate_l3_dcache
                0x0000000083d00bb8        0x8 arch/arm/cpu/armv8/cache.o
                0x0000000083d00bb8                __asm_invalidate_l3_dcache
 .text.__asm_flush_l3_dcache
                0x0000000083d00bc0        0x8 arch/arm/cpu/armv8/cache.o
                0x0000000083d00bc0                __asm_flush_l3_dcache
 .text.__asm_invalidate_l3_icache
                0x0000000083d00bc8        0x8 arch/arm/cpu/armv8/cache.o
                0x0000000083d00bc8                __asm_invalidate_l3_icache
 .text.__asm_invalidate_tlb_all
                0x0000000083d00bd0       0x4c arch/arm/cpu/armv8/tlb.o
                0x0000000083d00bd0                __asm_invalidate_tlb_all
 *fill*         0x0000000083d00c1c        0x4 
 .text.armv8_switch_to_el2
                0x0000000083d00c20       0xb8 arch/arm/cpu/armv8/transition.o
                0x0000000083d00c20                armv8_switch_to_el2
 .text.armv8_switch_to_el1
                0x0000000083d00cd8       0xd0 arch/arm/cpu/armv8/transition.o
                0x0000000083d00cd8                armv8_switch_to_el1
 .text.armv8_el2_to_aarch32
                0x0000000083d00da8        0x4 arch/arm/cpu/armv8/transition.o
                0x0000000083d00da8                armv8_el2_to_aarch32
 *fill*         0x0000000083d00dac        0x4 
 .text          0x0000000083d00db0       0x78 arch/arm/lib/crt0_64.o
                0x0000000083d00db0                _main
 .text.switch_to_el1
                0x0000000083d00e28       0x24 arch/arm/lib/spl.o
 .text.jump_to_image_linux
                0x0000000083d00e4c       0x40 arch/arm/lib/spl.o
                0x0000000083d00e4c                jump_to_image_linux
 .text.bootz_setup
                0x0000000083d00e8c       0x88 arch/arm/lib/zimage.o
                0x0000000083d00e8c                bootz_setup
 .text.arch_fixup_fdt
                0x0000000083d00f14       0x10 arch/arm/lib/bootm-fdt.o
                0x0000000083d00f14                arch_fixup_fdt
 .text.disable_interrupts
                0x0000000083d00f24        0x8 arch/arm/lib/interrupts_64.o
                0x0000000083d00f24                disable_interrupts
 .text.reset_misc
                0x0000000083d00f2c        0x4 arch/arm/lib/reset.o
                0x0000000083d00f2c                reset_misc
 .text.do_reset
                0x0000000083d00f30       0x34 arch/arm/lib/reset.o
                0x0000000083d00f30                do_reset
 .text.arm_reserve_mmu
                0x0000000083d00f64       0x4c arch/arm/lib/cache.o
                0x0000000083d00f64                arm_reserve_mmu
 .text.arch_reserve_mmu
                0x0000000083d00fb0        0x4 arch/arm/lib/cache.o
                0x0000000083d00fb0                arch_reserve_mmu
 .text.pinmux_config
                0x0000000083d00fb4      0x2fc board/cvitek/cv181x/board.o
                0x0000000083d00fb4                pinmux_config
 .text.cvi_board_init
                0x0000000083d012b0      0x38c board/cvitek/cv181x/board.o
                0x0000000083d012b0                cvi_board_init
 .text.board_init
                0x0000000083d0163c       0xfc board/cvitek/cv181x/board.o
                0x0000000083d0163c                board_init
 .text.cv_system_reset
                0x0000000083d01738       0x48 board/cvitek/cv181x/board.o
                0x0000000083d01738                cv_system_reset
 .text.reset_cpu
                0x0000000083d01780        0xc board/cvitek/cv181x/board.o
                0x0000000083d01780                reset_cpu
 .text.board_save_time_record
                0x0000000083d0178c       0x34 board/cvitek/cv181x/board.o
                0x0000000083d0178c                board_save_time_record
 .text.spl_start_uboot
                0x0000000083d017c0        0x8 common/spl/spl.o
                0x0000000083d017c0                spl_start_uboot
 .text.spl_perform_fixups
                0x0000000083d017c8        0x4 common/spl/spl.o
                0x0000000083d017c8                spl_perform_fixups
 .text.spl_board_prepare_for_linux
                0x0000000083d017cc        0x4 common/spl/spl.o
                0x0000000083d017cc                spl_board_prepare_for_linux
 .text.spl_board_prepare_for_boot
                0x0000000083d017d0        0x4 common/spl/spl.o
                0x0000000083d017d0                spl_board_prepare_for_boot
 .text.spl_set_header_raw_uboot
                0x0000000083d017d4       0x2c common/spl/spl.o
                0x0000000083d017d4                spl_set_header_raw_uboot
 .text.spl_parse_board_header
                0x0000000083d01800        0x8 common/spl/spl.o
                0x0000000083d01800                spl_parse_board_header
 .text.spl_parse_legacy_header
                0x0000000083d01808        0x8 common/spl/spl.o
                0x0000000083d01808                spl_parse_legacy_header
 .text.spl_parse_image_header
                0x0000000083d01810       0xa0 common/spl/spl.o
                0x0000000083d01810                spl_parse_image_header
 .text.jump_to_image_no_args
                0x0000000083d018b0       0x10 common/spl/spl.o
                0x0000000083d018b0                jump_to_image_no_args
 .text.spl_set_bd
                0x0000000083d018c0       0x18 common/spl/spl.o
                0x0000000083d018c0                spl_set_bd
 .text.spl_init
                0x0000000083d018d8       0x2c common/spl/spl.o
                0x0000000083d018d8                spl_init
 .text.board_boot_order
                0x0000000083d01904       0x24 common/spl/spl.o
                0x0000000083d01904                board_boot_order
 .text.board_init_r
                0x0000000083d01928      0x150 common/spl/spl.o
                0x0000000083d01928                board_init_r
 .text.preloader_console_init
                0x0000000083d01a78       0x28 common/spl/spl.o
                0x0000000083d01a78                preloader_console_init
 .text.board_init_f
                0x0000000083d01aa0       0x34 common/spl/spl.o
                0x0000000083d01aa0                board_init_f
 .text.spl_relocate_stack_gd
                0x0000000083d01ad4        0x8 common/spl/spl.o
                0x0000000083d01ad4                spl_relocate_stack_gd
 .text.spl_fit_get_image_name
                0x0000000083d01adc       0x90 common/spl/spl_fit.o
 .text.spl_fit_get_image_node
                0x0000000083d01b6c       0x54 common/spl/spl_fit.o
 .text.spl_load_fit_image
                0x0000000083d01bc0      0x2c0 common/spl/spl_fit.o
 .text.spl_fit_append_fdt.isra.4
                0x0000000083d01e80      0x130 common/spl/spl_fit.o
 .text.board_spl_fit_size_align
                0x0000000083d01fb0        0x4 common/spl/spl_fit.o
                0x0000000083d01fb0                board_spl_fit_size_align
 .text.spl_load_simple_fit_skip_processing
                0x0000000083d01fb4        0x8 common/spl/spl_fit.o
                0x0000000083d01fb4                spl_load_simple_fit_skip_processing
 .text.spl_load_simple_fit
                0x0000000083d01fbc      0x3b8 common/spl/spl_fit.o
                0x0000000083d01fbc                spl_load_simple_fit
 .text.spl_nor_load_read
                0x0000000083d02374       0x28 common/spl/spl_nor.o
 .text.spl_nor_get_uboot_base
                0x0000000083d0239c        0x8 common/spl/spl_nor.o
                0x0000000083d0239c                spl_nor_get_uboot_base
 .text.spl_nor_load_image
                0x0000000083d023a4      0x110 common/spl/spl_nor.o
 .text.board_init_f_alloc_reserve
                0x0000000083d024b4       0x10 common/init/board_init.o
                0x0000000083d024b4                board_init_f_alloc_reserve
 .text.board_init_f_init_reserve
                0x0000000083d024c4       0x30 common/init/board_init.o
                0x0000000083d024c4                board_init_f_init_reserve
 .text.fit_find_config_node
                0x0000000083d024f4       0xcc common/common_fit.o
                0x0000000083d024f4                fit_find_config_node
 .text.fdt_find_or_add_subnode
                0x0000000083d025c0       0x74 common/fdt_support.o
                0x0000000083d025c0                fdt_find_or_add_subnode
 .text.fdt_initrd
                0x0000000083d02634      0x1b8 common/fdt_support.o
                0x0000000083d02634                fdt_initrd
 .text.fdt_chosen
                0x0000000083d027ec       0xb4 common/fdt_support.o
                0x0000000083d027ec                fdt_chosen
 .text.fdt_record_loadable
                0x0000000083d028a0      0x1ac common/fdt_support.o
                0x0000000083d028a0                fdt_record_loadable
 .text.fdt_shrink_to_minimum
                0x0000000083d02a4c       0xdc common/fdt_support.o
                0x0000000083d02a4c                fdt_shrink_to_minimum
 .text.putc     0x0000000083d02b28       0x34 common/console.o
                0x0000000083d02b28                putc
 .text.fputs.part.8
                0x0000000083d02b5c       0x14 common/console.o
 .text.puts     0x0000000083d02b70       0x28 common/console.o
                0x0000000083d02b70                puts
 .text.sbrk     0x0000000083d02b98       0x74 common/dlmalloc.o
                0x0000000083d02b98                sbrk
 .text.malloc_trim
                0x0000000083d02c0c       0xd8 common/dlmalloc.o
                0x0000000083d02c0c                malloc_trim
 .text.free     0x0000000083d02ce4      0x230 common/dlmalloc.o
                0x0000000083d02ce4                free
 .text.malloc   0x0000000083d02f14      0x660 common/dlmalloc.o
                0x0000000083d02f14                malloc
 .text.alloc_simple
                0x0000000083d03574       0x74 common/malloc_simple.o
 .text.malloc_simple
                0x0000000083d035e8        0x8 common/malloc_simple.o
                0x0000000083d035e8                malloc_simple
 .text.get_table_entry_id
                0x0000000083d035f0       0x50 common/image.o
                0x0000000083d035f0                get_table_entry_id
 .text.genimg_get_os_id
                0x0000000083d03640       0x18 common/image.o
                0x0000000083d03640                genimg_get_os_id
 .text.genimg_get_comp_id
                0x0000000083d03658       0x18 common/image.o
                0x0000000083d03658                genimg_get_comp_id
 .text.ft_verify_fdt
                0x0000000083d03670        0x8 common/image-fdt.o
                0x0000000083d03670                ft_verify_fdt
 .text.fit_image_get_address
                0x0000000083d03678       0x8c common/image-fit.o
 .text.fit_image_get_os
                0x0000000083d03704       0x4c common/image-fit.o
                0x0000000083d03704                fit_image_get_os
 .text.fit_image_get_comp
                0x0000000083d03750       0x4c common/image-fit.o
                0x0000000083d03750                fit_image_get_comp
 .text.fit_image_get_load
                0x0000000083d0379c       0x10 common/image-fit.o
                0x0000000083d0379c                fit_image_get_load
 .text.fit_image_get_entry
                0x0000000083d037ac       0x10 common/image-fit.o
                0x0000000083d037ac                fit_image_get_entry
 .text.fit_image_get_data
                0x0000000083d037bc       0x50 common/image-fit.o
                0x0000000083d037bc                fit_image_get_data
 .text.fit_image_get_data_offset
                0x0000000083d0380c       0x48 common/image-fit.o
                0x0000000083d0380c                fit_image_get_data_offset
 .text.fit_image_get_data_position
                0x0000000083d03854       0x48 common/image-fit.o
                0x0000000083d03854                fit_image_get_data_position
 .text.fit_image_get_data_size
                0x0000000083d0389c       0x48 common/image-fit.o
                0x0000000083d0389c                fit_image_get_data_size
 .text.LzmaDec_WriteRem
                0x0000000083d038e4       0x94 lib/lzma/LzmaDec.o
 .text.LzmaDec_DecodeReal2
                0x0000000083d03978      0xc90 lib/lzma/LzmaDec.o
 .text.LzmaDec_TryDummy
                0x0000000083d04608      0x624 lib/lzma/LzmaDec.o
 .text.LzmaDec_Init
                0x0000000083d04c2c       0x1c lib/lzma/LzmaDec.o
                0x0000000083d04c2c                LzmaDec_Init
 .text.LzmaDec_DecodeToDic
                0x0000000083d04c48      0x340 lib/lzma/LzmaDec.o
                0x0000000083d04c48                LzmaDec_DecodeToDic
 .text.LzmaDec_FreeProbs
                0x0000000083d04f88       0x30 lib/lzma/LzmaDec.o
                0x0000000083d04f88                LzmaDec_FreeProbs
 .text.LzmaDec_AllocateProbs2.isra.1
                0x0000000083d04fb8       0x7c lib/lzma/LzmaDec.o
 .text.LzmaProps_Decode
                0x0000000083d05034       0x90 lib/lzma/LzmaDec.o
                0x0000000083d05034                LzmaProps_Decode
 .text.LzmaDec_AllocateProbs
                0x0000000083d050c4       0x50 lib/lzma/LzmaDec.o
                0x0000000083d050c4                LzmaDec_AllocateProbs
 .text.LzmaDecode
                0x0000000083d05114       0xf0 lib/lzma/LzmaDec.o
                0x0000000083d05114                LzmaDecode
 .text.SzFree   0x0000000083d05204        0x8 lib/lzma/LzmaTools.o
 .text.SzAlloc  0x0000000083d0520c        0x8 lib/lzma/LzmaTools.o
 .text.lzmaBuffToBuffDecompress
                0x0000000083d05214      0x10c lib/lzma/LzmaTools.o
                0x0000000083d05214                lzmaBuffToBuffDecompress
 .text.LZ4_copy8
                0x0000000083d05320       0x7c lib/lz4_wrapper.o
 .text.ulz4fn   0x0000000083d0539c      0x464 lib/lz4_wrapper.o
                0x0000000083d0539c                ulz4fn
 .text.fdt_check_header
                0x0000000083d05800       0x1c lib/libfdt/fdt.o
                0x0000000083d05800                fdt_check_header
 .text.fdt_offset_ptr
                0x0000000083d0581c       0x40 lib/libfdt/fdt.o
                0x0000000083d0581c                fdt_offset_ptr
 .text.fdt_next_tag
                0x0000000083d0585c       0xc4 lib/libfdt/fdt.o
                0x0000000083d0585c                fdt_next_tag
 .text.fdt_check_node_offset_
                0x0000000083d05920       0x40 lib/libfdt/fdt.o
                0x0000000083d05920                fdt_check_node_offset_
 .text.fdt_check_prop_offset_
                0x0000000083d05960       0x40 lib/libfdt/fdt.o
                0x0000000083d05960                fdt_check_prop_offset_
 .text.fdt_next_node
                0x0000000083d059a0       0xb0 lib/libfdt/fdt.o
                0x0000000083d059a0                fdt_next_node
 .text.fdt_first_subnode
                0x0000000083d05a50       0x34 lib/libfdt/fdt.o
                0x0000000083d05a50                fdt_first_subnode
 .text.fdt_find_string_
                0x0000000083d05a84       0x70 lib/libfdt/fdt.o
                0x0000000083d05a84                fdt_find_string_
 .text.fdt_mem_rsv
                0x0000000083d05af4       0x14 lib/libfdt/fdt_ro.o
 .text.fdt_get_property_by_offset_
                0x0000000083d05b08       0x24 lib/libfdt/fdt_ro.o
 .text.nextprop_
                0x0000000083d05b2c       0x64 lib/libfdt/fdt_ro.o
 .text.fdt_get_string
                0x0000000083d05b90       0x40 lib/libfdt/fdt_ro.o
                0x0000000083d05b90                fdt_get_string
 .text.fdt_get_mem_rsv
                0x0000000083d05bd0       0x34 lib/libfdt/fdt_ro.o
                0x0000000083d05bd0                fdt_get_mem_rsv
 .text.fdt_num_mem_rsv
                0x0000000083d05c04       0x40 lib/libfdt/fdt_ro.o
                0x0000000083d05c04                fdt_num_mem_rsv
 .text.fdt_get_name
                0x0000000083d05c44       0x44 lib/libfdt/fdt_ro.o
                0x0000000083d05c44                fdt_get_name
 .text.fdt_subnode_offset_namelen
                0x0000000083d05c88       0xc8 lib/libfdt/fdt_ro.o
                0x0000000083d05c88                fdt_subnode_offset_namelen
 .text.fdt_subnode_offset
                0x0000000083d05d50       0x44 lib/libfdt/fdt_ro.o
                0x0000000083d05d50                fdt_subnode_offset
 .text.fdt_first_property_offset
                0x0000000083d05d94       0x38 lib/libfdt/fdt_ro.o
                0x0000000083d05d94                fdt_first_property_offset
 .text.fdt_next_property_offset
                0x0000000083d05dcc       0x38 lib/libfdt/fdt_ro.o
                0x0000000083d05dcc                fdt_next_property_offset
 .text.fdt_get_property_namelen_
                0x0000000083d05e04       0xc8 lib/libfdt/fdt_ro.o
 .text.fdt_get_property_namelen
                0x0000000083d05ecc        0x8 lib/libfdt/fdt_ro.o
                0x0000000083d05ecc                fdt_get_property_namelen
 .text.fdt_get_property
                0x0000000083d05ed4       0x4c lib/libfdt/fdt_ro.o
                0x0000000083d05ed4                fdt_get_property
 .text.fdt_getprop_namelen
                0x0000000083d05f20       0x24 lib/libfdt/fdt_ro.o
                0x0000000083d05f20                fdt_getprop_namelen
 .text.fdt_getprop
                0x0000000083d05f44       0x4c lib/libfdt/fdt_ro.o
                0x0000000083d05f44                fdt_getprop
 .text.fdt_get_alias_namelen
                0x0000000083d05f90       0x64 lib/libfdt/fdt_ro.o
                0x0000000083d05f90                fdt_get_alias_namelen
 .text.fdt_path_offset_namelen
                0x0000000083d05ff4       0xf0 lib/libfdt/fdt_ro.o
                0x0000000083d05ff4                fdt_path_offset_namelen
 .text.fdt_path_offset
                0x0000000083d060e4       0x34 lib/libfdt/fdt_ro.o
                0x0000000083d060e4                fdt_path_offset
 .text.fdt_strerror
                0x0000000083d06118       0x4c lib/libfdt/fdt_strerror.o
                0x0000000083d06118                fdt_strerror
 .text.fdt_splice_
                0x0000000083d06164       0x98 lib/libfdt/fdt_rw.o
 .text.fdt_splice_mem_rsv_
                0x0000000083d061fc       0x6c lib/libfdt/fdt_rw.o
 .text.fdt_splice_struct_
                0x0000000083d06268       0x60 lib/libfdt/fdt_rw.o
 .text.fdt_add_property_
                0x0000000083d062c8      0x150 lib/libfdt/fdt_rw.o
 .text.fdt_add_mem_rsv
                0x0000000083d06418       0x70 lib/libfdt/fdt_rw.o
                0x0000000083d06418                fdt_add_mem_rsv
 .text.fdt_del_mem_rsv
                0x0000000083d06488       0x68 lib/libfdt/fdt_rw.o
                0x0000000083d06488                fdt_del_mem_rsv
 .text.fdt_setprop_placeholder
                0x0000000083d064f0       0xc4 lib/libfdt/fdt_rw.o
                0x0000000083d064f0                fdt_setprop_placeholder
 .text.fdt_setprop
                0x0000000083d065b4       0x54 lib/libfdt/fdt_rw.o
                0x0000000083d065b4                fdt_setprop
 .text.fdt_add_subnode_namelen
                0x0000000083d06608      0x104 lib/libfdt/fdt_rw.o
                0x0000000083d06608                fdt_add_subnode_namelen
 .text.fdt_add_subnode
                0x0000000083d0670c       0x44 lib/libfdt/fdt_rw.o
                0x0000000083d0670c                fdt_add_subnode
 .text.fdt_cells
                0x0000000083d06750       0x4c lib/libfdt/fdt_addresses.o
 .text.fdt_address_cells
                0x0000000083d0679c       0x34 lib/libfdt/fdt_addresses.o
                0x0000000083d0679c                fdt_address_cells
 .text.hang     0x0000000083d067d0       0x18 lib/hang.o
                0x0000000083d067d0                hang
 .text.strncasecmp
                0x0000000083d067e8       0x78 lib/string.o
                0x0000000083d067e8                strncasecmp
 .text.strcasecmp
                0x0000000083d06860        0x8 lib/string.o
                0x0000000083d06860                strcasecmp
 .text.strcpy   0x0000000083d06868       0x18 lib/string.o
                0x0000000083d06868                strcpy
 .text.strcmp   0x0000000083d06880       0x28 lib/string.o
                0x0000000083d06880                strcmp
 .text.strncmp  0x0000000083d068a8       0x38 lib/string.o
                0x0000000083d068a8                strncmp
 .text.strchr   0x0000000083d068e0       0x28 lib/string.o
                0x0000000083d068e0                strchr
 .text.strlen   0x0000000083d06908       0x1c lib/string.o
                0x0000000083d06908                strlen
 .text.strnlen  0x0000000083d06924       0x28 lib/string.o
                0x0000000083d06924                strnlen
 .text.memset   0x0000000083d0694c       0x70 lib/string.o
                0x0000000083d0694c                memset
 .text.memcpy   0x0000000083d069bc       0x70 lib/string.o
                0x0000000083d069bc                memcpy
 .text.memmove  0x0000000083d06a2c       0x50 lib/string.o
                0x0000000083d06a2c                memmove
 .text.memcmp   0x0000000083d06a7c       0x30 lib/string.o
                0x0000000083d06a7c                memcmp
 .text.memchr   0x0000000083d06aac       0x30 lib/string.o
                0x0000000083d06aac                memchr
 .text.timer_init
                0x0000000083d06adc        0x8 lib/time.o
                0x0000000083d06adc                timer_init
 .text.usec_to_tick
                0x0000000083d06ae4       0x30 lib/time.o
                0x0000000083d06ae4                usec_to_tick
 .text.__udelay
                0x0000000083d06b14       0x40 lib/time.o
                0x0000000083d06b14                __udelay
 .text.udelay   0x0000000083d06b54       0x44 lib/time.o
                0x0000000083d06b54                udelay
 .text.uuid_bin_to_str
                0x0000000083d06b98       0xd8 lib/uuid.o
                0x0000000083d06b98                uuid_bin_to_str
 .text.panic_finish
                0x0000000083d06c70       0x34 lib/panic.o
 .text.panic    0x0000000083d06ca4       0x74 lib/panic.o
                0x0000000083d06ca4                panic
 .text.put_dec_trunc
                0x0000000083d06d18       0xe0 lib/vsprintf.o
 .text.put_dec  0x0000000083d06df8       0xd0 lib/vsprintf.o
 .text.number   0x0000000083d06ec8      0x2cc lib/vsprintf.o
 .text.string   0x0000000083d07194       0xdc lib/vsprintf.o
 .text.vsnprintf_internal
                0x0000000083d07270      0x8b4 lib/vsprintf.o
 .text.vscnprintf
                0x0000000083d07b24       0x78 lib/vsprintf.o
                0x0000000083d07b24                vscnprintf
 .text.vsprintf
                0x0000000083d07b9c       0x44 lib/vsprintf.o
                0x0000000083d07b9c                vsprintf
 .text.sprintf  0x0000000083d07be0       0x74 lib/vsprintf.o
                0x0000000083d07be0                sprintf
 .text.vprintf  0x0000000083d07c54       0x58 lib/vsprintf.o
                0x0000000083d07c54                vprintf
 .text.printf   0x0000000083d07cac       0x78 lib/vsprintf.o
                0x0000000083d07cac                printf
 .text.test_block_type
                0x0000000083d07d24       0xcc disk/part_dos.o
 .text.part_test_dos
                0x0000000083d07df0       0x6c disk/part_dos.o
 .text.get_current
                0x0000000083d07e5c       0x40 drivers/serial/serial.o
 .text.serial_init
                0x0000000083d07e9c       0x24 drivers/serial/serial.o
                0x0000000083d07e9c                serial_init
 .text.serial_putc
                0x0000000083d07ec0       0x28 drivers/serial/serial.o
                0x0000000083d07ec0                serial_putc
 .text.serial_puts
                0x0000000083d07ee8       0x28 drivers/serial/serial.o
                0x0000000083d07ee8                serial_puts
 .text.eserial1_init
                0x0000000083d07f10       0x34 drivers/serial/serial_ns16550.o
 .text.eserial1_setbrg
                0x0000000083d07f44       0x2c drivers/serial/serial_ns16550.o
 .text.eserial1_tstc
                0x0000000083d07f70        0x8 drivers/serial/serial_ns16550.o
 .text.eserial1_getc
                0x0000000083d07f78       0x1c drivers/serial/serial_ns16550.o
 .text._serial_putc.constprop.4
                0x0000000083d07f94       0x38 drivers/serial/serial_ns16550.o
 .text.eserial1_puts
                0x0000000083d07fcc       0x30 drivers/serial/serial_ns16550.o
 .text.eserial1_putc
                0x0000000083d07ffc        0x4 drivers/serial/serial_ns16550.o
 .text.default_serial_console
                0x0000000083d08000        0xc drivers/serial/serial_ns16550.o
                0x0000000083d08000                default_serial_console
 .text.ns16550_calc_divisor
                0x0000000083d0800c       0x10 drivers/serial/ns16550.o
                0x0000000083d0800c                ns16550_calc_divisor
 .text.ns16550_init
                0x0000000083d0801c       0x50 drivers/serial/ns16550.o
                0x0000000083d0801c                ns16550_init
 .text.ns16550_reinit
                0x0000000083d0806c       0x58 drivers/serial/ns16550.o
                0x0000000083d0806c                ns16550_reinit
 .text.ns16550_putc
                0x0000000083d080c4       0x14 drivers/serial/ns16550.o
                0x0000000083d080c4                ns16550_putc
 .text.ns16550_getc
                0x0000000083d080d8       0x10 drivers/serial/ns16550.o
                0x0000000083d080d8                ns16550_getc
 .text.ns16550_tstc
                0x0000000083d080e8        0xc drivers/serial/ns16550.o
                0x0000000083d080e8                ns16550_tstc

.iplt           0x0000000083d080f4        0x0
 .iplt          0x0000000083d080f4        0x0 arch/arm/cpu/armv8/start.o

.rodata         0x0000000083d080f8     0x1507
                0x0000000083d080f8                . = ALIGN (0x8)
 *(SORT(.rodata*))
 .rodata        0x0000000083d080f8       0x14 common/spl/spl.o
 *fill*         0x0000000083d0810c        0x4 
 .rodata        0x0000000083d08110       0x80 lib/lz4_wrapper.o
 .rodata        0x0000000083d08190       0x20 lib/uuid.o
 .rodata.__func__.5878
                0x0000000083d081b0       0x15 common/common_fit.o
 *fill*         0x0000000083d081c5        0x3 
 .rodata.__func__.6351
                0x0000000083d081c8       0x18 common/fdt_support.o
 .rodata.__func__.6493
                0x0000000083d081e0       0x14 common/fdt_support.o
 *fill*         0x0000000083d081f4        0x4 
 .rodata.__func__.7604
                0x0000000083d081f8       0x13 common/spl/spl_fit.o
 *fill*         0x0000000083d0820b        0x5 
 .rodata.__func__.7718
                0x0000000083d08210       0x14 common/spl/spl_fit.o
 *fill*         0x0000000083d08224        0x4 
 .rodata._ctype
                0x0000000083d08228      0x100 lib/ctype.o
                0x0000000083d08228                _ctype
 .rodata.digits.9101
                0x0000000083d08328       0x10 lib/vsprintf.o
 .rodata.fdt_errtable
                0x0000000083d08338       0x98 lib/libfdt/fdt_strerror.o
 .rodata.hex_asc
                0x0000000083d083d0       0x11 lib/hexdump.o
                0x0000000083d083d0                hex_asc
 *fill*         0x0000000083d083e1        0x7 
 .rodata.uimage_comp
                0x0000000083d083e8       0xc0 common/image.o
 .rodata.uimage_os
                0x0000000083d084a8      0x150 common/image.o
 .rodata.fdt_next_tag
                0x0000000083d085f8        0x9 lib/libfdt/fdt.o
 .rodata        0x0000000083d08601      0x10a common/fdt_support.o
 .rodata.alloc_simple.str1.1
                0x0000000083d0870b       0x34 common/malloc_simple.o
 .rodata.board_fdt_chosen_bootargs.str1.1
                0x0000000083d0873f        0x9 common/fdt_support.o
 .rodata.board_init_r.str1.1
                0x0000000083d08748       0x2b common/spl/spl.o
 .rodata.create_table.str1.1
                0x0000000083d08773       0x62 arch/arm/cpu/armv8/cache_v8.o
 .rodata.cvi_board_init.str1.1
                0x0000000083d087d5       0x1c board/cvitek/cv181x/board.o
 .rodata.do_reset.str1.1
                0x0000000083d087f1        0xf arch/arm/lib/reset.o
 .rodata.fdt_address_cells.str1.1
                0x0000000083d08800        0xf lib/libfdt/fdt_addresses.o
 .rodata.fdt_chosen.str1.1
                0x0000000083d0880f       0x35 common/fdt_support.o
 .rodata.fdt_find_or_add_subnode.str1.1
                0x0000000083d08844        0xc common/fdt_support.o
 .rodata.fdt_get_alias_namelen.str1.1
                0x0000000083d08850        0x9 lib/libfdt/fdt_ro.o
 .rodata.fdt_initrd.str1.1
                0x0000000083d08859       0x97 common/fdt_support.o
 .rodata.fdt_record_loadable.str1.1
                0x0000000083d088f0       0x11 common/fdt_support.o
                                         0x30 (size before relaxing)
 .rodata.fdt_strerror.str1.1
                0x0000000083d08901       0x31 lib/libfdt/fdt_strerror.o
 .rodata.fit_find_config_node.str1.1
                0x0000000083d08932       0x48 common/common_fit.o
 .rodata.fit_image_get_address.str1.1
                0x0000000083d0897a       0x1d common/image-fit.o
 .rodata.fit_image_get_comp.str1.1
                0x0000000083d08997        0xc common/image-fit.o
 .rodata.fit_image_get_data.str1.1
                0x0000000083d08997        0x5 common/image-fit.o
 .rodata.fit_image_get_data_offset.str1.1
                0x0000000083d0899c        0xc common/image-fit.o
 .rodata.fit_image_get_data_position.str1.1
                0x0000000083d089a8        0xe common/image-fit.o
 .rodata.fit_image_get_data_size.str1.1
                0x0000000083d089b6        0xa common/image-fit.o
 .rodata.fit_image_get_entry.str1.1
                0x0000000083d089c0        0x6 common/image-fit.o
 .rodata.fit_image_get_load.str1.1
                0x0000000083d089c0        0x5 common/image-fit.o
 .rodata.fit_image_get_os.str1.1
                0x0000000083d089c0        0x3 common/image-fit.o
 .rodata.genimg_get_comp_id.str1.1
                0x0000000083d089c0        0xc common/image.o
 .rodata.genimg_get_os_id.str1.1
                0x0000000083d089cc        0xc common/image.o
                                          0x3 (size before relaxing)
 .rodata.get_current.str1.1
                0x0000000083d089cc       0x15 drivers/serial/serial.o
 .rodata.hang.str1.1
                0x0000000083d089e1       0x2a lib/hang.o
 .rodata.setup_pgtables.str1.1
                0x0000000083d08a0b       0x2d arch/arm/cpu/armv8/cache_v8.o
 .rodata.spl_fit_append_fdt.isra.4.str1.1
                0x0000000083d08a38       0x74 common/spl/spl_fit.o
 .rodata.spl_fit_get_image_node.str1.1
                0x0000000083d08aac       0x21 common/spl/spl_fit.o
 .rodata.spl_load_fit_image.str1.1
                0x0000000083d08acd       0xd7 common/spl/spl_fit.o
 .rodata.spl_load_simple_fit.str1.1
                0x0000000083d08ba4       0x55 common/spl/spl_fit.o
                                         0x63 (size before relaxing)
 .rodata.spl_nor_load_image.str1.1
                0x0000000083d08bf9       0x7b common/spl/spl_nor.o
 .rodata.spl_parse_image_header.str1.1
                0x0000000083d08c74        0x6 common/spl/spl.o
 .rodata.spl_set_header_raw_uboot.str1.1
                0x0000000083d08c7a        0x7 common/spl/spl.o
 .rodata.split_block.str1.1
                0x0000000083d08c81       0x74 arch/arm/cpu/armv8/cache_v8.o
 .rodata.str1.1
                0x0000000083d08cf5        0x4 common/spl/spl_nor.o
 .rodata.str1.1
                0x0000000083d08cf9      0x7a9 common/image.o
                                        0x7e3 (size before relaxing)
 .rodata.str1.1
                0x0000000083d094a2      0x13e lib/libfdt/fdt_strerror.o
 .rodata.str1.1
                0x0000000083d095e0        0x4 disk/part_dos.o
 .rodata.string.str1.1
                0x0000000083d095e4        0x7 lib/vsprintf.o
 .rodata.test_block_type.str1.1
                0x0000000083d095eb        0xa disk/part_dos.o
 .rodata.uuid_bin_to_str.str1.1
                0x0000000083d095f5        0xa lib/uuid.o

.data           0x0000000083d09600      0x960
                0x0000000083d09600                . = ALIGN (0x8)
 *(.data*)
 .data.cv181x_mem_map
                0x0000000083d09600       0x60 board/cvitek/cv181x/board.o
 .data.mem_map  0x0000000083d09660        0x8 board/cvitek/cv181x/board.o
                0x0000000083d09660                mem_map
 .data          0x0000000083d09668       0x88 common/spl/spl.o
 .data.av_      0x0000000083d096f0      0x810 common/dlmalloc.o
 .data.sbrk_base
                0x0000000083d09f00        0x8 common/dlmalloc.o
 .data.trim_threshold
                0x0000000083d09f08        0x8 common/dlmalloc.o
 .data.eserial1_device
                0x0000000083d09f10       0x50 drivers/serial/serial_ns16550.o
                0x0000000083d09f10                eserial1_device

.igot.plt       0x0000000083d09f60        0x0
 .igot.plt      0x0000000083d09f60        0x0 arch/arm/cpu/armv8/start.o

.u_boot_list    0x0000000083d09f60       0x40
                0x0000000083d09f60                . = ALIGN (0x8)
 *(SORT(.u_boot_list*))
 .u_boot_list_2_blk_driver_1
                0x0000000083d09f60        0x0 drivers/block/blk_legacy.o
 .u_boot_list_2_blk_driver_3
                0x0000000083d09f60        0x0 drivers/block/blk_legacy.o
 .u_boot_list_2_cmd_1
                0x0000000083d09f60        0x0 common/command.o
 .u_boot_list_2_cmd_3
                0x0000000083d09f60        0x0 common/command.o
 .u_boot_list_2_fit_loadable_1
                0x0000000083d09f60        0x0 common/image.o
 .u_boot_list_2_fit_loadable_3
                0x0000000083d09f60        0x0 common/image.o
 .u_boot_list_2_part_driver_1
                0x0000000083d09f60        0x0 disk/part.o
 .u_boot_list_2_part_driver_2_dos
                0x0000000083d09f60       0x28 disk/part_dos.o
                0x0000000083d09f60                _u_boot_list_2_part_driver_2_dos
 .u_boot_list_2_part_driver_3
                0x0000000083d09f88        0x0 disk/part.o
 .u_boot_list_2_spl_image_loader_1
                0x0000000083d09f88        0x0 common/spl/spl.o
 .u_boot_list_2_spl_image_loader_2_BOOT_DEVICE_NOR0spl_nor_load_image
                0x0000000083d09f88       0x18 common/spl/spl_nor.o
                0x0000000083d09f88                _u_boot_list_2_spl_image_loader_2_BOOT_DEVICE_NOR0spl_nor_load_image
 .u_boot_list_2_spl_image_loader_3
                0x0000000083d09fa0        0x0 common/spl/spl.o

.image_copy_end
                0x0000000083d09fa0        0x0
                0x0000000083d09fa0                . = ALIGN (0x8)
 *(.__image_copy_end)

.end            0x0000000083d09fa0        0x0
                0x0000000083d09fa0                . = ALIGN (0x8)
 *(.__end)
 .__end         0x0000000083d09fa0        0x0 arch/arm/lib/sections.o
                0x0000000083d09fa0                _end
                0x0000000083d09fa0                _image_binary_end = .

.bss_start      0x0000000083d09fa0        0x0
                0x0000000083d09fa0                . = ALIGN (0x8)
 *(.__bss_start)
 .__bss_start   0x0000000083d09fa0        0x0 arch/arm/lib/sections.o
                0x0000000083d09fa0                __bss_start

.bss            0x0000000083d09fa0       0x88
 *(.bss*)
 .bss.entry_point
                0x0000000083d09fa0        0x8 arch/arm/lib/spl.o
 .bss.fdt_addr  0x0000000083d09fa8        0x8 arch/arm/lib/spl.o
 .bss.current_mallinfo
                0x0000000083d09fb0       0x28 common/dlmalloc.o
 .bss.max_sbrked_mem
                0x0000000083d09fd8        0x8 common/dlmalloc.o
 .bss.max_total_mem
                0x0000000083d09fe0        0x8 common/dlmalloc.o
 .bss.mem_malloc_brk
                0x0000000083d09fe8        0x8 common/dlmalloc.o
                0x0000000083d09fe8                mem_malloc_brk
 .bss.mem_malloc_end
                0x0000000083d09ff0        0x8 common/dlmalloc.o
                0x0000000083d09ff0                mem_malloc_end
 .bss.mem_malloc_start
                0x0000000083d09ff8        0x8 common/dlmalloc.o
                0x0000000083d09ff8                mem_malloc_start
 .bss.top_pad   0x0000000083d0a000        0x8 common/dlmalloc.o
 .bss.stdio_devices
                0x0000000083d0a008       0x18 common/stdio.o
                0x0000000083d0a008                stdio_devices
 .bss.serial_current
                0x0000000083d0a020        0x8 drivers/serial/serial.o
                0x0000000083d0a028                . = ALIGN (0x8)

.bss_end        0x0000000083d0a028        0x0
 *(.__bss_end)
 .__bss_end     0x0000000083d0a028        0x0 arch/arm/lib/sections.o
                0x0000000083d0a028                __bss_end
                0x0000000000000088                __bss_size = (__bss_end - __bss_start)

/DISCARD/
 *(.rela*)
 *(.dynsym)
 *(.dynstr*)
 *(.dynamic*)
 *(.plt*)
 *(.interp*)
 *(.gnu*)
Address of section .text set to 0x83d00000
LOAD arch/arm/cpu/armv8/start.o
LOAD arch/arm/cpu/armv8/built-in.o
LOAD arch/arm/cpu/built-in.o
LOAD arch/arm/lib/built-in.o
LOAD board/cvitek/cv181x/built-in.o
LOAD common/spl/built-in.o
LOAD common/init/built-in.o
LOAD common/built-in.o
LOAD cmd/built-in.o
LOAD env/built-in.o
LOAD lib/built-in.o
LOAD disk/built-in.o
LOAD drivers/built-in.o
LOAD dts/built-in.o
LOAD fs/built-in.o
LOAD /media/cvitek/yijun.liu01/host-tools/gcc/gcc-linaro-6.3.1-2017.05-x86_64_aarch64-linux-gnu/bin/../lib/gcc/aarch64-linux-gnu/6.3.1/libgcc.a
OUTPUT(u-boot-spl elf64-littleaarch64)

.debug_line     0x0000000000000000    0x114d0
 .debug_line    0x0000000000000000      0x102 arch/arm/cpu/armv8/start.o
 .debug_line    0x0000000000000102      0x372 arch/arm/cpu/armv8/cpu.o
 .debug_line    0x0000000000000474      0x468 arch/arm/cpu/armv8/generic_timer.o
 .debug_line    0x00000000000008dc      0xa2d arch/arm/cpu/armv8/cache_v8.o
 .debug_line    0x0000000000001309      0x1d8 arch/arm/cpu/armv8/cache.o
 .debug_line    0x00000000000014e1       0xae arch/arm/cpu/armv8/tlb.o
 .debug_line    0x000000000000158f       0xd6 arch/arm/cpu/armv8/transition.o
 .debug_line    0x0000000000001665       0xba arch/arm/lib/crt0_64.o
 .debug_line    0x000000000000171f      0x44f arch/arm/lib/spl.o
 .debug_line    0x0000000000001b6e      0x34d arch/arm/lib/zimage.o
 .debug_line    0x0000000000001ebb      0x408 arch/arm/lib/bootm-fdt.o
 .debug_line    0x00000000000022c3       0x8e arch/arm/lib/sections.o
 .debug_line    0x0000000000002351      0x5fd arch/arm/lib/interrupts_64.o
 .debug_line    0x000000000000294e      0x260 arch/arm/lib/reset.o
 .debug_line    0x0000000000002bae      0x4f6 arch/arm/lib/cache.o
 .debug_line    0x00000000000030a4      0x904 board/cvitek/cv181x/board.o
 .debug_line    0x00000000000039a8      0x90f common/spl/spl.o
 .debug_line    0x00000000000042b7      0x7b5 common/spl/spl_fit.o
 .debug_line    0x0000000000004a6c      0x4ac common/spl/spl_nor.o
 .debug_line    0x0000000000004f18      0x43b common/init/board_init.o
 .debug_line    0x0000000000005353      0x41a common/common_fit.o
 .debug_line    0x000000000000576d      0xc58 common/fdt_support.o
 .debug_line    0x00000000000063c5      0x8af common/console.o
 .debug_line    0x0000000000006c74      0x916 common/dlmalloc.o
 .debug_line    0x000000000000758a      0x487 common/malloc_simple.o
 .debug_line    0x0000000000007a11      0xb56 common/image.o
 .debug_line    0x0000000000008567      0x704 common/image-fdt.o
 .debug_line    0x0000000000008c6b      0xcc5 common/image-fit.o
 .debug_line    0x0000000000009930      0x645 common/stdio.o
 .debug_line    0x0000000000009f75      0x7f2 common/command.o
 .debug_line    0x000000000000a767      0x819 lib/lzma/LzmaDec.o
 .debug_line    0x000000000000af80      0x308 lib/lzma/LzmaTools.o
 .debug_line    0x000000000000b288      0x50f lib/lz4_wrapper.o
 .debug_line    0x000000000000b797      0x517 lib/libfdt/fdt.o
 .debug_line    0x000000000000bcae      0x8f0 lib/libfdt/fdt_ro.o
 .debug_line    0x000000000000c59e      0x20e lib/libfdt/fdt_strerror.o
 .debug_line    0x000000000000c7ac      0x697 lib/libfdt/fdt_rw.o
 .debug_line    0x000000000000ce43      0x353 lib/libfdt/fdt_addresses.o
 .debug_line    0x000000000000d196       0xf1 lib/ctype.o
 .debug_line    0x000000000000d287      0x210 lib/hang.o
 .debug_line    0x000000000000d497      0x6e1 lib/string.o
 .debug_line    0x000000000000db78      0x517 lib/time.o
 .debug_line    0x000000000000e08f      0x2f7 lib/hexdump.o
 .debug_line    0x000000000000e386      0x551 lib/uuid.o
 .debug_line    0x000000000000e8d7      0x2ff lib/panic.o
 .debug_line    0x000000000000ebd6      0xa15 lib/vsprintf.o
 .debug_line    0x000000000000f5eb      0x5f9 disk/part.o
 .debug_line    0x000000000000fbe4      0x3ee disk/part_dos.o
 .debug_line    0x000000000000ffd2      0x639 drivers/serial/serial.o
 .debug_line    0x000000000001060b      0x4dc drivers/serial/serial_ns16550.o
 .debug_line    0x0000000000010ae7      0x504 drivers/serial/ns16550.o
 .debug_line    0x0000000000010feb      0x4e5 drivers/block/blk_legacy.o

.debug_info     0x0000000000000000    0x4480a
 .debug_info    0x0000000000000000       0x98 arch/arm/cpu/armv8/start.o
 .debug_info    0x0000000000000098      0x300 arch/arm/cpu/armv8/cpu.o
 .debug_info    0x0000000000000398      0xb3b arch/arm/cpu/armv8/generic_timer.o
 .debug_info    0x0000000000000ed3     0x2270 arch/arm/cpu/armv8/cache_v8.o
 .debug_info    0x0000000000003143       0xe4 arch/arm/cpu/armv8/cache.o
 .debug_info    0x0000000000003227       0xee arch/arm/cpu/armv8/tlb.o
 .debug_info    0x0000000000003315       0xe9 arch/arm/cpu/armv8/transition.o
 .debug_info    0x00000000000033fe       0xec arch/arm/lib/crt0_64.o
 .debug_info    0x00000000000034ea      0xf30 arch/arm/lib/spl.o
 .debug_info    0x000000000000441a      0x7ce arch/arm/lib/zimage.o
 .debug_info    0x0000000000004be8      0xa22 arch/arm/lib/bootm-fdt.o
 .debug_info    0x000000000000560a      0x28a arch/arm/lib/sections.o
 .debug_info    0x0000000000005894     0x3854 arch/arm/lib/interrupts_64.o
 .debug_info    0x00000000000090e8      0x34e arch/arm/lib/reset.o
 .debug_info    0x0000000000009436      0xcaf arch/arm/lib/cache.o
 .debug_info    0x000000000000a0e5     0x3ddd board/cvitek/cv181x/board.o
 .debug_info    0x000000000000dec2     0x31f5 common/spl/spl.o
 .debug_info    0x00000000000110b7     0x26da common/spl/spl_fit.o
 .debug_info    0x0000000000013791     0x1000 common/spl/spl_nor.o
 .debug_info    0x0000000000014791      0xa49 common/init/board_init.o
 .debug_info    0x00000000000151da      0xa42 common/common_fit.o
 .debug_info    0x0000000000015c1c     0x47f7 common/fdt_support.o
 .debug_info    0x000000000001a413     0x2761 common/console.o
 .debug_info    0x000000000001cb74     0x1a7a common/dlmalloc.o
 .debug_info    0x000000000001e5ee      0xc18 common/malloc_simple.o
 .debug_info    0x000000000001f206     0x38aa common/image.o
 .debug_info    0x0000000000022ab0     0x1eac common/image-fdt.o
 .debug_info    0x000000000002495c     0x48e7 common/image-fit.o
 .debug_info    0x0000000000029243     0x1a49 common/stdio.o
 .debug_info    0x000000000002ac8c     0x20e0 common/command.o
 .debug_info    0x000000000002cd6c     0x178f lib/lzma/LzmaDec.o
 .debug_info    0x000000000002e4fb      0x478 lib/lzma/LzmaTools.o
 .debug_info    0x000000000002e973     0x136b lib/lz4_wrapper.o
 .debug_info    0x000000000002fcde      0x8e4 lib/libfdt/fdt.o
 .debug_info    0x00000000000305c2     0x206b lib/libfdt/fdt_ro.o
 .debug_info    0x000000000003262d      0x413 lib/libfdt/fdt_strerror.o
 .debug_info    0x0000000000032a40     0x1fa1 lib/libfdt/fdt_rw.o
 .debug_info    0x00000000000349e1      0x581 lib/libfdt/fdt_addresses.o
 .debug_info    0x0000000000034f62       0x59 lib/ctype.o
 .debug_info    0x0000000000034fbb      0x418 lib/hang.o
 .debug_info    0x00000000000353d3     0x108a lib/string.o
 .debug_info    0x000000000003645d     0x122c lib/time.o
 .debug_info    0x0000000000037689      0x75e lib/hexdump.o
 .debug_info    0x0000000000037de7      0xe7f lib/uuid.o
 .debug_info    0x0000000000038c66      0x364 lib/panic.o
 .debug_info    0x0000000000038fca     0x415c lib/vsprintf.o
 .debug_info    0x000000000003d126     0x19c7 disk/part.o
 .debug_info    0x000000000003eaed      0xe09 disk/part_dos.o
 .debug_info    0x000000000003f8f6     0x1388 drivers/serial/serial.o
 .debug_info    0x0000000000040c7e     0x125a drivers/serial/serial_ns16550.o
 .debug_info    0x0000000000041ed8     0x15e5 drivers/serial/ns16550.o
 .debug_info    0x00000000000434bd     0x134d drivers/block/blk_legacy.o

.debug_abbrev   0x0000000000000000     0x918d
 .debug_abbrev  0x0000000000000000       0x14 arch/arm/cpu/armv8/start.o
 .debug_abbrev  0x0000000000000014      0x122 arch/arm/cpu/armv8/cpu.o
 .debug_abbrev  0x0000000000000136      0x22f arch/arm/cpu/armv8/generic_timer.o
 .debug_abbrev  0x0000000000000365      0x4c8 arch/arm/cpu/armv8/cache_v8.o
 .debug_abbrev  0x000000000000082d       0x12 arch/arm/cpu/armv8/cache.o
 .debug_abbrev  0x000000000000083f       0x14 arch/arm/cpu/armv8/tlb.o
 .debug_abbrev  0x0000000000000853       0x12 arch/arm/cpu/armv8/transition.o
 .debug_abbrev  0x0000000000000865       0x14 arch/arm/lib/crt0_64.o
 .debug_abbrev  0x0000000000000879      0x27b arch/arm/lib/spl.o
 .debug_abbrev  0x0000000000000af4      0x1a4 arch/arm/lib/zimage.o
 .debug_abbrev  0x0000000000000c98      0x1e3 arch/arm/lib/bootm-fdt.o
 .debug_abbrev  0x0000000000000e7b       0x45 arch/arm/lib/sections.o
 .debug_abbrev  0x0000000000000ec0      0x392 arch/arm/lib/interrupts_64.o
 .debug_abbrev  0x0000000000001252      0x173 arch/arm/lib/reset.o
 .debug_abbrev  0x00000000000013c5      0x2a0 arch/arm/lib/cache.o
 .debug_abbrev  0x0000000000001665      0x3e2 board/cvitek/cv181x/board.o
 .debug_abbrev  0x0000000000001a47      0x69d common/spl/spl.o
 .debug_abbrev  0x00000000000020e4      0x516 common/spl/spl_fit.o
 .debug_abbrev  0x00000000000025fa      0x2ec common/spl/spl_nor.o
 .debug_abbrev  0x00000000000028e6      0x23c common/init/board_init.o
 .debug_abbrev  0x0000000000002b22      0x261 common/common_fit.o
 .debug_abbrev  0x0000000000002d83      0x4f6 common/fdt_support.o
 .debug_abbrev  0x0000000000003279      0x58e common/console.o
 .debug_abbrev  0x0000000000003807      0x3f6 common/dlmalloc.o
 .debug_abbrev  0x0000000000003bfd      0x29c common/malloc_simple.o
 .debug_abbrev  0x0000000000003e99      0x52a common/image.o
 .debug_abbrev  0x00000000000043c3      0x485 common/image-fdt.o
 .debug_abbrev  0x0000000000004848      0x521 common/image-fit.o
 .debug_abbrev  0x0000000000004d69      0x452 common/stdio.o
 .debug_abbrev  0x00000000000051bb      0x42a common/command.o
 .debug_abbrev  0x00000000000055e5      0x39b lib/lzma/LzmaDec.o
 .debug_abbrev  0x0000000000005980      0x1e3 lib/lzma/LzmaTools.o
 .debug_abbrev  0x0000000000005b63      0x36b lib/lz4_wrapper.o
 .debug_abbrev  0x0000000000005ece      0x25e lib/libfdt/fdt.o
 .debug_abbrev  0x000000000000612c      0x353 lib/libfdt/fdt_ro.o
 .debug_abbrev  0x000000000000647f       0xfd lib/libfdt/fdt_strerror.o
 .debug_abbrev  0x000000000000657c      0x3d0 lib/libfdt/fdt_rw.o
 .debug_abbrev  0x000000000000694c      0x1d1 lib/libfdt/fdt_addresses.o
 .debug_abbrev  0x0000000000006b1d       0x4c lib/ctype.o
 .debug_abbrev  0x0000000000006b69       0xf8 lib/hang.o
 .debug_abbrev  0x0000000000006c61      0x30b lib/string.o
 .debug_abbrev  0x0000000000006f6c      0x2f4 lib/time.o
 .debug_abbrev  0x0000000000007260      0x196 lib/hexdump.o
 .debug_abbrev  0x00000000000073f6      0x277 lib/uuid.o
 .debug_abbrev  0x000000000000766d      0x160 lib/panic.o
 .debug_abbrev  0x00000000000077cd      0x509 lib/vsprintf.o
 .debug_abbrev  0x0000000000007cd6      0x491 disk/part.o
 .debug_abbrev  0x0000000000008167      0x305 disk/part_dos.o
 .debug_abbrev  0x000000000000846c      0x3df drivers/serial/serial.o
 .debug_abbrev  0x000000000000884b      0x32e drivers/serial/serial_ns16550.o
 .debug_abbrev  0x0000000000008b79      0x320 drivers/serial/ns16550.o
 .debug_abbrev  0x0000000000008e99      0x2f4 drivers/block/blk_legacy.o

.debug_aranges  0x0000000000000000     0x2990
 .debug_aranges
                0x0000000000000000       0x30 arch/arm/cpu/armv8/start.o
 .debug_aranges
                0x0000000000000030       0x50 arch/arm/cpu/armv8/cpu.o
 .debug_aranges
                0x0000000000000080       0x70 arch/arm/cpu/armv8/generic_timer.o
 .debug_aranges
                0x00000000000000f0      0x1b0 arch/arm/cpu/armv8/cache_v8.o
 .debug_aranges
                0x00000000000002a0       0xd0 arch/arm/cpu/armv8/cache.o
 .debug_aranges
                0x0000000000000370       0x30 arch/arm/cpu/armv8/tlb.o
 .debug_aranges
                0x00000000000003a0       0x50 arch/arm/cpu/armv8/transition.o
 .debug_aranges
                0x00000000000003f0       0x30 arch/arm/lib/crt0_64.o
 .debug_aranges
                0x0000000000000420       0x50 arch/arm/lib/spl.o
 .debug_aranges
                0x0000000000000470       0x30 arch/arm/lib/zimage.o
 .debug_aranges
                0x00000000000004a0       0x30 arch/arm/lib/bootm-fdt.o
 .debug_aranges
                0x00000000000004d0       0x20 arch/arm/lib/sections.o
 .debug_aranges
                0x00000000000004f0       0xd0 arch/arm/lib/interrupts_64.o
 .debug_aranges
                0x00000000000005c0       0x40 arch/arm/lib/reset.o
 .debug_aranges
                0x0000000000000600       0xc0 arch/arm/lib/cache.o
 .debug_aranges
                0x00000000000006c0       0xc0 board/cvitek/cv181x/board.o
 .debug_aranges
                0x0000000000000780      0x190 common/spl/spl.o
 .debug_aranges
                0x0000000000000910       0xa0 common/spl/spl_fit.o
 .debug_aranges
                0x00000000000009b0       0x50 common/spl/spl_nor.o
 .debug_aranges
                0x0000000000000a00       0x60 common/init/board_init.o
 .debug_aranges
                0x0000000000000a60       0x50 common/common_fit.o
 .debug_aranges
                0x0000000000000ab0      0x2a0 common/fdt_support.o
 .debug_aranges
                0x0000000000000d50      0x1d0 common/console.o
 .debug_aranges
                0x0000000000000f20      0x100 common/dlmalloc.o
 .debug_aranges
                0x0000000000001020       0x60 common/malloc_simple.o
 .debug_aranges
                0x0000000000001080      0x2c0 common/image.o
 .debug_aranges
                0x0000000000001340       0xa0 common/image-fdt.o
 .debug_aranges
                0x00000000000013e0      0x2d0 common/image-fit.o
 .debug_aranges
                0x00000000000016b0      0x100 common/stdio.o
 .debug_aranges
                0x00000000000017b0      0x100 common/command.o
 .debug_aranges
                0x00000000000018b0      0x100 lib/lzma/LzmaDec.o
 .debug_aranges
                0x00000000000019b0       0x50 lib/lzma/LzmaTools.o
 .debug_aranges
                0x0000000000001a00       0x40 lib/lz4_wrapper.o
 .debug_aranges
                0x0000000000001a40       0xf0 lib/libfdt/fdt.o
 .debug_aranges
                0x0000000000001b30      0x280 lib/libfdt/fdt_ro.o
 .debug_aranges
                0x0000000000001db0       0x30 lib/libfdt/fdt_strerror.o
 .debug_aranges
                0x0000000000001de0      0x120 lib/libfdt/fdt_rw.o
 .debug_aranges
                0x0000000000001f00       0x60 lib/libfdt/fdt_addresses.o
 .debug_aranges
                0x0000000000001f60       0x20 lib/ctype.o
 .debug_aranges
                0x0000000000001f80       0x30 lib/hang.o
 .debug_aranges
                0x0000000000001fb0      0x210 lib/string.o
 .debug_aranges
                0x00000000000021c0       0xc0 lib/time.o
 .debug_aranges
                0x0000000000002280       0x40 lib/hexdump.o
 .debug_aranges
                0x00000000000022c0       0x50 lib/uuid.o
 .debug_aranges
                0x0000000000002310       0x60 lib/panic.o
 .debug_aranges
                0x0000000000002370      0x140 lib/vsprintf.o
 .debug_aranges
                0x00000000000024b0       0xf0 disk/part.o
 .debug_aranges
                0x00000000000025a0       0x60 disk/part_dos.o
 .debug_aranges
                0x0000000000002600      0x160 drivers/serial/serial.o
 .debug_aranges
                0x0000000000002760       0xb0 drivers/serial/serial_ns16550.o
 .debug_aranges
                0x0000000000002810       0x80 drivers/serial/ns16550.o
 .debug_aranges
                0x0000000000002890      0x100 drivers/block/blk_legacy.o

.debug_loc      0x0000000000000000    0x39c3c
 .debug_loc     0x0000000000000000       0x23 arch/arm/cpu/armv8/cpu.o
 .debug_loc     0x0000000000000023       0xc3 arch/arm/cpu/armv8/generic_timer.o
 .debug_loc     0x00000000000000e6     0x20fe arch/arm/cpu/armv8/cache_v8.o
 .debug_loc     0x00000000000021e4       0x4c arch/arm/lib/spl.o
 .debug_loc     0x0000000000002230      0x110 arch/arm/lib/zimage.o
 .debug_loc     0x0000000000002340       0x5d arch/arm/lib/bootm-fdt.o
 .debug_loc     0x000000000000239d      0x4f4 arch/arm/lib/interrupts_64.o
 .debug_loc     0x0000000000002891      0x109 arch/arm/lib/reset.o
 .debug_loc     0x000000000000299a      0x2a1 arch/arm/lib/cache.o
 .debug_loc     0x0000000000002c3b     0x4a5d board/cvitek/cv181x/board.o
 .debug_loc     0x0000000000007698      0x649 common/spl/spl.o
 .debug_loc     0x0000000000007ce1     0x1642 common/spl/spl_fit.o
 .debug_loc     0x0000000000009323      0x240 common/spl/spl_nor.o
 .debug_loc     0x0000000000009563      0x1b0 common/init/board_init.o
 .debug_loc     0x0000000000009713      0x2f9 common/common_fit.o
 .debug_loc     0x0000000000009a0c     0x611c common/fdt_support.o
 .debug_loc     0x000000000000fb28     0x1036 common/console.o
 .debug_loc     0x0000000000010b5e     0x31ea common/dlmalloc.o
 .debug_loc     0x0000000000013d48      0x26d common/malloc_simple.o
 .debug_loc     0x0000000000013fb5     0x2cc3 common/image.o
 .debug_loc     0x0000000000016c78     0x1415 common/image-fdt.o
 .debug_loc     0x000000000001808d     0x471c common/image-fit.o
 .debug_loc     0x000000000001c7a9      0x8a5 common/stdio.o
 .debug_loc     0x000000000001d04e     0x3050 common/command.o
 .debug_loc     0x000000000002009e     0x5f64 lib/lzma/LzmaDec.o
 .debug_loc     0x0000000000026002      0x487 lib/lzma/LzmaTools.o
 .debug_loc     0x0000000000026489     0x14ad lib/lz4_wrapper.o
 .debug_loc     0x0000000000027936      0xe43 lib/libfdt/fdt.o
 .debug_loc     0x0000000000028779     0x3621 lib/libfdt/fdt_ro.o
 .debug_loc     0x000000000002bd9a       0xc4 lib/libfdt/fdt_strerror.o
 .debug_loc     0x000000000002be5e     0x2bda lib/libfdt/fdt_rw.o
 .debug_loc     0x000000000002ea38      0x74e lib/libfdt/fdt_addresses.o
 .debug_loc     0x000000000002f186     0x2783 lib/string.o
 .debug_loc     0x0000000000031909      0x3e8 lib/time.o
 .debug_loc     0x0000000000031cf1       0x39 lib/hexdump.o
 .debug_loc     0x0000000000031d2a      0x476 lib/uuid.o
 .debug_loc     0x00000000000321a0      0x169 lib/panic.o
 .debug_loc     0x0000000000032309     0x3861 lib/vsprintf.o
 .debug_loc     0x0000000000035b6a     0x1f35 disk/part.o
 .debug_loc     0x0000000000037a9f      0x4c9 disk/part_dos.o
 .debug_loc     0x0000000000037f68      0x5dd drivers/serial/serial.o
 .debug_loc     0x0000000000038545      0x1bd drivers/serial/serial_ns16550.o
 .debug_loc     0x0000000000038702      0x2be drivers/serial/ns16550.o
 .debug_loc     0x00000000000389c0     0x127c drivers/block/blk_legacy.o

.debug_ranges   0x0000000000000000     0x5790
 .debug_ranges  0x0000000000000000       0x40 arch/arm/cpu/armv8/cpu.o
 .debug_ranges  0x0000000000000040       0x60 arch/arm/cpu/armv8/generic_timer.o
 .debug_ranges  0x00000000000000a0      0x6f0 arch/arm/cpu/armv8/cache_v8.o
 .debug_ranges  0x0000000000000790       0xd0 arch/arm/cpu/armv8/cache.o
 .debug_ranges  0x0000000000000860       0x50 arch/arm/cpu/armv8/transition.o
 .debug_ranges  0x00000000000008b0       0x40 arch/arm/lib/spl.o
 .debug_ranges  0x00000000000008f0       0x20 arch/arm/lib/zimage.o
 .debug_ranges  0x0000000000000910       0x20 arch/arm/lib/bootm-fdt.o
 .debug_ranges  0x0000000000000930       0xf0 arch/arm/lib/interrupts_64.o
 .debug_ranges  0x0000000000000a20       0x30 arch/arm/lib/reset.o
 .debug_ranges  0x0000000000000a50       0xb0 arch/arm/lib/cache.o
 .debug_ranges  0x0000000000000b00      0x660 board/cvitek/cv181x/board.o
 .debug_ranges  0x0000000000001160      0x280 common/spl/spl.o
 .debug_ranges  0x00000000000013e0      0x250 common/spl/spl_fit.o
 .debug_ranges  0x0000000000001630       0x40 common/spl/spl_nor.o
 .debug_ranges  0x0000000000001670       0x50 common/init/board_init.o
 .debug_ranges  0x00000000000016c0       0x40 common/common_fit.o
 .debug_ranges  0x0000000000001700      0x5d0 common/fdt_support.o
 .debug_ranges  0x0000000000001cd0      0x220 common/console.o
 .debug_ranges  0x0000000000001ef0      0x320 common/dlmalloc.o
 .debug_ranges  0x0000000000002210       0x80 common/malloc_simple.o
 .debug_ranges  0x0000000000002290      0x360 common/image.o
 .debug_ranges  0x00000000000025f0      0x110 common/image-fdt.o
 .debug_ranges  0x0000000000002700      0x5c0 common/image-fit.o
 .debug_ranges  0x0000000000002cc0      0x1e0 common/stdio.o
 .debug_ranges  0x0000000000002ea0      0x300 common/command.o
 .debug_ranges  0x00000000000031a0      0x840 lib/lzma/LzmaDec.o
 .debug_ranges  0x00000000000039e0       0xa0 lib/lzma/LzmaTools.o
 .debug_ranges  0x0000000000003a80      0x440 lib/lz4_wrapper.o
 .debug_ranges  0x0000000000003ec0       0xe0 lib/libfdt/fdt.o
 .debug_ranges  0x0000000000003fa0      0x310 lib/libfdt/fdt_ro.o
 .debug_ranges  0x00000000000042b0       0x20 lib/libfdt/fdt_strerror.o
 .debug_ranges  0x00000000000042d0      0x2b0 lib/libfdt/fdt_rw.o
 .debug_ranges  0x0000000000004580       0x50 lib/libfdt/fdt_addresses.o
 .debug_ranges  0x00000000000045d0       0x20 lib/hang.o
 .debug_ranges  0x00000000000045f0      0x2f0 lib/string.o
 .debug_ranges  0x00000000000048e0       0xe0 lib/time.o
 .debug_ranges  0x00000000000049c0       0x30 lib/hexdump.o
 .debug_ranges  0x00000000000049f0       0xa0 lib/uuid.o
 .debug_ranges  0x0000000000004a90       0x50 lib/panic.o
 .debug_ranges  0x0000000000004ae0      0x440 lib/vsprintf.o
 .debug_ranges  0x0000000000004f20      0x2b0 disk/part.o
 .debug_ranges  0x00000000000051d0       0xa0 disk/part_dos.o
 .debug_ranges  0x0000000000005270      0x150 drivers/serial/serial.o
 .debug_ranges  0x00000000000053c0      0x140 drivers/serial/serial_ns16550.o
 .debug_ranges  0x0000000000005500       0x70 drivers/serial/ns16550.o
 .debug_ranges  0x0000000000005570      0x220 drivers/block/blk_legacy.o

.debug_str      0x0000000000000000     0xa97d
 .debug_str     0x0000000000000000      0x3ba arch/arm/cpu/armv8/cpu.o
                                        0x4b9 (size before relaxing)
 .debug_str     0x00000000000003ba      0xab0 arch/arm/cpu/armv8/generic_timer.o
                                        0xe8d (size before relaxing)
 .debug_str     0x0000000000000e6a      0x473 arch/arm/cpu/armv8/cache_v8.o
                                       0x12f4 (size before relaxing)
 .debug_str     0x00000000000012dd      0x357 arch/arm/lib/spl.o
                                       0x11af (size before relaxing)
 .debug_str     0x0000000000001634       0x9e arch/arm/lib/zimage.o
                                        0x7ed (size before relaxing)
 .debug_str     0x00000000000016d2       0xe6 arch/arm/lib/bootm-fdt.o
                                        0xe93 (size before relaxing)
 .debug_str     0x00000000000017b8      0x14a arch/arm/lib/sections.o
                                        0x32b (size before relaxing)
 .debug_str     0x0000000000001902     0x19c7 arch/arm/lib/interrupts_64.o
                                       0x2c27 (size before relaxing)
 .debug_str     0x00000000000032c9       0xb0 arch/arm/lib/reset.o
                                        0x3cc (size before relaxing)
 .debug_str     0x0000000000003379      0x13a arch/arm/lib/cache.o
                                        0xfcb (size before relaxing)
 .debug_str     0x00000000000034b3      0x397 board/cvitek/cv181x/board.o
                                       0x131b (size before relaxing)
 .debug_str     0x000000000000384a     0x16a8 common/spl/spl.o
                                       0x2da0 (size before relaxing)
 .debug_str     0x0000000000004ef2      0x5fa common/spl/spl_fit.o
                                       0x198c (size before relaxing)
 .debug_str     0x00000000000054ec       0xd9 common/spl/spl_nor.o
                                       0x1358 (size before relaxing)
 .debug_str     0x00000000000055c5       0xf6 common/init/board_init.o
                                        0xeb0 (size before relaxing)
 .debug_str     0x00000000000056bb       0xe6 common/common_fit.o
                                        0x89b (size before relaxing)
 .debug_str     0x00000000000057a1      0x9bc common/fdt_support.o
                                       0x1747 (size before relaxing)
 .debug_str     0x000000000000615d      0x514 common/console.o
                                       0x18af (size before relaxing)
 .debug_str     0x0000000000006671      0x35f common/dlmalloc.o
                                       0x1325 (size before relaxing)
 .debug_str     0x00000000000069d0       0x88 common/malloc_simple.o
                                        0xfa0 (size before relaxing)
 .debug_str     0x0000000000006a58      0xcf9 common/image.o
                                       0x2597 (size before relaxing)
 .debug_str     0x0000000000007751      0x193 common/image-fdt.o
                                       0x1808 (size before relaxing)
 .debug_str     0x00000000000078e4      0x71f common/image-fit.o
                                       0x2eb5 (size before relaxing)
 .debug_str     0x0000000000008003      0x203 common/stdio.o
                                       0x1417 (size before relaxing)
 .debug_str     0x0000000000008206      0x29d common/command.o
                                       0x119d (size before relaxing)
 .debug_str     0x00000000000084a3      0x4bb lib/lzma/LzmaDec.o
                                        0x832 (size before relaxing)
 .debug_str     0x000000000000895e       0xc3 lib/lzma/LzmaTools.o
                                        0x53b (size before relaxing)
 .debug_str     0x0000000000008a21      0x2ef lib/lz4_wrapper.o
                                        0xb0a (size before relaxing)
 .debug_str     0x0000000000008d10      0x1ec lib/libfdt/fdt.o
                                        0x56a (size before relaxing)
 .debug_str     0x0000000000008efc      0x326 lib/libfdt/fdt_ro.o
                                        0x962 (size before relaxing)
 .debug_str     0x0000000000009222       0x92 lib/libfdt/fdt_strerror.o
                                        0x9aa (size before relaxing)
 .debug_str     0x00000000000092b4      0x345 lib/libfdt/fdt_rw.o
                                        0x8dc (size before relaxing)
 .debug_str     0x00000000000095f9       0xc0 lib/libfdt/fdt_addresses.o
                                        0x395 (size before relaxing)
 .debug_str     0x00000000000096b9       0x62 lib/ctype.o
                                        0x1b4 (size before relaxing)
 .debug_str     0x000000000000971b       0x61 lib/hang.o
                                        0xe10 (size before relaxing)
 .debug_str     0x000000000000977c      0x134 lib/string.o
                                        0x408 (size before relaxing)
 .debug_str     0x00000000000098b0       0xcd lib/time.o
                                       0x114e (size before relaxing)
 .debug_str     0x000000000000997d       0xcd lib/hexdump.o
                                        0xb78 (size before relaxing)
 .debug_str     0x0000000000009a4a      0x103 lib/uuid.o
                                        0xf9d (size before relaxing)
 .debug_str     0x0000000000009b4d       0x96 lib/panic.o
                                        0x3f2 (size before relaxing)
 .debug_str     0x0000000000009be3      0x1a6 lib/vsprintf.o
                                       0x240f (size before relaxing)
 .debug_str     0x0000000000009d89      0x3d3 disk/part.o
                                        0x917 (size before relaxing)
 .debug_str     0x000000000000a15c      0x16c disk/part_dos.o
                                        0xe56 (size before relaxing)
 .debug_str     0x000000000000a2c8      0x175 drivers/serial/serial.o
                                       0x1299 (size before relaxing)
 .debug_str     0x000000000000a43d      0x301 drivers/serial/serial_ns16550.o
                                       0x11c9 (size before relaxing)
 .debug_str     0x000000000000a73e       0xb6 drivers/serial/ns16550.o
                                       0x13a8 (size before relaxing)
 .debug_str     0x000000000000a7f4      0x189 drivers/block/blk_legacy.o
                                        0x7ea (size before relaxing)

.comment        0x0000000000000000       0x2d
 .comment       0x0000000000000000       0x2d arch/arm/cpu/armv8/cpu.o
                                         0x2e (size before relaxing)
 .comment       0x000000000000002d       0x2e arch/arm/cpu/armv8/generic_timer.o
 .comment       0x000000000000002d       0x2e arch/arm/cpu/armv8/cache_v8.o
 .comment       0x000000000000002d       0x2e arch/arm/lib/spl.o
 .comment       0x000000000000002d       0x2e arch/arm/lib/zimage.o
 .comment       0x000000000000002d       0x2e arch/arm/lib/bootm-fdt.o
 .comment       0x000000000000002d       0x2e arch/arm/lib/sections.o
 .comment       0x000000000000002d       0x2e arch/arm/lib/interrupts_64.o
 .comment       0x000000000000002d       0x2e arch/arm/lib/reset.o
 .comment       0x000000000000002d       0x2e arch/arm/lib/cache.o
 .comment       0x000000000000002d       0x2e board/cvitek/cv181x/board.o
 .comment       0x000000000000002d       0x2e common/spl/spl.o
 .comment       0x000000000000002d       0x2e common/spl/spl_fit.o
 .comment       0x000000000000002d       0x2e common/spl/spl_nor.o
 .comment       0x000000000000002d       0x2e common/init/board_init.o
 .comment       0x000000000000002d       0x2e common/common_fit.o
 .comment       0x000000000000002d       0x2e common/fdt_support.o
 .comment       0x000000000000002d       0x2e common/console.o
 .comment       0x000000000000002d       0x2e common/dlmalloc.o
 .comment       0x000000000000002d       0x2e common/malloc_simple.o
 .comment       0x000000000000002d       0x2e common/image.o
 .comment       0x000000000000002d       0x2e common/image-fdt.o
 .comment       0x000000000000002d       0x2e common/image-fit.o
 .comment       0x000000000000002d       0x2e common/stdio.o
 .comment       0x000000000000002d       0x2e common/command.o
 .comment       0x000000000000002d       0x2e lib/lzma/LzmaDec.o
 .comment       0x000000000000002d       0x2e lib/lzma/LzmaTools.o
 .comment       0x000000000000002d       0x2e lib/lz4_wrapper.o
 .comment       0x000000000000002d       0x2e lib/libfdt/fdt.o
 .comment       0x000000000000002d       0x2e lib/libfdt/fdt_ro.o
 .comment       0x000000000000002d       0x2e lib/libfdt/fdt_strerror.o
 .comment       0x000000000000002d       0x2e lib/libfdt/fdt_rw.o
 .comment       0x000000000000002d       0x2e lib/libfdt/fdt_addresses.o
 .comment       0x000000000000002d       0x2e lib/ctype.o
 .comment       0x000000000000002d       0x2e lib/hang.o
 .comment       0x000000000000002d       0x2e lib/string.o
 .comment       0x000000000000002d       0x2e lib/time.o
 .comment       0x000000000000002d       0x2e lib/hexdump.o
 .comment       0x000000000000002d       0x2e lib/uuid.o
 .comment       0x000000000000002d       0x2e lib/panic.o
 .comment       0x000000000000002d       0x2e lib/vsprintf.o
 .comment       0x000000000000002d       0x2e disk/part.o
 .comment       0x000000000000002d       0x2e disk/part_dos.o
 .comment       0x000000000000002d       0x2e drivers/serial/serial.o
 .comment       0x000000000000002d       0x2e drivers/serial/serial_ns16550.o
 .comment       0x000000000000002d       0x2e drivers/serial/ns16550.o
 .comment       0x000000000000002d       0x2e drivers/block/blk_legacy.o

.note.GNU-stack
                0x0000000000000000        0x0
 .note.GNU-stack
                0x0000000000000000        0x0 arch/arm/cpu/armv8/cpu.o
 .note.GNU-stack
                0x0000000000000000        0x0 arch/arm/cpu/armv8/generic_timer.o
 .note.GNU-stack
                0x0000000000000000        0x0 arch/arm/cpu/armv8/cache_v8.o
 .note.GNU-stack
                0x0000000000000000        0x0 arch/arm/lib/spl.o
 .note.GNU-stack
                0x0000000000000000        0x0 arch/arm/lib/zimage.o
 .note.GNU-stack
                0x0000000000000000        0x0 arch/arm/lib/bootm-fdt.o
 .note.GNU-stack
                0x0000000000000000        0x0 arch/arm/lib/sections.o
 .note.GNU-stack
                0x0000000000000000        0x0 arch/arm/lib/interrupts_64.o
 .note.GNU-stack
                0x0000000000000000        0x0 arch/arm/lib/reset.o
 .note.GNU-stack
                0x0000000000000000        0x0 arch/arm/lib/cache.o
 .note.GNU-stack
                0x0000000000000000        0x0 board/cvitek/cv181x/board.o
 .note.GNU-stack
                0x0000000000000000        0x0 common/spl/spl.o
 .note.GNU-stack
                0x0000000000000000        0x0 common/spl/spl_fit.o
 .note.GNU-stack
                0x0000000000000000        0x0 common/spl/spl_nor.o
 .note.GNU-stack
                0x0000000000000000        0x0 common/init/board_init.o
 .note.GNU-stack
                0x0000000000000000        0x0 common/common_fit.o
 .note.GNU-stack
                0x0000000000000000        0x0 common/fdt_support.o
 .note.GNU-stack
                0x0000000000000000        0x0 common/console.o
 .note.GNU-stack
                0x0000000000000000        0x0 common/dlmalloc.o
 .note.GNU-stack
                0x0000000000000000        0x0 common/malloc_simple.o
 .note.GNU-stack
                0x0000000000000000        0x0 common/image.o
 .note.GNU-stack
                0x0000000000000000        0x0 common/image-fdt.o
 .note.GNU-stack
                0x0000000000000000        0x0 common/image-fit.o
 .note.GNU-stack
                0x0000000000000000        0x0 common/stdio.o
 .note.GNU-stack
                0x0000000000000000        0x0 common/command.o
 .note.GNU-stack
                0x0000000000000000        0x0 lib/lzma/LzmaDec.o
 .note.GNU-stack
                0x0000000000000000        0x0 lib/lzma/LzmaTools.o
 .note.GNU-stack
                0x0000000000000000        0x0 lib/lz4_wrapper.o
 .note.GNU-stack
                0x0000000000000000        0x0 lib/libfdt/fdt.o
 .note.GNU-stack
                0x0000000000000000        0x0 lib/libfdt/fdt_ro.o
 .note.GNU-stack
                0x0000000000000000        0x0 lib/libfdt/fdt_strerror.o
 .note.GNU-stack
                0x0000000000000000        0x0 lib/libfdt/fdt_rw.o
 .note.GNU-stack
                0x0000000000000000        0x0 lib/libfdt/fdt_addresses.o
 .note.GNU-stack
                0x0000000000000000        0x0 lib/ctype.o
 .note.GNU-stack
                0x0000000000000000        0x0 lib/hang.o
 .note.GNU-stack
                0x0000000000000000        0x0 lib/string.o
 .note.GNU-stack
                0x0000000000000000        0x0 lib/time.o
 .note.GNU-stack
                0x0000000000000000        0x0 lib/hexdump.o
 .note.GNU-stack
                0x0000000000000000        0x0 lib/uuid.o
 .note.GNU-stack
                0x0000000000000000        0x0 lib/panic.o
 .note.GNU-stack
                0x0000000000000000        0x0 lib/vsprintf.o
 .note.GNU-stack
                0x0000000000000000        0x0 disk/part.o
 .note.GNU-stack
                0x0000000000000000        0x0 disk/part_dos.o
 .note.GNU-stack
                0x0000000000000000        0x0 drivers/serial/serial.o
 .note.GNU-stack
                0x0000000000000000        0x0 drivers/serial/serial_ns16550.o
 .note.GNU-stack
                0x0000000000000000        0x0 drivers/serial/ns16550.o
 .note.GNU-stack
                0x0000000000000000        0x0 drivers/block/blk_legacy.o

.debug_frame    0x0000000000000000     0x6098
 .debug_frame   0x0000000000000000       0x68 arch/arm/cpu/armv8/cpu.o
 .debug_frame   0x0000000000000068       0x98 arch/arm/cpu/armv8/generic_timer.o
 .debug_frame   0x0000000000000100      0x460 arch/arm/cpu/armv8/cache_v8.o
 .debug_frame   0x0000000000000560       0x68 arch/arm/lib/spl.o
 .debug_frame   0x00000000000005c8       0x28 arch/arm/lib/zimage.o
 .debug_frame   0x00000000000005f0       0x28 arch/arm/lib/bootm-fdt.o
 .debug_frame   0x0000000000000618      0x1d8 arch/arm/lib/interrupts_64.o
 .debug_frame   0x00000000000007f0       0x50 arch/arm/lib/reset.o
 .debug_frame   0x0000000000000840      0x140 arch/arm/lib/cache.o
 .debug_frame   0x0000000000000980      0x150 board/cvitek/cv181x/board.o
 .debug_frame   0x0000000000000ad0      0x338 common/spl/spl.o
 .debug_frame   0x0000000000000e08      0x1a8 common/spl/spl_fit.o
 .debug_frame   0x0000000000000fb0       0x90 common/spl/spl_nor.o
 .debug_frame   0x0000000000001040       0x88 common/init/board_init.o
 .debug_frame   0x00000000000010c8       0x90 common/common_fit.o
 .debug_frame   0x0000000000001158      0x8e0 common/fdt_support.o
 .debug_frame   0x0000000000001a38      0x418 common/console.o
 .debug_frame   0x0000000000001e50      0x270 common/dlmalloc.o
 .debug_frame   0x00000000000020c0       0x80 common/malloc_simple.o
 .debug_frame   0x0000000000002140      0x700 common/image.o
 .debug_frame   0x0000000000002840      0x1b8 common/image-fdt.o
 .debug_frame   0x00000000000029f8      0x8a0 common/image-fit.o
 .debug_frame   0x0000000000003298      0x218 common/stdio.o
 .debug_frame   0x00000000000034b0      0x2c0 common/command.o
 .debug_frame   0x0000000000003770      0x2c0 lib/lzma/LzmaDec.o
 .debug_frame   0x0000000000003a30       0x78 lib/lzma/LzmaTools.o
 .debug_frame   0x0000000000003aa8       0x78 lib/lz4_wrapper.o
 .debug_frame   0x0000000000003b20      0x210 lib/libfdt/fdt.o
 .debug_frame   0x0000000000003d30      0x7e0 lib/libfdt/fdt_ro.o
 .debug_frame   0x0000000000004510       0x28 lib/libfdt/fdt_strerror.o
 .debug_frame   0x0000000000004538      0x3d8 lib/libfdt/fdt_rw.o
 .debug_frame   0x0000000000004910       0xe0 lib/libfdt/fdt_addresses.o
 .debug_frame   0x00000000000049f0       0x38 lib/hang.o
 .debug_frame   0x0000000000004a28      0x3b0 lib/string.o
 .debug_frame   0x0000000000004dd8      0x1c0 lib/time.o
 .debug_frame   0x0000000000004f98       0x40 lib/hexdump.o
 .debug_frame   0x0000000000004fd8       0xb0 lib/uuid.o
 .debug_frame   0x0000000000005088       0xb0 lib/panic.o
 .debug_frame   0x0000000000005138      0x3b0 lib/vsprintf.o
 .debug_frame   0x00000000000054e8      0x310 disk/part.o
 .debug_frame   0x00000000000057f8       0xe8 disk/part_dos.o
 .debug_frame   0x00000000000058e0      0x300 drivers/serial/serial.o
 .debug_frame   0x0000000000005be0      0x148 drivers/serial/serial_ns16550.o
 .debug_frame   0x0000000000005d28       0xa0 drivers/serial/ns16550.o
 .debug_frame   0x0000000000005dc8      0x2d0 drivers/block/blk_legacy.o
