
Allocating common symbols
Common symbol       size              file

header_2nd          0x80              /media/cvitek/yijun.liu01/car/mars/litiantai/pnd-ltt/MediaSDK/out/build_fsbl/bl2/bl2_2nd_parse.o
tar_freq            0x4               /media/cvitek/yijun.liu01/car/mars/litiantai/pnd-ltt/MediaSDK/out/build_fsbl/bl2/phy_pll_init.o
freq_in             0x4               /media/cvitek/yijun.liu01/car/mars/litiantai/pnd-ltt/MediaSDK/out/build_fsbl/bl2/phy_pll_init.o
reg_step            0x8               /media/cvitek/yijun.liu01/car/mars/litiantai/pnd-ltt/MediaSDK/out/build_fsbl/bl2/phy_pll_init.o
pkg                 0x1               /media/cvitek/yijun.liu01/car/mars/litiantai/pnd-ltt/MediaSDK/out/build_fsbl/bl2/ddr_pkg_info.o
mod_freq            0x4               /media/cvitek/yijun.liu01/car/mars/litiantai/pnd-ltt/MediaSDK/out/build_fsbl/bl2/phy_pll_init.o
rddata              0x4               /media/cvitek/yijun.liu01/car/mars/litiantai/pnd-ltt/MediaSDK/out/build_fsbl/bl2/ddr_sys.o
ddr_vendor          0x1               /media/cvitek/yijun.liu01/car/mars/litiantai/pnd-ltt/MediaSDK/out/build_fsbl/bl2/ddr_pkg_info.o
dev_freq            0x4               /media/cvitek/yijun.liu01/car/mars/litiantai/pnd-ltt/MediaSDK/out/build_fsbl/bl2/phy_pll_init.o
fip_param2          0x1000            /media/cvitek/yijun.liu01/car/mars/litiantai/pnd-ltt/MediaSDK/out/build_fsbl/bl2/bl2_opt.o
reg_span            0x8               /media/cvitek/yijun.liu01/car/mars/litiantai/pnd-ltt/MediaSDK/out/build_fsbl/bl2/phy_pll_init.o
macros_misc         0x50              /media/cvitek/yijun.liu01/car/mars/litiantai/pnd-ltt/MediaSDK/out/build_fsbl/bl2/bl2_main.o
sram_union_buf      0x4000            /media/cvitek/yijun.liu01/car/mars/litiantai/pnd-ltt/MediaSDK/out/build_fsbl/bl2/bl2_opt.o
reg_set             0x8               /media/cvitek/yijun.liu01/car/mars/litiantai/pnd-ltt/MediaSDK/out/build_fsbl/bl2/phy_pll_init.o
ddr_type            0x1               /media/cvitek/yijun.liu01/car/mars/litiantai/pnd-ltt/MediaSDK/out/build_fsbl/bl2/ddr_pkg_info.o
ddr_capacity        0x1               /media/cvitek/yijun.liu01/car/mars/litiantai/pnd-ltt/MediaSDK/out/build_fsbl/bl2/ddr_pkg_info.o

Discarded input sections

 .group         0x0000000000000000        0x8 /media/cvitek/yijun.liu01/car/mars/litiantai/pnd-ltt/MediaSDK/out/build_fsbl/bl2/build_message.o
 .text          0x0000000000000000        0x0 /media/cvitek/yijun.liu01/car/mars/litiantai/pnd-ltt/MediaSDK/out/build_fsbl/bl2/build_message.o
 .data          0x0000000000000000        0x0 /media/cvitek/yijun.liu01/car/mars/litiantai/pnd-ltt/MediaSDK/out/build_fsbl/bl2/build_message.o
 .bss           0x0000000000000000        0x0 /media/cvitek/yijun.liu01/car/mars/litiantai/pnd-ltt/MediaSDK/out/build_fsbl/bl2/build_message.o
 .group         0x0000000000000000        0x8 /media/cvitek/yijun.liu01/car/mars/litiantai/pnd-ltt/MediaSDK/out/build_fsbl/bl2/cpu_helper.o
 .group         0x0000000000000000        0x8 /media/cvitek/yijun.liu01/car/mars/litiantai/pnd-ltt/MediaSDK/out/build_fsbl/bl2/cpu_helper.o
 .group         0x0000000000000000        0x8 /media/cvitek/yijun.liu01/car/mars/litiantai/pnd-ltt/MediaSDK/out/build_fsbl/bl2/cpu_helper.o
 .group         0x0000000000000000        0x8 /media/cvitek/yijun.liu01/car/mars/litiantai/pnd-ltt/MediaSDK/out/build_fsbl/bl2/cpu_helper.o
 .group         0x0000000000000000        0x8 /media/cvitek/yijun.liu01/car/mars/litiantai/pnd-ltt/MediaSDK/out/build_fsbl/bl2/cpu_helper.o
 .group         0x0000000000000000        0x8 /media/cvitek/yijun.liu01/car/mars/litiantai/pnd-ltt/MediaSDK/out/build_fsbl/bl2/cpu_helper.o
 .group         0x0000000000000000        0x8 /media/cvitek/yijun.liu01/car/mars/litiantai/pnd-ltt/MediaSDK/out/build_fsbl/bl2/cpu_helper.o
 .group         0x0000000000000000        0x8 /media/cvitek/yijun.liu01/car/mars/litiantai/pnd-ltt/MediaSDK/out/build_fsbl/bl2/cpu_helper.o
 .group         0x0000000000000000        0x8 /media/cvitek/yijun.liu01/car/mars/litiantai/pnd-ltt/MediaSDK/out/build_fsbl/bl2/cpu_helper.o
 .group         0x0000000000000000        0x8 /media/cvitek/yijun.liu01/car/mars/litiantai/pnd-ltt/MediaSDK/out/build_fsbl/bl2/cpu_helper.o
 .group         0x0000000000000000        0x8 /media/cvitek/yijun.liu01/car/mars/litiantai/pnd-ltt/MediaSDK/out/build_fsbl/bl2/cpu_helper.o
 .group         0x0000000000000000        0x8 /media/cvitek/yijun.liu01/car/mars/litiantai/pnd-ltt/MediaSDK/out/build_fsbl/bl2/cpu_helper.o
 .group         0x0000000000000000        0x8 /media/cvitek/yijun.liu01/car/mars/litiantai/pnd-ltt/MediaSDK/out/build_fsbl/bl2/cpu_helper.o
 .group         0x0000000000000000        0x8 /media/cvitek/yijun.liu01/car/mars/litiantai/pnd-ltt/MediaSDK/out/build_fsbl/bl2/cpu_helper.o
 .group         0x0000000000000000        0x8 /media/cvitek/yijun.liu01/car/mars/litiantai/pnd-ltt/MediaSDK/out/build_fsbl/bl2/cpu_helper.o
[...]
Memory Configuration

Name             Origin             Length             Attributes
RAM              0x0000000040100000 0x0000000000037000 xrw
SRAM             0x000000000c030000 0x0000000000010000 xrw
*default*        0x0000000000000000 0xffffffffffffffff

Linker script and memory map

                0x0000000040100000                . = 0x40100000
                0x0000000000000001                ASSERT ((. == ALIGN (0x1000)), BL2_BASE address is not aligned on a page boundary.)

ro              0x0000000040100000     0xecc5
                0x0000000040100000                __RO_START__ = .
 *bl2_entrypoint.o(.text*)
 .text.bl2_entrypoint
                0x0000000040100000       0xa0 /media/cvitek/yijun.liu01/car/mars/litiantai/pnd-ltt/MediaSDK/out/build_fsbl/bl2/bl2_entrypoint.o
                0x0000000040100000                bl2_entrypoint
                0x0000000040100020                bl2_entrypoint_real
                0x0000000040100064                call_with_eret_to_next
                0x000000004010006c                call_with_eret
 .text.disable_mmu_el3
                0x00000000401000a0       0x1c /media/cvitek/yijun.liu01/car/mars/litiantai/pnd-ltt/MediaSDK/out/build_fsbl/bl2/bl2_entrypoint.o
                0x00000000401000a0                disable_mmu_el3
 .text.disable_mmu_icache_el3
                0x00000000401000bc        0x8 /media/cvitek/yijun.liu01/car/mars/litiantai/pnd-ltt/MediaSDK/out/build_fsbl/bl2/bl2_entrypoint.o
                0x00000000401000bc                disable_mmu_icache_el3
 .text.jump_bl31
                0x00000000401000c4       0x1c /media/cvitek/yijun.liu01/car/mars/litiantai/pnd-ltt/MediaSDK/out/build_fsbl/bl2/bl2_entrypoint.o
                0x00000000401000c4                jump_bl31
 *(.vectors)
 *fill*         0x00000000401000e0      0x720 
 .vectors       0x0000000040100800      0x798 /media/cvitek/yijun.liu01/car/mars/litiantai/pnd-ltt/MediaSDK/out/build_fsbl/bl2/bl2_exceptions.o
                0x0000000040100800                bl2_exceptions
 *(.text*)
 .text.sync_cache
                0x0000000040100f98        0xc /media/cvitek/yijun.liu01/car/mars/litiantai/pnd-ltt/MediaSDK/out/build_fsbl/bl2/cpu_helper.o
                0x0000000040100f98                sync_cache
 .text.cpu_report_exception
                0x0000000040100fa4        0x4 /media/cvitek/yijun.liu01/car/mars/litiantai/pnd-ltt/MediaSDK/out/build_fsbl/bl2/cpu_helper.o
                0x0000000040100fa4                cpu_report_exception
 .text.udelay   0x0000000040100fa8       0x34 /media/cvitek/yijun.liu01/car/mars/litiantai/pnd-ltt/MediaSDK/out/build_fsbl/bl2/delay_timer.o
                0x0000000040100fa8                udelay
 .text.mdelay   0x0000000040100fdc        0xc /media/cvitek/yijun.liu01/car/mars/litiantai/pnd-ltt/MediaSDK/out/build_fsbl/bl2/delay_timer.o
                0x0000000040100fdc                mdelay
 .text.get_timer
                0x0000000040100fe8       0x28 /media/cvitek/yijun.liu01/car/mars/litiantai/pnd-ltt/MediaSDK/out/build_fsbl/bl2/delay_timer.o
                0x0000000040100fe8                get_timer
 .text.read_count_tick
                0x0000000040101010       0x10 /media/cvitek/yijun.liu01/car/mars/litiantai/pnd-ltt/MediaSDK/out/build_fsbl/bl2/delay_timer.o
                0x0000000040101010                read_count_tick
 .text.switch_el3_to_el2_ns
                0x0000000040101020       0xe4 /media/cvitek/yijun.liu01/car/mars/litiantai/pnd-ltt/MediaSDK/out/build_fsbl/bl2/bl2_helper.o
                0x0000000040101020                switch_el3_to_el2_ns
 .text.jump_to_monitor
                0x0000000040101104       0xd8 /media/cvitek/yijun.liu01/car/mars/litiantai/pnd-ltt/MediaSDK/out/build_fsbl/bl2/bl2_helper.o
                0x0000000040101104                jump_to_monitor
 .text.jump_to_loader_2nd
                0x00000000401011dc        0x4 /media/cvitek/yijun.liu01/car/mars/litiantai/pnd-ltt/MediaSDK/out/build_fsbl/bl2/bl2_helper.o
                0x00000000401011dc                jump_to_loader_2nd
 .text.bl2_smc_handler
                0x00000000401011e0       0x24 /media/cvitek/yijun.liu01/car/mars/litiantai/pnd-ltt/MediaSDK/out/build_fsbl/bl2/bl2_helper.o
                0x00000000401011e0                bl2_smc_handler
 .text.unsigned_num_print
                0x0000000040101204       0xa4 /media/cvitek/yijun.liu01/car/mars/litiantai/pnd-ltt/MediaSDK/out/build_fsbl/bl2/tf_printf.o
 .text.tf_printf
                0x00000000401012a8      0x3b4 /media/cvitek/yijun.liu01/car/mars/litiantai/pnd-ltt/MediaSDK/out/build_fsbl/bl2/tf_printf.o
                0x00000000401012a8                tf_printf
 .text.__system_reset
                0x000000004010165c      0x118 /media/cvitek/yijun.liu01/car/mars/litiantai/pnd-ltt/MediaSDK/out/build_fsbl/bl2/platform.o
                0x000000004010165c                __system_reset
 .text.panic_handler
                0x0000000040101774       0x40 /media/cvitek/yijun.liu01/car/mars/litiantai/pnd-ltt/MediaSDK/out/build_fsbl/bl2/platform.o
                0x0000000040101774                panic_handler
 .text.reset_c906l
                0x00000000401017b4       0x70 /media/cvitek/yijun.liu01/car/mars/litiantai/pnd-ltt/MediaSDK/out/build_fsbl/bl2/platform.o
                0x00000000401017b4                reset_c906l
 .text.setup_dl_flag
                0x0000000040101824       0x5c /media/cvitek/yijun.liu01/car/mars/litiantai/pnd-ltt/MediaSDK/out/build_fsbl/bl2/platform.o
                0x0000000040101824                setup_dl_flag
 .text.config_core_power
                0x0000000040101880       0x40 /media/cvitek/yijun.liu01/car/mars/litiantai/pnd-ltt/MediaSDK/out/build_fsbl/bl2/platform.o
                0x0000000040101880                config_core_power
 .text.sys_switch_all_to_pll
                0x00000000401018c0       0x14 /media/cvitek/yijun.liu01/car/mars/litiantai/pnd-ltt/MediaSDK/out/build_fsbl/bl2/platform.o
                0x00000000401018c0                sys_switch_all_to_pll
 .text.sys_pll_od
                0x00000000401018d4      0x290 /media/cvitek/yijun.liu01/car/mars/litiantai/pnd-ltt/MediaSDK/out/build_fsbl/bl2/platform.o
                0x00000000401018d4                sys_pll_od
 .text.sys_pll_nd
                0x0000000040101b64      0x2dc /media/cvitek/yijun.liu01/car/mars/litiantai/pnd-ltt/MediaSDK/out/build_fsbl/bl2/platform.o
                0x0000000040101b64                sys_pll_nd
 .text.sys_pll_init
                0x0000000040101e40       0x2c /media/cvitek/yijun.liu01/car/mars/litiantai/pnd-ltt/MediaSDK/out/build_fsbl/bl2/platform.o
                0x0000000040101e40                sys_pll_init
 .text.switch_rtc_mode_1st_stage
                0x0000000040101e6c       0xe8 /media/cvitek/yijun.liu01/car/mars/litiantai/pnd-ltt/MediaSDK/out/build_fsbl/bl2/platform.o
                0x0000000040101e6c                switch_rtc_mode_1st_stage
 .text.switch_rtc_mode_2nd_stage
                0x0000000040101f54       0x80 /media/cvitek/yijun.liu01/car/mars/litiantai/pnd-ltt/MediaSDK/out/build_fsbl/bl2/platform.o
                0x0000000040101f54                switch_rtc_mode_2nd_stage
 .text.set_rtc_en_registers
                0x0000000040101fd4       0xec /media/cvitek/yijun.liu01/car/mars/litiantai/pnd-ltt/MediaSDK/out/build_fsbl/bl2/platform.o
                0x0000000040101fd4                set_rtc_en_registers
 .text.memcmp   0x00000000401020c0       0x34 /media/cvitek/yijun.liu01/car/mars/litiantai/pnd-ltt/MediaSDK/out/build_fsbl/bl2/mem.o
                0x00000000401020c0                memcmp
 .text.memset   0x00000000401020f4       0x7c /media/cvitek/yijun.liu01/car/mars/litiantai/pnd-ltt/MediaSDK/out/build_fsbl/bl2/mem.o
                0x00000000401020f4                memset
 .text.memcpy   0x0000000040102170       0x94 /media/cvitek/yijun.liu01/car/mars/litiantai/pnd-ltt/MediaSDK/out/build_fsbl/bl2/mem.o
                0x0000000040102170                memcpy
 .text.memmove  0x0000000040102204       0x48 /media/cvitek/yijun.liu01/car/mars/litiantai/pnd-ltt/MediaSDK/out/build_fsbl/bl2/mem.o
                0x0000000040102204                memmove
 .text.putchar_l
                0x000000004010224c       0x78 /media/cvitek/yijun.liu01/car/mars/litiantai/pnd-ltt/MediaSDK/out/build_fsbl/bl2/putchar.o
                0x000000004010224c                putchar_l
 .text.read_time_ms
                0x00000000401022c4       0x20 /media/cvitek/yijun.liu01/car/mars/litiantai/pnd-ltt/MediaSDK/out/build_fsbl/bl2/bl2_opt.o
 .text.init_comm_info
                0x00000000401022e4        0x4 /media/cvitek/yijun.liu01/car/mars/litiantai/pnd-ltt/MediaSDK/out/build_fsbl/bl2/bl2_opt.o
                0x00000000401022e4                init_comm_info
 .text.load_data_from_storage
                0x00000000401022e8      0x12c /media/cvitek/yijun.liu01/car/mars/litiantai/pnd-ltt/MediaSDK/out/build_fsbl/bl2/bl2_opt.o
                0x00000000401022e8                load_data_from_storage
 .text.bl2_decompress
                0x0000000040102414       0x1c /media/cvitek/yijun.liu01/car/mars/litiantai/pnd-ltt/MediaSDK/out/build_fsbl/bl2/bl2_opt.o
                0x0000000040102414                bl2_decompress
 .text.load_param2
                0x0000000040102430      0x104 /media/cvitek/yijun.liu01/car/mars/litiantai/pnd-ltt/MediaSDK/out/build_fsbl/bl2/bl2_opt.o
                0x0000000040102430                load_param2
 .text.load_ddr
                0x0000000040102534       0xbc /media/cvitek/yijun.liu01/car/mars/litiantai/pnd-ltt/MediaSDK/out/build_fsbl/bl2/bl2_opt.o
                0x0000000040102534                load_ddr
 .text.load_blcp_2nd
                0x00000000401025f0      0x280 /media/cvitek/yijun.liu01/car/mars/litiantai/pnd-ltt/MediaSDK/out/build_fsbl/bl2/bl2_opt.o
                0x00000000401025f0                load_blcp_2nd
 .text.load_user_param_and_logo
                0x0000000040102870      0x118 /media/cvitek/yijun.liu01/car/mars/litiantai/pnd-ltt/MediaSDK/out/build_fsbl/bl2/bl2_opt.o
                0x0000000040102870                load_user_param_and_logo
 .text.load_monitor
                0x0000000040102988      0x184 /media/cvitek/yijun.liu01/car/mars/litiantai/pnd-ltt/MediaSDK/out/build_fsbl/bl2/bl2_opt.o
                0x0000000040102988                load_monitor
 .text.load_bl32
                0x0000000040102b0c      0x160 /media/cvitek/yijun.liu01/car/mars/litiantai/pnd-ltt/MediaSDK/out/build_fsbl/bl2/bl2_opt.o
                0x0000000040102b0c                load_bl32
 .text.load_loader_2nd
                0x0000000040102c6c      0x2b0 /media/cvitek/yijun.liu01/car/mars/litiantai/pnd-ltt/MediaSDK/out/build_fsbl/bl2/bl2_opt.o
                0x0000000040102c6c                load_loader_2nd
 .text.load_rest
                0x0000000040102f1c      0x1b8 /media/cvitek/yijun.liu01/car/mars/litiantai/pnd-ltt/MediaSDK/out/build_fsbl/bl2/bl2_opt.o
                0x0000000040102f1c                load_rest
 .text.spi_non_data_tran
                0x00000000401030d4       0x4c /media/cvitek/yijun.liu01/car/mars/litiantai/pnd-ltt/MediaSDK/out/build_fsbl/bl2/cvi_spinor.o
 .text.cv_spinor_init
                0x0000000040103120      0x218 /media/cvitek/yijun.liu01/car/mars/litiantai/pnd-ltt/MediaSDK/out/build_fsbl/bl2/cvi_spinor.o
                0x0000000040103120                cv_spinor_init
 .text.spi_nand_get_feature
                0x0000000040103338       0xec /media/cvitek/yijun.liu01/car/mars/litiantai/pnd-ltt/MediaSDK/out/build_fsbl/bl2/cvi_spinand.o
 .text.spi_nand_set_feature
                0x0000000040103424       0xc0 /media/cvitek/yijun.liu01/car/mars/litiantai/pnd-ltt/MediaSDK/out/build_fsbl/bl2/cvi_spinand.o
 .text.spi_nand_rw_dma_setup
                0x00000000401034e4      0x104 /media/cvitek/yijun.liu01/car/mars/litiantai/pnd-ltt/MediaSDK/out/build_fsbl/bl2/cvi_spinand.o
                0x00000000401034e4                spi_nand_rw_dma_setup
 .text.spi_nand_parsing_ecc_info
                0x00000000401035e8       0x9c /media/cvitek/yijun.liu01/car/mars/litiantai/pnd-ltt/MediaSDK/out/build_fsbl/bl2/cvi_spinand.o
                0x00000000401035e8                spi_nand_parsing_ecc_info
 .text.cv_spi_nand_read_page_by_row_addr
                0x0000000040103684      0x274 /media/cvitek/yijun.liu01/car/mars/litiantai/pnd-ltt/MediaSDK/out/build_fsbl/bl2/cvi_spinand.o
                0x0000000040103684                cv_spi_nand_read_page_by_row_addr
 .text.get_nand_info
                0x00000000401038f8      0x194 /media/cvitek/yijun.liu01/car/mars/litiantai/pnd-ltt/MediaSDK/out/build_fsbl/bl2/cvi_spinand.o
                0x00000000401038f8                get_nand_info
 .text.cv_spi_nand_read_data
                0x0000000040103a8c       0xbc /media/cvitek/yijun.liu01/car/mars/litiantai/pnd-ltt/MediaSDK/out/build_fsbl/bl2/cvi_spinand.o
                0x0000000040103a8c                cv_spi_nand_read_data
 .text.emmc_device_state
                0x0000000040103b48       0xc0 /media/cvitek/yijun.liu01/car/mars/litiantai/pnd-ltt/MediaSDK/out/build_fsbl/bl2/emmc.o
 .text.emmc_set_ext_csd
                0x0000000040103c08       0x88 /media/cvitek/yijun.liu01/car/mars/litiantai/pnd-ltt/MediaSDK/out/build_fsbl/bl2/emmc.o
 .text.emmc_rw_enable
                0x0000000040103c90       0x68 /media/cvitek/yijun.liu01/car/mars/litiantai/pnd-ltt/MediaSDK/out/build_fsbl/bl2/emmc.o
 .text.emmc_read_blocks
                0x0000000040103cf8      0x1ac /media/cvitek/yijun.liu01/car/mars/litiantai/pnd-ltt/MediaSDK/out/build_fsbl/bl2/emmc.o
                0x0000000040103cf8                emmc_read_blocks
 .text.emmc_partition_read_blocks
                0x0000000040103ea4       0x6c /media/cvitek/yijun.liu01/car/mars/litiantai/pnd-ltt/MediaSDK/out/build_fsbl/bl2/emmc.o
                0x0000000040103ea4                emmc_partition_read_blocks
 .text.emmc_init
                0x0000000040103f10      0x304 /media/cvitek/yijun.liu01/car/mars/litiantai/pnd-ltt/MediaSDK/out/build_fsbl/bl2/emmc.o
                0x0000000040103f10                emmc_init
 .text.bm_emmc_prepare
                0x0000000040104214       0xc4 /media/cvitek/yijun.liu01/car/mars/litiantai/pnd-ltt/MediaSDK/out/build_fsbl/bl2/cv_emmc.o
 .text.bm_emmc_write
                0x00000000401042d8        0x8 /media/cvitek/yijun.liu01/car/mars/litiantai/pnd-ltt/MediaSDK/out/build_fsbl/bl2/cv_emmc.o
 .text.bm_emmc_dev_reset
                0x00000000401042e0       0x90 /media/cvitek/yijun.liu01/car/mars/litiantai/pnd-ltt/MediaSDK/out/build_fsbl/bl2/cv_emmc.o
 .text.bm_emmc_send_cmd
                0x0000000040104370      0x31c /media/cvitek/yijun.liu01/car/mars/litiantai/pnd-ltt/MediaSDK/out/build_fsbl/bl2/cv_emmc.o
 .text.bm_emmc_read
                0x000000004010468c        0x8 /media/cvitek/yijun.liu01/car/mars/litiantai/pnd-ltt/MediaSDK/out/build_fsbl/bl2/cv_emmc.o
 .text.bm_emmc_set_clk
                0x0000000040104694      0x14c /media/cvitek/yijun.liu01/car/mars/litiantai/pnd-ltt/MediaSDK/out/build_fsbl/bl2/cv_emmc.o
                0x0000000040104694                bm_emmc_set_clk
 .text.bm_emmc_set_ios
                0x00000000401047e0      0x154 /media/cvitek/yijun.liu01/car/mars/litiantai/pnd-ltt/MediaSDK/out/build_fsbl/bl2/cv_emmc.o
 .text.bm_emmc_hw_init
                0x0000000040104934      0x13c /media/cvitek/yijun.liu01/car/mars/litiantai/pnd-ltt/MediaSDK/out/build_fsbl/bl2/cv_emmc.o
 .text.bm_emmc_phy_init
                0x0000000040104a70      0x144 /media/cvitek/yijun.liu01/car/mars/litiantai/pnd-ltt/MediaSDK/out/build_fsbl/bl2/cv_emmc.o
                0x0000000040104a70                bm_emmc_phy_init
 .text.bm_emmc_init
                0x0000000040104bb4       0x6c /media/cvitek/yijun.liu01/car/mars/litiantai/pnd-ltt/MediaSDK/out/build_fsbl/bl2/cv_emmc.o
                0x0000000040104bb4                bm_emmc_init
 .text.LzmaDec_WriteRem
                0x0000000040104c20       0x88 /media/cvitek/yijun.liu01/car/mars/litiantai/pnd-ltt/MediaSDK/out/build_fsbl/bl2/LzmaDec.o
 .text.LzmaDec_DecodeReal2
                0x0000000040104ca8     0x1310 /media/cvitek/yijun.liu01/car/mars/litiantai/pnd-ltt/MediaSDK/out/build_fsbl/bl2/LzmaDec.o
 .text.LzmaDec_TryDummy
                0x0000000040105fb8      0x614 /media/cvitek/yijun.liu01/car/mars/litiantai/pnd-ltt/MediaSDK/out/build_fsbl/bl2/LzmaDec.o
 .text.LzmaDec_Init
                0x00000000401065cc       0x18 /media/cvitek/yijun.liu01/car/mars/litiantai/pnd-ltt/MediaSDK/out/build_fsbl/bl2/LzmaDec.o
                0x00000000401065cc                LzmaDec_Init
 .text.LzmaDec_DecodeToDic
                0x00000000401065e4      0x348 /media/cvitek/yijun.liu01/car/mars/litiantai/pnd-ltt/MediaSDK/out/build_fsbl/bl2/LzmaDec.o
                0x00000000401065e4                LzmaDec_DecodeToDic
 .text.LzmaDec_FreeProbs
                0x000000004010692c       0x30 /media/cvitek/yijun.liu01/car/mars/litiantai/pnd-ltt/MediaSDK/out/build_fsbl/bl2/LzmaDec.o
                0x000000004010692c                LzmaDec_FreeProbs
 .text.LzmaDec_AllocateProbs2.isra.1
                0x000000004010695c       0x88 /media/cvitek/yijun.liu01/car/mars/litiantai/pnd-ltt/MediaSDK/out/build_fsbl/bl2/LzmaDec.o
 .text.LzmaProps_Decode
                0x00000000401069e4       0x88 /media/cvitek/yijun.liu01/car/mars/litiantai/pnd-ltt/MediaSDK/out/build_fsbl/bl2/LzmaDec.o
                0x00000000401069e4                LzmaProps_Decode
 .text.LzmaDec_AllocateProbs
                0x0000000040106a6c       0x4c /media/cvitek/yijun.liu01/car/mars/litiantai/pnd-ltt/MediaSDK/out/build_fsbl/bl2/LzmaDec.o
                0x0000000040106a6c                LzmaDec_AllocateProbs
 .text.LzmaDecode
                0x0000000040106ab8       0xf4 /media/cvitek/yijun.liu01/car/mars/litiantai/pnd-ltt/MediaSDK/out/build_fsbl/bl2/LzmaDec.o
                0x0000000040106ab8                LzmaDecode
 .text.LZ4F_readLE32
                0x0000000040106bac       0x24 /media/cvitek/yijun.liu01/car/mars/litiantai/pnd-ltt/MediaSDK/out/build_fsbl/bl2/lz4_all.o
 .text.LZ4_decompress_safe_withSmallPrefix
                0x0000000040106bd0      0x734 /media/cvitek/yijun.liu01/car/mars/litiantai/pnd-ltt/MediaSDK/out/build_fsbl/bl2/lz4_all.o
 .text.LZ4F_updateDict
                0x0000000040107304      0x17c /media/cvitek/yijun.liu01/car/mars/litiantai/pnd-ltt/MediaSDK/out/build_fsbl/bl2/lz4_all.o
 .text.LZ4_decompress_safe
                0x0000000040107480      0x73c /media/cvitek/yijun.liu01/car/mars/litiantai/pnd-ltt/MediaSDK/out/build_fsbl/bl2/lz4_all.o
                0x0000000040107480                LZ4_decompress_safe
 .text.LZ4_decompress_safe_withPrefix64k
                0x0000000040107bbc      0x768 /media/cvitek/yijun.liu01/car/mars/litiantai/pnd-ltt/MediaSDK/out/build_fsbl/bl2/lz4_all.o
                0x0000000040107bbc                LZ4_decompress_safe_withPrefix64k
 .text.LZ4_decompress_safe_forceExtDict
                0x0000000040108324      0x8e8 /media/cvitek/yijun.liu01/car/mars/litiantai/pnd-ltt/MediaSDK/out/build_fsbl/bl2/lz4_all.o
                0x0000000040108324                LZ4_decompress_safe_forceExtDict
 .text.LZ4_decompress_safe_usingDict
                0x0000000040108c0c       0x38 /media/cvitek/yijun.liu01/car/mars/litiantai/pnd-ltt/MediaSDK/out/build_fsbl/bl2/lz4_all.o
                0x0000000040108c0c                LZ4_decompress_safe_usingDict
 .text.LZ4F_isError
                0x0000000040108c44        0xc /media/cvitek/yijun.liu01/car/mars/litiantai/pnd-ltt/MediaSDK/out/build_fsbl/bl2/lz4_all.o
                0x0000000040108c44                LZ4F_isError
 .text.LZ4F_getBlockSize
                0x0000000040108c50       0x30 /media/cvitek/yijun.liu01/car/mars/litiantai/pnd-ltt/MediaSDK/out/build_fsbl/bl2/lz4_all.o
                0x0000000040108c50                LZ4F_getBlockSize
 .text.LZ4F_decodeHeader
                0x0000000040108c80      0x228 /media/cvitek/yijun.liu01/car/mars/litiantai/pnd-ltt/MediaSDK/out/build_fsbl/bl2/lz4_all.o
 .text.LZ4F_createDecompressionContext
                0x0000000040108ea8       0x48 /media/cvitek/yijun.liu01/car/mars/litiantai/pnd-ltt/MediaSDK/out/build_fsbl/bl2/lz4_all.o
                0x0000000040108ea8                LZ4F_createDecompressionContext
 .text.LZ4F_decompress
                0x0000000040108ef0      0x9e0 /media/cvitek/yijun.liu01/car/mars/litiantai/pnd-ltt/MediaSDK/out/build_fsbl/bl2/lz4_all.o
                0x0000000040108ef0                LZ4F_decompress
 .text.XXH32_avalanche
                0x00000000401098d0       0x28 /media/cvitek/yijun.liu01/car/mars/litiantai/pnd-ltt/MediaSDK/out/build_fsbl/bl2/xxhash.o
 .text.XXH_read32
                0x00000000401098f8       0x24 /media/cvitek/yijun.liu01/car/mars/litiantai/pnd-ltt/MediaSDK/out/build_fsbl/bl2/xxhash.o
 .text.XXH32_finalize.constprop.1
                0x000000004010991c      0x3bc /media/cvitek/yijun.liu01/car/mars/litiantai/pnd-ltt/MediaSDK/out/build_fsbl/bl2/xxhash.o
 .text.XXH32    0x0000000040109cd8      0x1ec /media/cvitek/yijun.liu01/car/mars/litiantai/pnd-ltt/MediaSDK/out/build_fsbl/bl2/xxhash.o
                0x0000000040109cd8                XXH32
 .text.XXH32_reset
                0x0000000040109ec4       0x78 /media/cvitek/yijun.liu01/car/mars/litiantai/pnd-ltt/MediaSDK/out/build_fsbl/bl2/xxhash.o
                0x0000000040109ec4                XXH32_reset
 .text.XXH32_update
                0x0000000040109f3c      0x21c /media/cvitek/yijun.liu01/car/mars/litiantai/pnd-ltt/MediaSDK/out/build_fsbl/bl2/xxhash.o
                0x0000000040109f3c                XXH32_update
 .text.XXH32_digest
                0x000000004010a158       0x54 /media/cvitek/yijun.liu01/car/mars/litiantai/pnd-ltt/MediaSDK/out/build_fsbl/bl2/xxhash.o
                0x000000004010a158                XXH32_digest
 .text.crc16_ccitt
                0x000000004010a1ac       0x38 /media/cvitek/yijun.liu01/car/mars/litiantai/pnd-ltt/MediaSDK/out/build_fsbl/bl2/crc16.o
                0x000000004010a1ac                crc16_ccitt
 .text.SzFree   0x000000004010a1e4        0x4 /media/cvitek/yijun.liu01/car/mars/litiantai/pnd-ltt/MediaSDK/out/build_fsbl/bl2/decompress.o
 .text.SzAlloc  0x000000004010a1e8       0x54 /media/cvitek/yijun.liu01/car/mars/litiantai/pnd-ltt/MediaSDK/out/build_fsbl/bl2/decompress.o
 .text.decompress_lzma
                0x000000004010a23c      0x144 /media/cvitek/yijun.liu01/car/mars/litiantai/pnd-ltt/MediaSDK/out/build_fsbl/bl2/decompress.o
                0x000000004010a23c                decompress_lzma
 .text.LZ4_malloc
                0x000000004010a380        0xc /media/cvitek/yijun.liu01/car/mars/litiantai/pnd-ltt/MediaSDK/out/build_fsbl/bl2/decompress.o
                0x000000004010a380                LZ4_malloc
 .text.LZ4_calloc
                0x000000004010a38c       0x3c /media/cvitek/yijun.liu01/car/mars/litiantai/pnd-ltt/MediaSDK/out/build_fsbl/bl2/decompress.o
                0x000000004010a38c                LZ4_calloc
 .text.LZ4_free
                0x000000004010a3c8        0x4 /media/cvitek/yijun.liu01/car/mars/litiantai/pnd-ltt/MediaSDK/out/build_fsbl/bl2/decompress.o
                0x000000004010a3c8                LZ4_free
 .text.decompress_lz4
                0x000000004010a3cc       0xe0 /media/cvitek/yijun.liu01/car/mars/litiantai/pnd-ltt/MediaSDK/out/build_fsbl/bl2/decompress.o
                0x000000004010a3cc                decompress_lz4
 .text.decompress
                0x000000004010a4ac       0xbc /media/cvitek/yijun.liu01/car/mars/litiantai/pnd-ltt/MediaSDK/out/build_fsbl/bl2/decompress.o
                0x000000004010a4ac                decompress
 .text.print_head_2nd
                0x000000004010a568       0x4c /media/cvitek/yijun.liu01/car/mars/litiantai/pnd-ltt/MediaSDK/out/build_fsbl/bl2/bl2_2nd_parse.o
                0x000000004010a568                print_head_2nd
 .text.set_boot_flag_2nd
                0x000000004010a5b4        0x4 /media/cvitek/yijun.liu01/car/mars/litiantai/pnd-ltt/MediaSDK/out/build_fsbl/bl2/bl2_2nd_parse.o
                0x000000004010a5b4                set_boot_flag_2nd
 .text.header_verify_2nd
                0x000000004010a5b8       0x58 /media/cvitek/yijun.liu01/car/mars/litiantai/pnd-ltt/MediaSDK/out/build_fsbl/bl2/bl2_2nd_parse.o
                0x000000004010a5b8                header_verify_2nd
 .text.verify_2nd
                0x000000004010a610       0x68 /media/cvitek/yijun.liu01/car/mars/litiantai/pnd-ltt/MediaSDK/out/build_fsbl/bl2/bl2_2nd_parse.o
                0x000000004010a610                verify_2nd
 .text.get_head_2nd
                0x000000004010a678        0x8 /media/cvitek/yijun.liu01/car/mars/litiantai/pnd-ltt/MediaSDK/out/build_fsbl/bl2/bl2_2nd_parse.o
                0x000000004010a678                get_head_2nd
 .text.dec_verify_image
                0x000000004010a680        0x8 /media/cvitek/yijun.liu01/car/mars/litiantai/pnd-ltt/MediaSDK/out/build_fsbl/bl2/bl2_main.o
                0x000000004010a680                dec_verify_image
 .text.load_kernel
                0x000000004010a688       0x20 /media/cvitek/yijun.liu01/car/mars/litiantai/pnd-ltt/MediaSDK/out/build_fsbl/bl2/bl2_main.o
                0x000000004010a688                load_kernel
 .text.init_macros
                0x000000004010a6a8       0x90 /media/cvitek/yijun.liu01/car/mars/litiantai/pnd-ltt/MediaSDK/out/build_fsbl/bl2/bl2_main.o
                0x000000004010a6a8                init_macros
 .text.init_ipcm_memory
                0x000000004010a738       0x2c /media/cvitek/yijun.liu01/car/mars/litiantai/pnd-ltt/MediaSDK/out/build_fsbl/bl2/bl2_main.o
                0x000000004010a738                init_ipcm_memory
 .text.init_param_memory
                0x000000004010a764       0xa0 /media/cvitek/yijun.liu01/car/mars/litiantai/pnd-ltt/MediaSDK/out/build_fsbl/bl2/bl2_main.o
                0x000000004010a764                init_param_memory
 .text.check_spi_nor
                0x000000004010a804       0x84 /media/cvitek/yijun.liu01/car/mars/litiantai/pnd-ltt/MediaSDK/out/build_fsbl/bl2/bl2_main.o
                0x000000004010a804                check_spi_nor
 .text.bl2_main
                0x000000004010a888      0x158 /media/cvitek/yijun.liu01/car/mars/litiantai/pnd-ltt/MediaSDK/out/build_fsbl/bl2/bl2_main.o
                0x000000004010a888                bl2_main
 .text.ddr_init
                0x000000004010a9e0       0x44 /media/cvitek/yijun.liu01/car/mars/litiantai/pnd-ltt/MediaSDK/out/build_fsbl/bl2/ddr.o
                0x000000004010a9e0                ddr_init
 .text.read_ddr_pkg_info
                0x000000004010aa24      0x2d4 /media/cvitek/yijun.liu01/car/mars/litiantai/pnd-ltt/MediaSDK/out/build_fsbl/bl2/ddr_pkg_info.o
                0x000000004010aa24                read_ddr_pkg_info
 .text.get_ddr_vendor
                0x000000004010acf8        0xc /media/cvitek/yijun.liu01/car/mars/litiantai/pnd-ltt/MediaSDK/out/build_fsbl/bl2/ddr_pkg_info.o
                0x000000004010acf8                get_ddr_vendor
 .text.get_pkg  0x000000004010ad04        0xc /media/cvitek/yijun.liu01/car/mars/litiantai/pnd-ltt/MediaSDK/out/build_fsbl/bl2/ddr_pkg_info.o
                0x000000004010ad04                get_pkg
 .text.axi_mon_start_all
                0x000000004010ad10       0x44 /media/cvitek/yijun.liu01/car/mars/litiantai/pnd-ltt/MediaSDK/out/build_fsbl/bl2/ddr_sys_bring_up.o
                0x000000004010ad10                axi_mon_start_all
 .text.ddr_sys_bring_up
                0x000000004010ad54      0x330 /media/cvitek/yijun.liu01/car/mars/litiantai/pnd-ltt/MediaSDK/out/build_fsbl/bl2/ddr_sys_bring_up.o
                0x000000004010ad54                ddr_sys_bring_up
 .text.cvx16_bist_wr_prbs_init
                0x000000004010b084       0x84 /media/cvitek/yijun.liu01/car/mars/litiantai/pnd-ltt/MediaSDK/out/build_fsbl/bl2/ddr_sys.o
                0x000000004010b084                cvx16_bist_wr_prbs_init
 .text.cvx16_bist_wr_sram_init
                0x000000004010b108       0x94 /media/cvitek/yijun.liu01/car/mars/litiantai/pnd-ltt/MediaSDK/out/build_fsbl/bl2/ddr_sys.o
                0x000000004010b108                cvx16_bist_wr_sram_init
 .text.cvx16_bist_wrlvl_init
                0x000000004010b19c       0x78 /media/cvitek/yijun.liu01/car/mars/litiantai/pnd-ltt/MediaSDK/out/build_fsbl/bl2/ddr_sys.o
                0x000000004010b19c                cvx16_bist_wrlvl_init
 .text.cvx16_bist_rdglvl_init
                0x000000004010b214       0x78 /media/cvitek/yijun.liu01/car/mars/litiantai/pnd-ltt/MediaSDK/out/build_fsbl/bl2/ddr_sys.o
                0x000000004010b214                cvx16_bist_rdglvl_init
 .text.cvx16_bist_rdlvl_init
                0x000000004010b28c      0x16c /media/cvitek/yijun.liu01/car/mars/litiantai/pnd-ltt/MediaSDK/out/build_fsbl/bl2/ddr_sys.o
                0x000000004010b28c                cvx16_bist_rdlvl_init
 .text.cvx16_bist_wdqlvl_init
                0x000000004010b3f8      0x118 /media/cvitek/yijun.liu01/car/mars/litiantai/pnd-ltt/MediaSDK/out/build_fsbl/bl2/ddr_sys.o
                0x000000004010b3f8                cvx16_bist_wdqlvl_init
 .text.cvx16_bist_wdmlvl_init
                0x000000004010b510       0x94 /media/cvitek/yijun.liu01/car/mars/litiantai/pnd-ltt/MediaSDK/out/build_fsbl/bl2/ddr_sys.o
                0x000000004010b510                cvx16_bist_wdmlvl_init
 .text.cvx16_bist_start_check
                0x000000004010b5a4       0x88 /media/cvitek/yijun.liu01/car/mars/litiantai/pnd-ltt/MediaSDK/out/build_fsbl/bl2/ddr_sys.o
                0x000000004010b5a4                cvx16_bist_start_check
 .text.cvx16_rdvld_train
                0x000000004010b62c       0x98 /media/cvitek/yijun.liu01/car/mars/litiantai/pnd-ltt/MediaSDK/out/build_fsbl/bl2/ddr_sys.o
                0x000000004010b62c                cvx16_rdvld_train
 .text.cvx16_synp_mrw
                0x000000004010b6c4       0xa4 /media/cvitek/yijun.liu01/car/mars/litiantai/pnd-ltt/MediaSDK/out/build_fsbl/bl2/ddr_sys.o
                0x000000004010b6c4                cvx16_synp_mrw
 .text.cvx16_dll_cal
                0x000000004010b768       0x80 /media/cvitek/yijun.liu01/car/mars/litiantai/pnd-ltt/MediaSDK/out/build_fsbl/bl2/ddr_sys.o
                0x000000004010b768                cvx16_dll_cal
 .text.cvx16_clk_normal
                0x000000004010b7e8       0x8c /media/cvitek/yijun.liu01/car/mars/litiantai/pnd-ltt/MediaSDK/out/build_fsbl/bl2/ddr_sys.o
                0x000000004010b7e8                cvx16_clk_normal
 .text.cvx16_clk_div2
                0x000000004010b874       0x28 /media/cvitek/yijun.liu01/car/mars/litiantai/pnd-ltt/MediaSDK/out/build_fsbl/bl2/ddr_sys.o
                0x000000004010b874                cvx16_clk_div2
 .text.cvx16_clk_div40
                0x000000004010b89c       0x28 /media/cvitek/yijun.liu01/car/mars/litiantai/pnd-ltt/MediaSDK/out/build_fsbl/bl2/ddr_sys.o
                0x000000004010b89c                cvx16_clk_div40
 .text.cvx16_chg_pll_freq
                0x000000004010b8c4      0x178 /media/cvitek/yijun.liu01/car/mars/litiantai/pnd-ltt/MediaSDK/out/build_fsbl/bl2/ddr_sys.o
                0x000000004010b8c4                cvx16_chg_pll_freq
 .text.cvx16_ddr_phy_power_on_seq1
                0x000000004010ba3c       0x6c /media/cvitek/yijun.liu01/car/mars/litiantai/pnd-ltt/MediaSDK/out/build_fsbl/bl2/ddr_sys.o
                0x000000004010ba3c                cvx16_ddr_phy_power_on_seq1
 .text.cvx16_ddr_phy_power_on_seq2
                0x000000004010baa8       0x60 /media/cvitek/yijun.liu01/car/mars/litiantai/pnd-ltt/MediaSDK/out/build_fsbl/bl2/ddr_sys.o
                0x000000004010baa8                cvx16_ddr_phy_power_on_seq2
 .text.cvx16_ddr_phy_power_on_seq3
                0x000000004010bb08       0x64 /media/cvitek/yijun.liu01/car/mars/litiantai/pnd-ltt/MediaSDK/out/build_fsbl/bl2/ddr_sys.o
                0x000000004010bb08                cvx16_ddr_phy_power_on_seq3
 .text.cvx16_wait_for_dfi_init_complete
                0x000000004010bb6c       0x54 /media/cvitek/yijun.liu01/car/mars/litiantai/pnd-ltt/MediaSDK/out/build_fsbl/bl2/ddr_sys.o
                0x000000004010bb6c                cvx16_wait_for_dfi_init_complete
 .text.cvx16_polling_dfi_init_start
                0x000000004010bbc0       0x20 /media/cvitek/yijun.liu01/car/mars/litiantai/pnd-ltt/MediaSDK/out/build_fsbl/bl2/ddr_sys.o
                0x000000004010bbc0                cvx16_polling_dfi_init_start
 .text.cvx16_set_dfi_init_complete
                0x000000004010bbe0       0x40 /media/cvitek/yijun.liu01/car/mars/litiantai/pnd-ltt/MediaSDK/out/build_fsbl/bl2/ddr_sys.o
                0x000000004010bbe0                cvx16_set_dfi_init_complete
 .text.cvx16_INT_ISR_08
                0x000000004010bc20       0x38 /media/cvitek/yijun.liu01/car/mars/litiantai/pnd-ltt/MediaSDK/out/build_fsbl/bl2/ddr_sys.o
                0x000000004010bc20                cvx16_INT_ISR_08
 .text.cvx16_polling_synp_normal_mode
                0x000000004010bc58       0x28 /media/cvitek/yijun.liu01/car/mars/litiantai/pnd-ltt/MediaSDK/out/build_fsbl/bl2/ddr_sys.o
                0x000000004010bc58                cvx16_polling_synp_normal_mode
 .text.cvx16_dfi_ca_park_prbs
                0x000000004010bc80       0x94 /media/cvitek/yijun.liu01/car/mars/litiantai/pnd-ltt/MediaSDK/out/build_fsbl/bl2/ddr_sys.o
                0x000000004010bc80                cvx16_dfi_ca_park_prbs
 .text.cvx16_setting_check
                0x000000004010bd14       0x34 /media/cvitek/yijun.liu01/car/mars/litiantai/pnd-ltt/MediaSDK/out/build_fsbl/bl2/ddr_sys.o
                0x000000004010bd14                cvx16_setting_check
 .text.cvx16_set_dfi_init_start
                0x000000004010bd48       0x3c /media/cvitek/yijun.liu01/car/mars/litiantai/pnd-ltt/MediaSDK/out/build_fsbl/bl2/ddr_sys.o
                0x000000004010bd48                cvx16_set_dfi_init_start
 .text.cvx16_pll_init
                0x000000004010bd84      0x10c /media/cvitek/yijun.liu01/car/mars/litiantai/pnd-ltt/MediaSDK/out/build_fsbl/bl2/ddr_sys.o
                0x000000004010bd84                cvx16_pll_init
 .text.cvx16_clk_gating_disable
                0x000000004010be90       0x54 /media/cvitek/yijun.liu01/car/mars/litiantai/pnd-ltt/MediaSDK/out/build_fsbl/bl2/ddr_sys.o
                0x000000004010be90                cvx16_clk_gating_disable
 .text.cvx16_clk_gating_enable
                0x000000004010bee4       0x98 /media/cvitek/yijun.liu01/car/mars/litiantai/pnd-ltt/MediaSDK/out/build_fsbl/bl2/ddr_sys.o
                0x000000004010bee4                cvx16_clk_gating_enable
 .text.cvx16_wrlvl_req
                0x000000004010bf7c      0x248 /media/cvitek/yijun.liu01/car/mars/litiantai/pnd-ltt/MediaSDK/out/build_fsbl/bl2/ddr_sys.o
                0x000000004010bf7c                cvx16_wrlvl_req
 .text.cvx16_rdglvl_req
                0x000000004010c1c4      0x1a8 /media/cvitek/yijun.liu01/car/mars/litiantai/pnd-ltt/MediaSDK/out/build_fsbl/bl2/ddr_sys.o
                0x000000004010c1c4                cvx16_rdglvl_req
 .text.cvx16_rdlvl_req
                0x000000004010c36c      0x274 /media/cvitek/yijun.liu01/car/mars/litiantai/pnd-ltt/MediaSDK/out/build_fsbl/bl2/ddr_sys.o
                0x000000004010c36c                cvx16_rdlvl_req
 .text.cvx16_wdqlvl_req
                0x000000004010c5e0      0x228 /media/cvitek/yijun.liu01/car/mars/litiantai/pnd-ltt/MediaSDK/out/build_fsbl/bl2/ddr_sys.o
                0x000000004010c5e0                cvx16_wdqlvl_req
 .text.cvx16_en_rec_vol_mode
                0x000000004010c808        0x4 /media/cvitek/yijun.liu01/car/mars/litiantai/pnd-ltt/MediaSDK/out/build_fsbl/bl2/ddr_sys.o
                0x000000004010c808                cvx16_en_rec_vol_mode
 .text.ctrl_init_detect_dram_size
                0x000000004010c80c      0x1a4 /media/cvitek/yijun.liu01/car/mars/litiantai/pnd-ltt/MediaSDK/out/build_fsbl/bl2/ddr_sys.o
                0x000000004010c80c                ctrl_init_detect_dram_size
 .text.pll_init
                0x000000004010c9b0       0xb4 /media/cvitek/yijun.liu01/car/mars/litiantai/pnd-ltt/MediaSDK/out/build_fsbl/bl2/phy_pll_init.o
                0x000000004010c9b0                pll_init
 .text.cvx16_pinmux
                0x000000004010ca64      0x3fc /media/cvitek/yijun.liu01/car/mars/litiantai/pnd-ltt/MediaSDK/out/build_fsbl/bl2/cvx16_pinmux.o
                0x000000004010ca64                cvx16_pinmux
 .text.cvx16_dram_cap_check
                0x000000004010ce60        0x4 /media/cvitek/yijun.liu01/car/mars/litiantai/pnd-ltt/MediaSDK/out/build_fsbl/bl2/cvx16_dram_cap_check.o
                0x000000004010ce60                cvx16_dram_cap_check
 .text.ddrc_init
                0x000000004010ce64      0x2d8 /media/cvitek/yijun.liu01/car/mars/litiantai/pnd-ltt/MediaSDK/out/build_fsbl/bl2/ddrc_init.o
                0x000000004010ce64                ddrc_init
 .text.ctrl_init_high_patch
                0x000000004010d13c       0x2c /media/cvitek/yijun.liu01/car/mars/litiantai/pnd-ltt/MediaSDK/out/build_fsbl/bl2/ddrc_init.o
                0x000000004010d13c                ctrl_init_high_patch
 .text.ctrl_init_low_patch
                0x000000004010d168       0x2c /media/cvitek/yijun.liu01/car/mars/litiantai/pnd-ltt/MediaSDK/out/build_fsbl/bl2/ddrc_init.o
                0x000000004010d168                ctrl_init_low_patch
 .text.ctrl_init_update_by_dram_size
                0x000000004010d194       0xe0 /media/cvitek/yijun.liu01/car/mars/litiantai/pnd-ltt/MediaSDK/out/build_fsbl/bl2/ddrc_init.o
                0x000000004010d194                ctrl_init_update_by_dram_size
 .text.phy_init
                0x000000004010d274      0x518 /media/cvitek/yijun.liu01/car/mars/litiantai/pnd-ltt/MediaSDK/out/build_fsbl/bl2/phy_init.o
                0x000000004010d274                phy_init
 *fill*         0x000000004010d78c        0x4 
 .text.smc_handler64
                0x000000004010d790       0x20 /media/cvitek/yijun.liu01/car/mars/litiantai/pnd-ltt/MediaSDK/out/build_fsbl/bl2/bl2_exceptions.o
 .text.flush_dcache_range
                0x000000004010d7b0       0x38 /media/cvitek/yijun.liu01/car/mars/litiantai/pnd-ltt/MediaSDK/out/build_fsbl/bl2/cache_helpers.o
                0x000000004010d7b0                flush_dcache_range
 .text.inv_dcache_range
                0x000000004010d7e8       0x38 /media/cvitek/yijun.liu01/car/mars/litiantai/pnd-ltt/MediaSDK/out/build_fsbl/bl2/cache_helpers.o
                0x000000004010d7e8                inv_dcache_range
 .text.zeromem  0x000000004010d820        0x8 /media/cvitek/yijun.liu01/car/mars/litiantai/pnd-ltt/MediaSDK/out/build_fsbl/bl2/misc_helpers.o
                0x000000004010d820                zeromem
 .text.zeromem_dczva
                0x000000004010d828       0xf4 /media/cvitek/yijun.liu01/car/mars/litiantai/pnd-ltt/MediaSDK/out/build_fsbl/bl2/misc_helpers.o
                0x000000004010d828                zero_normalmem
 .text.console_putc
                0x000000004010d91c        0x8 /media/cvitek/yijun.liu01/car/mars/litiantai/pnd-ltt/MediaSDK/out/build_fsbl/bl2/console.o
                0x000000004010d91c                console_putc
 .text.console_flush
                0x000000004010d924        0x8 /media/cvitek/yijun.liu01/car/mars/litiantai/pnd-ltt/MediaSDK/out/build_fsbl/bl2/console.o
                0x000000004010d924                console_flush
 .text.console_core_putc
                0x000000004010d92c       0x44 /media/cvitek/yijun.liu01/car/mars/litiantai/pnd-ltt/MediaSDK/out/build_fsbl/bl2/16550_console_aarch64.o
                0x000000004010d92c                console_core_putc
 .text.console_core_flush
                0x000000004010d970       0x24 /media/cvitek/yijun.liu01/car/mars/litiantai/pnd-ltt/MediaSDK/out/build_fsbl/bl2/16550_console_aarch64.o
                0x000000004010d970                console_core_flush
 *(.rodata*)
 *fill*         0x000000004010d994        0x4 
 .rodata.build_message
                0x000000004010d998       0x1a /media/cvitek/yijun.liu01/car/mars/litiantai/pnd-ltt/MediaSDK/out/build_fsbl/bl2/build_message.o
                0x000000004010d998                build_message
 *fill*         0x000000004010d9b2        0x6 
 .rodata.version_string
                0x000000004010d9b8       0x16 /media/cvitek/yijun.liu01/car/mars/litiantai/pnd-ltt/MediaSDK/out/build_fsbl/bl2/build_message.o
                0x000000004010d9b8                version_string
 *fill*         0x000000004010d9ce        0x2 
 .rodata.__func__.4077
                0x000000004010d9d0       0x10 /media/cvitek/yijun.liu01/car/mars/litiantai/pnd-ltt/MediaSDK/out/build_fsbl/bl2/bl2_helper.o
 .rodata.bl2_smc_handler.str1.1
                0x000000004010d9e0        0x9 /media/cvitek/yijun.liu01/car/mars/litiantai/pnd-ltt/MediaSDK/out/build_fsbl/bl2/bl2_helper.o
 .rodata.jump_to_monitor.str1.1
                0x000000004010d9e9       0x19 /media/cvitek/yijun.liu01/car/mars/litiantai/pnd-ltt/MediaSDK/out/build_fsbl/bl2/bl2_helper.o
 .rodata.switch_el3_to_el2_ns.str1.1
                0x000000004010da02       0x1d /media/cvitek/yijun.liu01/car/mars/litiantai/pnd-ltt/MediaSDK/out/build_fsbl/bl2/bl2_helper.o
 .rodata.tf_printf.str1.1
                0x000000004010da1f        0x3 /media/cvitek/yijun.liu01/car/mars/litiantai/pnd-ltt/MediaSDK/out/build_fsbl/bl2/tf_printf.o
 .rodata.__system_reset.str1.1
                0x000000004010da22       0x12 /media/cvitek/yijun.liu01/car/mars/litiantai/pnd-ltt/MediaSDK/out/build_fsbl/bl2/platform.o
 .rodata.panic_handler.str1.1
                0x000000004010da34       0x15 /media/cvitek/yijun.liu01/car/mars/litiantai/pnd-ltt/MediaSDK/out/build_fsbl/bl2/platform.o
 .rodata.reset_c906l.str1.1
                0x000000004010da49        0x8 /media/cvitek/yijun.liu01/car/mars/litiantai/pnd-ltt/MediaSDK/out/build_fsbl/bl2/platform.o
 .rodata.set_rtc_en_registers.str1.1
                0x000000004010da51       0x27 /media/cvitek/yijun.liu01/car/mars/litiantai/pnd-ltt/MediaSDK/out/build_fsbl/bl2/platform.o
 .rodata.switch_rtc_mode_1st_stage.str1.1
                0x000000004010da78       0x1b /media/cvitek/yijun.liu01/car/mars/litiantai/pnd-ltt/MediaSDK/out/build_fsbl/bl2/platform.o
 .rodata.switch_rtc_mode_2nd_stage.str1.1
                0x000000004010da93       0x32 /media/cvitek/yijun.liu01/car/mars/litiantai/pnd-ltt/MediaSDK/out/build_fsbl/bl2/platform.o
 .rodata.sys_pll_nd.str1.1
                0x000000004010dac5       0x12 /media/cvitek/yijun.liu01/car/mars/litiantai/pnd-ltt/MediaSDK/out/build_fsbl/bl2/platform.o
 .rodata.sys_pll_od.str1.1
                0x000000004010dad7        0xc /media/cvitek/yijun.liu01/car/mars/litiantai/pnd-ltt/MediaSDK/out/build_fsbl/bl2/platform.o
 *fill*         0x000000004010dae3        0x5 
 .rodata.__func__.4373
                0x000000004010dae8       0x12 /media/cvitek/yijun.liu01/car/mars/litiantai/pnd-ltt/MediaSDK/out/build_fsbl/bl2/bl2_opt.o
 .rodata.load_bl32.str1.1
                0x000000004010dafa       0x69 /media/cvitek/yijun.liu01/car/mars/litiantai/pnd-ltt/MediaSDK/out/build_fsbl/bl2/bl2_opt.o
 .rodata.load_blcp_2nd.str1.1
                0x000000004010db63      0x168 /media/cvitek/yijun.liu01/car/mars/litiantai/pnd-ltt/MediaSDK/out/build_fsbl/bl2/bl2_opt.o
 .rodata.load_data_from_storage.str1.1
                0x000000004010dccb       0x32 /media/cvitek/yijun.liu01/car/mars/litiantai/pnd-ltt/MediaSDK/out/build_fsbl/bl2/bl2_opt.o
 .rodata.load_ddr.str1.1
                0x000000004010dcfd       0x4b /media/cvitek/yijun.liu01/car/mars/litiantai/pnd-ltt/MediaSDK/out/build_fsbl/bl2/bl2_opt.o
 .rodata.load_loader_2nd.str1.1
                0x000000004010dd48       0xbd /media/cvitek/yijun.liu01/car/mars/litiantai/pnd-ltt/MediaSDK/out/build_fsbl/bl2/bl2_opt.o
 .rodata.load_monitor.str1.1
                0x000000004010de05       0xbd /media/cvitek/yijun.liu01/car/mars/litiantai/pnd-ltt/MediaSDK/out/build_fsbl/bl2/bl2_opt.o
 .rodata.load_param2.str1.1
                0x000000004010dec2       0x4a /media/cvitek/yijun.liu01/car/mars/litiantai/pnd-ltt/MediaSDK/out/build_fsbl/bl2/bl2_opt.o
 .rodata.load_rest.str1.1
                0x000000004010df0c       0x5d /media/cvitek/yijun.liu01/car/mars/litiantai/pnd-ltt/MediaSDK/out/build_fsbl/bl2/bl2_opt.o
 .rodata.load_user_param_and_logo.str1.1
                0x000000004010df69       0x39 /media/cvitek/yijun.liu01/car/mars/litiantai/pnd-ltt/MediaSDK/out/build_fsbl/bl2/bl2_opt.o
 *fill*         0x000000004010dfa2        0x6 
 .rodata.__func__.4104
                0x000000004010dfa8       0x15 /media/cvitek/yijun.liu01/car/mars/litiantai/pnd-ltt/MediaSDK/out/build_fsbl/bl2/cvi_spinand.o
 *fill*         0x000000004010dfbd        0x3 
 .rodata.__func__.4116
                0x000000004010dfc0       0x15 /media/cvitek/yijun.liu01/car/mars/litiantai/pnd-ltt/MediaSDK/out/build_fsbl/bl2/cvi_spinand.o
 *fill*         0x000000004010dfd5        0x3 
 .rodata.__func__.4132
                0x000000004010dfd8       0x15 /media/cvitek/yijun.liu01/car/mars/litiantai/pnd-ltt/MediaSDK/out/build_fsbl/bl2/cvi_spinand.o
 *fill*         0x000000004010dfed        0x3 
 .rodata.__func__.4151
                0x000000004010dff0       0x1f /media/cvitek/yijun.liu01/car/mars/litiantai/pnd-ltt/MediaSDK/out/build_fsbl/bl2/cvi_spinand.o
 .rodata.cv_spi_nand_read_data.str1.1
                0x000000004010e00f       0x1a /media/cvitek/yijun.liu01/car/mars/litiantai/pnd-ltt/MediaSDK/out/build_fsbl/bl2/cvi_spinand.o
 .rodata.cv_spi_nand_read_page_by_row_addr.str1.1
                0x000000004010e029       0x45 /media/cvitek/yijun.liu01/car/mars/litiantai/pnd-ltt/MediaSDK/out/build_fsbl/bl2/cvi_spinand.o
 .rodata.get_nand_info.str1.1
                0x000000004010e06e       0x9d /media/cvitek/yijun.liu01/car/mars/litiantai/pnd-ltt/MediaSDK/out/build_fsbl/bl2/cvi_spinand.o
 .rodata.spi_nand_get_feature.str1.1
                0x000000004010e10b       0x31 /media/cvitek/yijun.liu01/car/mars/litiantai/pnd-ltt/MediaSDK/out/build_fsbl/bl2/cvi_spinand.o
 .rodata.spi_nand_parsing_ecc_info.str1.1
                0x000000004010e13c       0x39 /media/cvitek/yijun.liu01/car/mars/litiantai/pnd-ltt/MediaSDK/out/build_fsbl/bl2/cvi_spinand.o
 *fill*         0x000000004010e175        0x3 
 .rodata.emmc_rw_enable
                0x000000004010e178        0x7 /media/cvitek/yijun.liu01/car/mars/litiantai/pnd-ltt/MediaSDK/out/build_fsbl/bl2/emmc.o
 *fill*         0x000000004010e17f        0x1 
 .rodata.__func__.4190
                0x000000004010e180       0x12 /media/cvitek/yijun.liu01/car/mars/litiantai/pnd-ltt/MediaSDK/out/build_fsbl/bl2/emmc.o
 .rodata.emmc_device_state.str1.1
                0x000000004010e192       0x56 /media/cvitek/yijun.liu01/car/mars/litiantai/pnd-ltt/MediaSDK/out/build_fsbl/bl2/emmc.o
 .rodata.emmc_init.str1.1
                0x000000004010e1e8       0xaa /media/cvitek/yijun.liu01/car/mars/litiantai/pnd-ltt/MediaSDK/out/build_fsbl/bl2/emmc.o
 *fill*         0x000000004010e292        0x2 
 .rodata.bm_emmc_send_cmd
                0x000000004010e294        0x9 /media/cvitek/yijun.liu01/car/mars/litiantai/pnd-ltt/MediaSDK/out/build_fsbl/bl2/cv_emmc.o
 *fill*         0x000000004010e29d        0x3 
 .rodata.__func__.4218
                0x000000004010e2a0       0x1b /media/cvitek/yijun.liu01/car/mars/litiantai/pnd-ltt/MediaSDK/out/build_fsbl/bl2/cv_emmc.o
 *fill*         0x000000004010e2bb        0x5 
 .rodata.__func__.4234
                0x000000004010e2c0       0x1e /media/cvitek/yijun.liu01/car/mars/litiantai/pnd-ltt/MediaSDK/out/build_fsbl/bl2/cv_emmc.o
 *fill*         0x000000004010e2de        0x2 
 .rodata.__func__.4255
                0x000000004010e2e0       0x10 /media/cvitek/yijun.liu01/car/mars/litiantai/pnd-ltt/MediaSDK/out/build_fsbl/bl2/cv_emmc.o
 .rodata.__func__.4280
                0x000000004010e2f0       0x10 /media/cvitek/yijun.liu01/car/mars/litiantai/pnd-ltt/MediaSDK/out/build_fsbl/bl2/cv_emmc.o
 .rodata.bm_emmc_dev_reset.str1.1
                0x000000004010e300       0x48 /media/cvitek/yijun.liu01/car/mars/litiantai/pnd-ltt/MediaSDK/out/build_fsbl/bl2/cv_emmc.o
 .rodata.bm_emmc_hw_init.str1.1
                0x000000004010e348       0x15 /media/cvitek/yijun.liu01/car/mars/litiantai/pnd-ltt/MediaSDK/out/build_fsbl/bl2/cv_emmc.o
 .rodata.bm_emmc_init.str1.1
                0x000000004010e35d       0x2c /media/cvitek/yijun.liu01/car/mars/litiantai/pnd-ltt/MediaSDK/out/build_fsbl/bl2/cv_emmc.o
 *fill*         0x000000004010e389        0x7 
 .rodata.bm_emmc_ops
                0x000000004010e390       0x38 /media/cvitek/yijun.liu01/car/mars/litiantai/pnd-ltt/MediaSDK/out/build_fsbl/bl2/cv_emmc.o
 .rodata.bm_emmc_send_cmd.str1.1
                0x000000004010e3c8       0x8c /media/cvitek/yijun.liu01/car/mars/litiantai/pnd-ltt/MediaSDK/out/build_fsbl/bl2/cv_emmc.o
 .rodata.bm_emmc_set_clk.str1.1
                0x000000004010e454       0xc3 /media/cvitek/yijun.liu01/car/mars/litiantai/pnd-ltt/MediaSDK/out/build_fsbl/bl2/cv_emmc.o
 .rodata.bm_emmc_set_ios.str1.1
                0x000000004010e517       0x1f /media/cvitek/yijun.liu01/car/mars/litiantai/pnd-ltt/MediaSDK/out/build_fsbl/bl2/cv_emmc.o
 *fill*         0x000000004010e536        0x2 
 .rodata.LZ4F_decompress
                0x000000004010e538       0x1e /media/cvitek/yijun.liu01/car/mars/litiantai/pnd-ltt/MediaSDK/out/build_fsbl/bl2/lz4_all.o
 *fill*         0x000000004010e556        0x2 
 .rodata.blockSizes.4903
                0x000000004010e558       0x20 /media/cvitek/yijun.liu01/car/mars/litiantai/pnd-ltt/MediaSDK/out/build_fsbl/bl2/lz4_all.o
 .rodata.dec64table
                0x000000004010e578       0x20 /media/cvitek/yijun.liu01/car/mars/litiantai/pnd-ltt/MediaSDK/out/build_fsbl/bl2/lz4_all.o
 .rodata.inc32table
                0x000000004010e598       0x20 /media/cvitek/yijun.liu01/car/mars/litiantai/pnd-ltt/MediaSDK/out/build_fsbl/bl2/lz4_all.o
 .rodata.XXH32_finalize.constprop.1
                0x000000004010e5b8       0x1e /media/cvitek/yijun.liu01/car/mars/litiantai/pnd-ltt/MediaSDK/out/build_fsbl/bl2/xxhash.o
 *fill*         0x000000004010e5d6        0x2 
 .rodata.crc16_tab
                0x000000004010e5d8      0x200 /media/cvitek/yijun.liu01/car/mars/litiantai/pnd-ltt/MediaSDK/out/build_fsbl/bl2/crc16.o
 .rodata.SzAlloc.str1.1
                0x000000004010e7d8       0x1f /media/cvitek/yijun.liu01/car/mars/litiantai/pnd-ltt/MediaSDK/out/build_fsbl/bl2/decompress.o
 *fill*         0x000000004010e7f7        0x1 
 .rodata.__func__.4345
                0x000000004010e7f8        0x8 /media/cvitek/yijun.liu01/car/mars/litiantai/pnd-ltt/MediaSDK/out/build_fsbl/bl2/decompress.o
 .rodata.__func__.4362
                0x000000004010e800       0x10 /media/cvitek/yijun.liu01/car/mars/litiantai/pnd-ltt/MediaSDK/out/build_fsbl/bl2/decompress.o
 .rodata.decompress.str1.1
                0x000000004010e810       0x2e /media/cvitek/yijun.liu01/car/mars/litiantai/pnd-ltt/MediaSDK/out/build_fsbl/bl2/decompress.o
 .rodata.decompress_lz4.str1.1
                0x000000004010e83e       0x68 /media/cvitek/yijun.liu01/car/mars/litiantai/pnd-ltt/MediaSDK/out/build_fsbl/bl2/decompress.o
 .rodata.decompress_lzma.str1.1
                0x000000004010e8a6       0x86 /media/cvitek/yijun.liu01/car/mars/litiantai/pnd-ltt/MediaSDK/out/build_fsbl/bl2/decompress.o
 .rodata.header_verify_2nd.str1.1
                0x000000004010e92c       0x1b /media/cvitek/yijun.liu01/car/mars/litiantai/pnd-ltt/MediaSDK/out/build_fsbl/bl2/bl2_2nd_parse.o
 .rodata.print_head_2nd.str1.1
                0x000000004010e947       0xc8 /media/cvitek/yijun.liu01/car/mars/litiantai/pnd-ltt/MediaSDK/out/build_fsbl/bl2/bl2_2nd_parse.o
 .rodata.verify_2nd.str1.1
                0x000000004010ea0f       0x37 /media/cvitek/yijun.liu01/car/mars/litiantai/pnd-ltt/MediaSDK/out/build_fsbl/bl2/bl2_2nd_parse.o
 .rodata.bl2_main.str1.1
                0x000000004010ea46       0x91 /media/cvitek/yijun.liu01/car/mars/litiantai/pnd-ltt/MediaSDK/out/build_fsbl/bl2/bl2_main.o
 .rodata.check_spi_nor.str1.1
                0x000000004010ead7       0x50 /media/cvitek/yijun.liu01/car/mars/litiantai/pnd-ltt/MediaSDK/out/build_fsbl/bl2/bl2_main.o
 .rodata.load_kernel.str1.1
                0x000000004010eb27       0x13 /media/cvitek/yijun.liu01/car/mars/litiantai/pnd-ltt/MediaSDK/out/build_fsbl/bl2/bl2_main.o
 .rodata.ddr_init.str1.1
                0x000000004010eb3a       0x2a /media/cvitek/yijun.liu01/car/mars/litiantai/pnd-ltt/MediaSDK/out/build_fsbl/bl2/ddr.o
 .rodata.read_ddr_pkg_info
                0x000000004010eb64        0xc /media/cvitek/yijun.liu01/car/mars/litiantai/pnd-ltt/MediaSDK/out/build_fsbl/bl2/ddr_pkg_info.o
 .rodata.read_ddr_pkg_info.str1.1
                0x000000004010eb70       0xb1 /media/cvitek/yijun.liu01/car/mars/litiantai/pnd-ltt/MediaSDK/out/build_fsbl/bl2/ddr_pkg_info.o
 .rodata.ddr_sys_bring_up.str1.1
                0x000000004010ec21       0x78 /media/cvitek/yijun.liu01/car/mars/litiantai/pnd-ltt/MediaSDK/out/build_fsbl/bl2/ddr_sys_bring_up.o
 .rodata.pll_init.str1.1
                0x000000004010ec99       0x11 /media/cvitek/yijun.liu01/car/mars/litiantai/pnd-ltt/MediaSDK/out/build_fsbl/bl2/phy_pll_init.o
 *fill*         0x000000004010ecaa        0x2 
 .rodata.cvx16_pinmux
                0x000000004010ecac       0x14 /media/cvitek/yijun.liu01/car/mars/litiantai/pnd-ltt/MediaSDK/out/build_fsbl/bl2/cvx16_pinmux.o
 .rodata.ctrl_init_update_by_dram_size
                0x000000004010ecc0        0x5 /media/cvitek/yijun.liu01/car/mars/litiantai/pnd-ltt/MediaSDK/out/build_fsbl/bl2/ddrc_init.o
                0x000000004010ecc5                __RO_END__ = .

.iplt           0x000000004010ecc8        0x0
 .iplt          0x000000004010ecc8        0x0 /media/cvitek/yijun.liu01/car/mars/litiantai/pnd-ltt/MediaSDK/out/build_fsbl/bl2/build_message.o

.rela.dyn       0x000000004010ecc8        0x0
 .rela.iplt     0x000000004010ecc8        0x0 /media/cvitek/yijun.liu01/car/mars/litiantai/pnd-ltt/MediaSDK/out/build_fsbl/bl2/build_message.o

.data           0x000000004010ecc5      0x22b
                0x000000004010ecd0                . = ALIGN (0x10)
 *fill*         0x000000004010ecc5        0xb 
                0x000000004010ecd0                __DATA_START__ = .
 *(.data*)
 .data.fip_param1
                0x000000004010ecd0        0x8 /media/cvitek/yijun.liu01/car/mars/litiantai/pnd-ltt/MediaSDK/out/build_fsbl/bl2/bl2_opt.o
                0x000000004010ecd0                fip_param1
 .data.time_records
                0x000000004010ecd8        0x8 /media/cvitek/yijun.liu01/car/mars/litiantai/pnd-ltt/MediaSDK/out/build_fsbl/bl2/bl2_opt.o
                0x000000004010ecd8                time_records
 .data.ecc_en_status
                0x000000004010ece0        0x1 /media/cvitek/yijun.liu01/car/mars/litiantai/pnd-ltt/MediaSDK/out/build_fsbl/bl2/cvi_spinand.o
 *fill*         0x000000004010ece1        0x7 
 .data.bm_params
                0x000000004010ece8       0x30 /media/cvitek/yijun.liu01/car/mars/litiantai/pnd-ltt/MediaSDK/out/build_fsbl/bl2/cv_emmc.o
 .data.ddr_data_rate
                0x000000004010ed18        0x4 /media/cvitek/yijun.liu01/car/mars/litiantai/pnd-ltt/MediaSDK/out/build_fsbl/bl2/ddrc_init.o
                0x000000004010ed18                ddr_data_rate
 *fill*         0x000000004010ed1c        0x4 
 .data.ddr_patch_regs
                0x000000004010ed20      0x1c8 /media/cvitek/yijun.liu01/car/mars/litiantai/pnd-ltt/MediaSDK/out/build_fsbl/bl2/ddr_patch_regs.o
                0x000000004010ed20                ddr_patch_regs
 .data.ddr_patch_regs_count
                0x000000004010eee8        0x4 /media/cvitek/yijun.liu01/car/mars/litiantai/pnd-ltt/MediaSDK/out/build_fsbl/bl2/ddr_patch_regs.o
                0x000000004010eee8                ddr_patch_regs_count
                0x000000004010eef0                . = ALIGN (0x10)
 *fill*         0x000000004010eeec        0x4 
                0x000000004010eef0                __DATA_END__ = .

.igot.plt       0x000000004010eef0        0x0
 .igot.plt      0x000000004010eef0        0x0 /media/cvitek/yijun.liu01/car/mars/litiantai/pnd-ltt/MediaSDK/out/build_fsbl/bl2/build_message.o

stacks          0x000000004010eef0     0x2010
                0x000000004010ef00                . = ALIGN (0x40)
 *fill*         0x000000004010eef0       0x10 
                0x000000004010ef00                __STACKS_START__ = .
                0x0000000040110f00                . = (. + 0x2000)
 *fill*         0x000000004010ef00     0x2000 
                0x0000000040110f00                . = ALIGN (0x40)
                0x0000000040110f00                __STACKS_END__ = .

.bss            0x0000000040111000     0x5300
                0x0000000040111000                . = ALIGN (0x10)
                0x0000000040111000                __BSS_START__ = .
 *(SORT(.bss*))
 .bss.next_info
                0x0000000040111000       0xe0 /media/cvitek/yijun.liu01/car/mars/litiantai/pnd-ltt/MediaSDK/out/build_fsbl/bl2/bl2_helper.o
 .bss.spinand_info
                0x00000000401110e0       0x80 /media/cvitek/yijun.liu01/car/mars/litiantai/pnd-ltt/MediaSDK/out/build_fsbl/bl2/cvi_spinand.o
 .bss.emmc_cid  0x0000000040111160       0x10 /media/cvitek/yijun.liu01/car/mars/litiantai/pnd-ltt/MediaSDK/out/build_fsbl/bl2/emmc.o
 .bss.emmc_csd  0x0000000040111170       0x10 /media/cvitek/yijun.liu01/car/mars/litiantai/pnd-ltt/MediaSDK/out/build_fsbl/bl2/emmc.o
 .bss.ops       0x0000000040111180        0x8 /media/cvitek/yijun.liu01/car/mars/litiantai/pnd-ltt/MediaSDK/out/build_fsbl/bl2/emmc.o
 .bss.comp_alloc_buf
                0x0000000040111188        0x8 /media/cvitek/yijun.liu01/car/mars/litiantai/pnd-ltt/MediaSDK/out/build_fsbl/bl2/decompress.o
 .bss.comp_alloc_size
                0x0000000040111190        0x8 /media/cvitek/yijun.liu01/car/mars/litiantai/pnd-ltt/MediaSDK/out/build_fsbl/bl2/decompress.o
 .bss.count.4382
                0x0000000040111198        0x4 /media/cvitek/yijun.liu01/car/mars/litiantai/pnd-ltt/MediaSDK/out/build_fsbl/bl2/bl2_opt.o
 .bss.cur_boot_src
                0x000000004011119c        0x4 /media/cvitek/yijun.liu01/car/mars/litiantai/pnd-ltt/MediaSDK/out/build_fsbl/bl2/bl2_opt.o
 .bss.emmc_flags
                0x00000000401111a0        0x4 /media/cvitek/yijun.liu01/car/mars/litiantai/pnd-ltt/MediaSDK/out/build_fsbl/bl2/emmc.o
 .bss.emmc_ocr_value
                0x00000000401111a4        0x4 /media/cvitek/yijun.liu01/car/mars/litiantai/pnd-ltt/MediaSDK/out/build_fsbl/bl2/emmc.o
 .bss.chip_clk_mode
                0x00000000401111a8        0x4 /media/cvitek/yijun.liu01/car/mars/litiantai/pnd-ltt/MediaSDK/out/build_fsbl/bl2/bl2_main.o
                0x00000000401111a8                chip_clk_mode
 *(COMMON)
 *fill*         0x00000000401111ac       0x54 
 COMMON         0x0000000040111200     0x5000 /media/cvitek/yijun.liu01/car/mars/litiantai/pnd-ltt/MediaSDK/out/build_fsbl/bl2/bl2_opt.o
                0x0000000040111200                fip_param2
                0x0000000040112200                sram_union_buf
 COMMON         0x0000000040116200       0x80 /media/cvitek/yijun.liu01/car/mars/litiantai/pnd-ltt/MediaSDK/out/build_fsbl/bl2/bl2_2nd_parse.o
                0x0000000040116200                header_2nd
 COMMON         0x0000000040116280       0x50 /media/cvitek/yijun.liu01/car/mars/litiantai/pnd-ltt/MediaSDK/out/build_fsbl/bl2/bl2_main.o
                0x0000000040116280                macros_misc
 COMMON         0x00000000401162d0        0x4 /media/cvitek/yijun.liu01/car/mars/litiantai/pnd-ltt/MediaSDK/out/build_fsbl/bl2/ddr_pkg_info.o
                0x00000000401162d0                pkg
                0x00000000401162d1                ddr_vendor
                0x00000000401162d2                ddr_type
                0x00000000401162d3                ddr_capacity
 COMMON         0x00000000401162d4        0x4 /media/cvitek/yijun.liu01/car/mars/litiantai/pnd-ltt/MediaSDK/out/build_fsbl/bl2/ddr_sys.o
                0x00000000401162d4                rddata
 COMMON         0x00000000401162d8       0x28 /media/cvitek/yijun.liu01/car/mars/litiantai/pnd-ltt/MediaSDK/out/build_fsbl/bl2/phy_pll_init.o
                0x00000000401162d8                tar_freq
                0x00000000401162dc                freq_in
                0x00000000401162e0                reg_step
                0x00000000401162e8                mod_freq
                0x00000000401162ec                dev_freq
                0x00000000401162f0                reg_span
                0x00000000401162f8                reg_set
                0x0000000040116300                . = ALIGN (0x10)
                0x0000000040116300                __BSS_END__ = .
                0x0000000040116300                __BL2_END__ = .
                0x0000000000005300                __BSS_SIZE__ = SIZEOF (.bss)
                0x0000000000000001                ASSERT ((. <= 0x40137000), BL2 image has exceeded its limit.)

.suspend_sect   0x000000000c030000      0x850
                0x000000000c030000                . = ALIGN (0x8)
                0x000000000c030000                __suspend_sect_start = .
 *(.suspend_entry)
 .suspend_entry
                0x000000000c030000      0x1f4 /media/cvitek/yijun.liu01/car/mars/litiantai/pnd-ltt/MediaSDK/out/build_fsbl/bl2/ddr_suspend.o
                0x000000000c030000                ddr_suspend_entry
 *(.suspend_func)
 .suspend_func  0x000000000c0301f4       0x50 /media/cvitek/yijun.liu01/car/mars/litiantai/pnd-ltt/MediaSDK/out/build_fsbl/bl2/ddr_suspend.o
                0x000000000c030248                . = ALIGN (0x8)
 *fill*         0x000000000c030244        0x4 
                0x000000000c030248                __suspend_data_start = .
 *(.suspend_data)
 .suspend_data  0x000000000c030248      0x608 /media/cvitek/yijun.liu01/car/mars/litiantai/pnd-ltt/MediaSDK/out/build_fsbl/bl2/ddr_suspend.o
                0x000000000c030248                start
                0x000000000c03024c                total_delta
                0x000000000c030250                delta
                0x000000000c030258                save_phy_regs
                0x000000000c030850                . = ALIGN (0x8)
                0x000000000c030850                __suspend_sect_end = .
                0x0000000040000100                p_rom_api_cryptodma_aes_decrypt = 0x40000100
                0x0000000040000080                p_rom_api_flash_init = 0x40000080
                0x0000000040000020                p_rom_api_get_boot_src = 0x40000020
                0x00000000400000c0                p_rom_api_get_number_of_retries = 0x400000c0
                0x00000000400000a0                p_rom_api_image_crc = 0x400000a0
                0x0000000040000060                p_rom_api_load_image = 0x40000060
                0x0000000040000040                p_rom_api_set_boot_src = 0x40000040
                0x00000000400000e0                p_rom_api_verify_rsa = 0x400000e0
LOAD /media/cvitek/yijun.liu01/car/mars/litiantai/pnd-ltt/MediaSDK/out/build_fsbl/bl2/build_message.o
LOAD /media/cvitek/yijun.liu01/car/mars/litiantai/pnd-ltt/MediaSDK/out/build_fsbl/bl2/cpu_helper.o
LOAD /media/cvitek/yijun.liu01/car/mars/litiantai/pnd-ltt/MediaSDK/out/build_fsbl/bl2/delay_timer.o
LOAD /media/cvitek/yijun.liu01/car/mars/litiantai/pnd-ltt/MediaSDK/out/build_fsbl/bl2/bl2_helper.o
LOAD /media/cvitek/yijun.liu01/car/mars/litiantai/pnd-ltt/MediaSDK/out/build_fsbl/bl2/tf_printf.o
LOAD /media/cvitek/yijun.liu01/car/mars/litiantai/pnd-ltt/MediaSDK/out/build_fsbl/bl2/platform.o
LOAD /media/cvitek/yijun.liu01/car/mars/litiantai/pnd-ltt/MediaSDK/out/build_fsbl/bl2/security.o
LOAD /media/cvitek/yijun.liu01/car/mars/litiantai/pnd-ltt/MediaSDK/out/build_fsbl/bl2/misc.o
LOAD /media/cvitek/yijun.liu01/car/mars/litiantai/pnd-ltt/MediaSDK/out/build_fsbl/bl2/assert.o
LOAD /media/cvitek/yijun.liu01/car/mars/litiantai/pnd-ltt/MediaSDK/out/build_fsbl/bl2/mem.o
LOAD /media/cvitek/yijun.liu01/car/mars/litiantai/pnd-ltt/MediaSDK/out/build_fsbl/bl2/putchar.o
LOAD /media/cvitek/yijun.liu01/car/mars/litiantai/pnd-ltt/MediaSDK/out/build_fsbl/bl2/strchr.o
LOAD /media/cvitek/yijun.liu01/car/mars/litiantai/pnd-ltt/MediaSDK/out/build_fsbl/bl2/strcmp.o
LOAD /media/cvitek/yijun.liu01/car/mars/litiantai/pnd-ltt/MediaSDK/out/build_fsbl/bl2/strlen.o
LOAD /media/cvitek/yijun.liu01/car/mars/litiantai/pnd-ltt/MediaSDK/out/build_fsbl/bl2/strncmp.o
LOAD /media/cvitek/yijun.liu01/car/mars/litiantai/pnd-ltt/MediaSDK/out/build_fsbl/bl2/strnlen.o
LOAD /media/cvitek/yijun.liu01/car/mars/litiantai/pnd-ltt/MediaSDK/out/build_fsbl/bl2/bigdigits.o
LOAD /media/cvitek/yijun.liu01/car/mars/litiantai/pnd-ltt/MediaSDK/out/build_fsbl/bl2/sha256.o
LOAD /media/cvitek/yijun.liu01/car/mars/litiantai/pnd-ltt/MediaSDK/out/build_fsbl/bl2/bl2_opt.o
LOAD /media/cvitek/yijun.liu01/car/mars/litiantai/pnd-ltt/MediaSDK/out/build_fsbl/bl2/bl2_double_opt.o
LOAD /media/cvitek/yijun.liu01/car/mars/litiantai/pnd-ltt/MediaSDK/out/build_fsbl/bl2/cvi_spinor.o
LOAD /media/cvitek/yijun.liu01/car/mars/litiantai/pnd-ltt/MediaSDK/out/build_fsbl/bl2/cvi_spinand.o
LOAD /media/cvitek/yijun.liu01/car/mars/litiantai/pnd-ltt/MediaSDK/out/build_fsbl/bl2/emmc.o
LOAD /media/cvitek/yijun.liu01/car/mars/litiantai/pnd-ltt/MediaSDK/out/build_fsbl/bl2/cv_emmc.o
LOAD /media/cvitek/yijun.liu01/car/mars/litiantai/pnd-ltt/MediaSDK/out/build_fsbl/bl2/LzmaDec.o
LOAD /media/cvitek/yijun.liu01/car/mars/litiantai/pnd-ltt/MediaSDK/out/build_fsbl/bl2/lz4_all.o
LOAD /media/cvitek/yijun.liu01/car/mars/litiantai/pnd-ltt/MediaSDK/out/build_fsbl/bl2/xxhash.o
LOAD /media/cvitek/yijun.liu01/car/mars/litiantai/pnd-ltt/MediaSDK/out/build_fsbl/bl2/crc16.o
LOAD /media/cvitek/yijun.liu01/car/mars/litiantai/pnd-ltt/MediaSDK/out/build_fsbl/bl2/decompress.o
LOAD /media/cvitek/yijun.liu01/car/mars/litiantai/pnd-ltt/MediaSDK/out/build_fsbl/bl2/bl2_2nd_parse.o
LOAD /media/cvitek/yijun.liu01/car/mars/litiantai/pnd-ltt/MediaSDK/out/build_fsbl/bl2/bl2_main.o
LOAD /media/cvitek/yijun.liu01/car/mars/litiantai/pnd-ltt/MediaSDK/out/build_fsbl/bl2/ddr.o
LOAD /media/cvitek/yijun.liu01/car/mars/litiantai/pnd-ltt/MediaSDK/out/build_fsbl/bl2/ddr_pkg_info.o
LOAD /media/cvitek/yijun.liu01/car/mars/litiantai/pnd-ltt/MediaSDK/out/build_fsbl/bl2/ddr_sys_bring_up.o
LOAD /media/cvitek/yijun.liu01/car/mars/litiantai/pnd-ltt/MediaSDK/out/build_fsbl/bl2/ddr_sys.o
LOAD /media/cvitek/yijun.liu01/car/mars/litiantai/pnd-ltt/MediaSDK/out/build_fsbl/bl2/ddr_suspend.o
LOAD /media/cvitek/yijun.liu01/car/mars/litiantai/pnd-ltt/MediaSDK/out/build_fsbl/bl2/phy_pll_init.o
LOAD /media/cvitek/yijun.liu01/car/mars/litiantai/pnd-ltt/MediaSDK/out/build_fsbl/bl2/cvx16_pinmux.o
LOAD /media/cvitek/yijun.liu01/car/mars/litiantai/pnd-ltt/MediaSDK/out/build_fsbl/bl2/cvx16_dram_cap_check.o
LOAD /media/cvitek/yijun.liu01/car/mars/litiantai/pnd-ltt/MediaSDK/out/build_fsbl/bl2/ddrc_init.o
LOAD /media/cvitek/yijun.liu01/car/mars/litiantai/pnd-ltt/MediaSDK/out/build_fsbl/bl2/phy_init.o
LOAD /media/cvitek/yijun.liu01/car/mars/litiantai/pnd-ltt/MediaSDK/out/build_fsbl/bl2/ddr_patch_regs.o
LOAD /media/cvitek/yijun.liu01/car/mars/litiantai/pnd-ltt/MediaSDK/out/build_fsbl/bl2/bl2_entrypoint.o
LOAD /media/cvitek/yijun.liu01/car/mars/litiantai/pnd-ltt/MediaSDK/out/build_fsbl/bl2/bl2_exceptions.o
LOAD /media/cvitek/yijun.liu01/car/mars/litiantai/pnd-ltt/MediaSDK/out/build_fsbl/bl2/cache_helpers.o
LOAD /media/cvitek/yijun.liu01/car/mars/litiantai/pnd-ltt/MediaSDK/out/build_fsbl/bl2/misc_helpers.o
LOAD /media/cvitek/yijun.liu01/car/mars/litiantai/pnd-ltt/MediaSDK/out/build_fsbl/bl2/console.o
LOAD /media/cvitek/yijun.liu01/car/mars/litiantai/pnd-ltt/MediaSDK/out/build_fsbl/bl2/16550_console_aarch64.o
OUTPUT(/media/cvitek/yijun.liu01/car/mars/litiantai/pnd-ltt/MediaSDK/out/build_fsbl/bl2/bl2.elf elf64-littleaarch64)

.debug_info     0x0000000000000000    0x6e3a8
 .debug_info    0x0000000000000000       0x87 /media/cvitek/yijun.liu01/car/mars/litiantai/pnd-ltt/MediaSDK/out/build_fsbl/bl2/build_message.o
 .debug_info    0x0000000000000087      0x974 /media/cvitek/yijun.liu01/car/mars/litiantai/pnd-ltt/MediaSDK/out/build_fsbl/bl2/cpu_helper.o
 .debug_info    0x00000000000009fb      0xd8c /media/cvitek/yijun.liu01/car/mars/litiantai/pnd-ltt/MediaSDK/out/build_fsbl/bl2/delay_timer.o
 .debug_info    0x0000000000001787     0x12a8 /media/cvitek/yijun.liu01/car/mars/litiantai/pnd-ltt/MediaSDK/out/build_fsbl/bl2/bl2_helper.o
 .debug_info    0x0000000000002a2f      0xd27 /media/cvitek/yijun.liu01/car/mars/litiantai/pnd-ltt/MediaSDK/out/build_fsbl/bl2/tf_printf.o
 .debug_info    0x0000000000003756     0x3363 /media/cvitek/yijun.liu01/car/mars/litiantai/pnd-ltt/MediaSDK/out/build_fsbl/bl2/platform.o
 .debug_info    0x0000000000006ab9      0x3f4 /media/cvitek/yijun.liu01/car/mars/litiantai/pnd-ltt/MediaSDK/out/build_fsbl/bl2/mem.o
 .debug_info    0x0000000000006ead      0xb11 /media/cvitek/yijun.liu01/car/mars/litiantai/pnd-ltt/MediaSDK/out/build_fsbl/bl2/putchar.o
 .debug_info    0x00000000000079be     0x23c7 /media/cvitek/yijun.liu01/car/mars/litiantai/pnd-ltt/MediaSDK/out/build_fsbl/bl2/bl2_opt.o
 .debug_info    0x0000000000009d85     0x13a9 /media/cvitek/yijun.liu01/car/mars/litiantai/pnd-ltt/MediaSDK/out/build_fsbl/bl2/cvi_spinor.o
 .debug_info    0x000000000000b12e     0x1fa6 /media/cvitek/yijun.liu01/car/mars/litiantai/pnd-ltt/MediaSDK/out/build_fsbl/bl2/cvi_spinand.o
 .debug_info    0x000000000000d0d4     0x1fe8 /media/cvitek/yijun.liu01/car/mars/litiantai/pnd-ltt/MediaSDK/out/build_fsbl/bl2/emmc.o
 .debug_info    0x000000000000f0bc     0x3271 /media/cvitek/yijun.liu01/car/mars/litiantai/pnd-ltt/MediaSDK/out/build_fsbl/bl2/cv_emmc.o
 .debug_info    0x000000000001232d     0x1fe3 /media/cvitek/yijun.liu01/car/mars/litiantai/pnd-ltt/MediaSDK/out/build_fsbl/bl2/LzmaDec.o
 .debug_info    0x0000000000014310    0x28929 /media/cvitek/yijun.liu01/car/mars/litiantai/pnd-ltt/MediaSDK/out/build_fsbl/bl2/lz4_all.o
 .debug_info    0x000000000003cc39     0x449e /media/cvitek/yijun.liu01/car/mars/litiantai/pnd-ltt/MediaSDK/out/build_fsbl/bl2/xxhash.o
 .debug_info    0x00000000000410d7      0x26d /media/cvitek/yijun.liu01/car/mars/litiantai/pnd-ltt/MediaSDK/out/build_fsbl/bl2/crc16.o
 .debug_info    0x0000000000041344     0x11f7 /media/cvitek/yijun.liu01/car/mars/litiantai/pnd-ltt/MediaSDK/out/build_fsbl/bl2/decompress.o
 .debug_info    0x000000000004253b      0x2ef /media/cvitek/yijun.liu01/car/mars/litiantai/pnd-ltt/MediaSDK/out/build_fsbl/bl2/bl2_2nd_parse.o
 .debug_info    0x000000000004282a     0x13dd /media/cvitek/yijun.liu01/car/mars/litiantai/pnd-ltt/MediaSDK/out/build_fsbl/bl2/bl2_main.o
 .debug_info    0x0000000000043c07      0xa22 /media/cvitek/yijun.liu01/car/mars/litiantai/pnd-ltt/MediaSDK/out/build_fsbl/bl2/ddr.o
 .debug_info    0x0000000000044629      0x6a7 /media/cvitek/yijun.liu01/car/mars/litiantai/pnd-ltt/MediaSDK/out/build_fsbl/bl2/ddr_pkg_info.o
 .debug_info    0x0000000000044cd0     0x140e /media/cvitek/yijun.liu01/car/mars/litiantai/pnd-ltt/MediaSDK/out/build_fsbl/bl2/ddr_sys_bring_up.o
 .debug_info    0x00000000000460de    0x21e5e /media/cvitek/yijun.liu01/car/mars/litiantai/pnd-ltt/MediaSDK/out/build_fsbl/bl2/ddr_sys.o
 .debug_info    0x0000000000067f3c      0xdf3 /media/cvitek/yijun.liu01/car/mars/litiantai/pnd-ltt/MediaSDK/out/build_fsbl/bl2/ddr_suspend.o
 .debug_info    0x0000000000068d2f      0xa7e /media/cvitek/yijun.liu01/car/mars/litiantai/pnd-ltt/MediaSDK/out/build_fsbl/bl2/phy_pll_init.o
 .debug_info    0x00000000000697ad     0x11ec /media/cvitek/yijun.liu01/car/mars/litiantai/pnd-ltt/MediaSDK/out/build_fsbl/bl2/cvx16_pinmux.o
 .debug_info    0x000000000006a999      0x15f /media/cvitek/yijun.liu01/car/mars/litiantai/pnd-ltt/MediaSDK/out/build_fsbl/bl2/cvx16_dram_cap_check.o
 .debug_info    0x000000000006aaf8     0x1465 /media/cvitek/yijun.liu01/car/mars/litiantai/pnd-ltt/MediaSDK/out/build_fsbl/bl2/ddrc_init.o
 .debug_info    0x000000000006bf5d     0x1f5f /media/cvitek/yijun.liu01/car/mars/litiantai/pnd-ltt/MediaSDK/out/build_fsbl/bl2/phy_init.o
 .debug_info    0x000000000006debc      0x188 /media/cvitek/yijun.liu01/car/mars/litiantai/pnd-ltt/MediaSDK/out/build_fsbl/bl2/ddr_patch_regs.o
 .debug_info    0x000000000006e044       0x91 /media/cvitek/yijun.liu01/car/mars/litiantai/pnd-ltt/MediaSDK/out/build_fsbl/bl2/bl2_entrypoint.o
 .debug_info    0x000000000006e0d5       0x91 /media/cvitek/yijun.liu01/car/mars/litiantai/pnd-ltt/MediaSDK/out/build_fsbl/bl2/bl2_exceptions.o
 .debug_info    0x000000000006e166       0x90 /media/cvitek/yijun.liu01/car/mars/litiantai/pnd-ltt/MediaSDK/out/build_fsbl/bl2/cache_helpers.o
 .debug_info    0x000000000006e1f6       0x8f /media/cvitek/yijun.liu01/car/mars/litiantai/pnd-ltt/MediaSDK/out/build_fsbl/bl2/misc_helpers.o
 .debug_info    0x000000000006e285       0x8a /media/cvitek/yijun.liu01/car/mars/litiantai/pnd-ltt/MediaSDK/out/build_fsbl/bl2/console.o
 .debug_info    0x000000000006e30f       0x99 /media/cvitek/yijun.liu01/car/mars/litiantai/pnd-ltt/MediaSDK/out/build_fsbl/bl2/16550_console_aarch64.o

.debug_abbrev   0x0000000000000000     0x4cc4
 .debug_abbrev  0x0000000000000000       0x46 /media/cvitek/yijun.liu01/car/mars/litiantai/pnd-ltt/MediaSDK/out/build_fsbl/bl2/build_message.o
 .debug_abbrev  0x0000000000000046      0x13a /media/cvitek/yijun.liu01/car/mars/litiantai/pnd-ltt/MediaSDK/out/build_fsbl/bl2/cpu_helper.o
 .debug_abbrev  0x0000000000000180      0x24a /media/cvitek/yijun.liu01/car/mars/litiantai/pnd-ltt/MediaSDK/out/build_fsbl/bl2/delay_timer.o
 .debug_abbrev  0x00000000000003ca      0x2ca /media/cvitek/yijun.liu01/car/mars/litiantai/pnd-ltt/MediaSDK/out/build_fsbl/bl2/bl2_helper.o
 .debug_abbrev  0x0000000000000694      0x256 /media/cvitek/yijun.liu01/car/mars/litiantai/pnd-ltt/MediaSDK/out/build_fsbl/bl2/tf_printf.o
 .debug_abbrev  0x00000000000008ea      0x42c /media/cvitek/yijun.liu01/car/mars/litiantai/pnd-ltt/MediaSDK/out/build_fsbl/bl2/platform.o
 .debug_abbrev  0x0000000000000d16      0x10e /media/cvitek/yijun.liu01/car/mars/litiantai/pnd-ltt/MediaSDK/out/build_fsbl/bl2/mem.o
 .debug_abbrev  0x0000000000000e24      0x1cc /media/cvitek/yijun.liu01/car/mars/litiantai/pnd-ltt/MediaSDK/out/build_fsbl/bl2/putchar.o
 .debug_abbrev  0x0000000000000ff0      0x475 /media/cvitek/yijun.liu01/car/mars/litiantai/pnd-ltt/MediaSDK/out/build_fsbl/bl2/bl2_opt.o
 .debug_abbrev  0x0000000000001465      0x2d1 /media/cvitek/yijun.liu01/car/mars/litiantai/pnd-ltt/MediaSDK/out/build_fsbl/bl2/cvi_spinor.o
 .debug_abbrev  0x0000000000001736      0x384 /media/cvitek/yijun.liu01/car/mars/litiantai/pnd-ltt/MediaSDK/out/build_fsbl/bl2/cvi_spinand.o
 .debug_abbrev  0x0000000000001aba      0x445 /media/cvitek/yijun.liu01/car/mars/litiantai/pnd-ltt/MediaSDK/out/build_fsbl/bl2/emmc.o
 .debug_abbrev  0x0000000000001eff      0x43a /media/cvitek/yijun.liu01/car/mars/litiantai/pnd-ltt/MediaSDK/out/build_fsbl/bl2/cv_emmc.o
 .debug_abbrev  0x0000000000002339      0x455 /media/cvitek/yijun.liu01/car/mars/litiantai/pnd-ltt/MediaSDK/out/build_fsbl/bl2/LzmaDec.o
 .debug_abbrev  0x000000000000278e      0x5cb /media/cvitek/yijun.liu01/car/mars/litiantai/pnd-ltt/MediaSDK/out/build_fsbl/bl2/lz4_all.o
 .debug_abbrev  0x0000000000002d59      0x4cf /media/cvitek/yijun.liu01/car/mars/litiantai/pnd-ltt/MediaSDK/out/build_fsbl/bl2/xxhash.o
 .debug_abbrev  0x0000000000003228      0x11b /media/cvitek/yijun.liu01/car/mars/litiantai/pnd-ltt/MediaSDK/out/build_fsbl/bl2/crc16.o
 .debug_abbrev  0x0000000000003343      0x373 /media/cvitek/yijun.liu01/car/mars/litiantai/pnd-ltt/MediaSDK/out/build_fsbl/bl2/decompress.o
 .debug_abbrev  0x00000000000036b6      0x165 /media/cvitek/yijun.liu01/car/mars/litiantai/pnd-ltt/MediaSDK/out/build_fsbl/bl2/bl2_2nd_parse.o
 .debug_abbrev  0x000000000000381b      0x32e /media/cvitek/yijun.liu01/car/mars/litiantai/pnd-ltt/MediaSDK/out/build_fsbl/bl2/bl2_main.o
 .debug_abbrev  0x0000000000003b49      0x15a /media/cvitek/yijun.liu01/car/mars/litiantai/pnd-ltt/MediaSDK/out/build_fsbl/bl2/ddr.o
 .debug_abbrev  0x0000000000003ca3      0x1b4 /media/cvitek/yijun.liu01/car/mars/litiantai/pnd-ltt/MediaSDK/out/build_fsbl/bl2/ddr_pkg_info.o
 .debug_abbrev  0x0000000000003e57      0x243 /media/cvitek/yijun.liu01/car/mars/litiantai/pnd-ltt/MediaSDK/out/build_fsbl/bl2/ddr_sys_bring_up.o
 .debug_abbrev  0x000000000000409a      0x3eb /media/cvitek/yijun.liu01/car/mars/litiantai/pnd-ltt/MediaSDK/out/build_fsbl/bl2/ddr_sys.o
 .debug_abbrev  0x0000000000004485      0x287 /media/cvitek/yijun.liu01/car/mars/litiantai/pnd-ltt/MediaSDK/out/build_fsbl/bl2/ddr_suspend.o
 .debug_abbrev  0x000000000000470c      0x159 /media/cvitek/yijun.liu01/car/mars/litiantai/pnd-ltt/MediaSDK/out/build_fsbl/bl2/phy_pll_init.o
 .debug_abbrev  0x0000000000004865       0xd6 /media/cvitek/yijun.liu01/car/mars/litiantai/pnd-ltt/MediaSDK/out/build_fsbl/bl2/cvx16_pinmux.o
 .debug_abbrev  0x000000000000493b       0x74 /media/cvitek/yijun.liu01/car/mars/litiantai/pnd-ltt/MediaSDK/out/build_fsbl/bl2/cvx16_dram_cap_check.o
 .debug_abbrev  0x00000000000049af      0x15d /media/cvitek/yijun.liu01/car/mars/litiantai/pnd-ltt/MediaSDK/out/build_fsbl/bl2/ddrc_init.o
 .debug_abbrev  0x0000000000004b0c       0xbd /media/cvitek/yijun.liu01/car/mars/litiantai/pnd-ltt/MediaSDK/out/build_fsbl/bl2/phy_init.o
 .debug_abbrev  0x0000000000004bc9       0x8f /media/cvitek/yijun.liu01/car/mars/litiantai/pnd-ltt/MediaSDK/out/build_fsbl/bl2/ddr_patch_regs.o
 .debug_abbrev  0x0000000000004c58       0x12 /media/cvitek/yijun.liu01/car/mars/litiantai/pnd-ltt/MediaSDK/out/build_fsbl/bl2/bl2_entrypoint.o
 .debug_abbrev  0x0000000000004c6a       0x12 /media/cvitek/yijun.liu01/car/mars/litiantai/pnd-ltt/MediaSDK/out/build_fsbl/bl2/bl2_exceptions.o
 .debug_abbrev  0x0000000000004c7c       0x12 /media/cvitek/yijun.liu01/car/mars/litiantai/pnd-ltt/MediaSDK/out/build_fsbl/bl2/cache_helpers.o
 .debug_abbrev  0x0000000000004c8e       0x12 /media/cvitek/yijun.liu01/car/mars/litiantai/pnd-ltt/MediaSDK/out/build_fsbl/bl2/misc_helpers.o
 .debug_abbrev  0x0000000000004ca0       0x12 /media/cvitek/yijun.liu01/car/mars/litiantai/pnd-ltt/MediaSDK/out/build_fsbl/bl2/console.o
 .debug_abbrev  0x0000000000004cb2       0x12 /media/cvitek/yijun.liu01/car/mars/litiantai/pnd-ltt/MediaSDK/out/build_fsbl/bl2/16550_console_aarch64.o

.debug_aranges  0x0000000000000000     0x1da0
 .debug_aranges
                0x0000000000000000       0x20 /media/cvitek/yijun.liu01/car/mars/litiantai/pnd-ltt/MediaSDK/out/build_fsbl/bl2/build_message.o
 .debug_aranges
                0x0000000000000020       0x40 /media/cvitek/yijun.liu01/car/mars/litiantai/pnd-ltt/MediaSDK/out/build_fsbl/bl2/cpu_helper.o
 .debug_aranges
                0x0000000000000060       0x90 /media/cvitek/yijun.liu01/car/mars/litiantai/pnd-ltt/MediaSDK/out/build_fsbl/bl2/delay_timer.o
 .debug_aranges
                0x00000000000000f0       0x60 /media/cvitek/yijun.liu01/car/mars/litiantai/pnd-ltt/MediaSDK/out/build_fsbl/bl2/bl2_helper.o
 .debug_aranges
                0x0000000000000150       0x50 /media/cvitek/yijun.liu01/car/mars/litiantai/pnd-ltt/MediaSDK/out/build_fsbl/bl2/tf_printf.o
 .debug_aranges
                0x00000000000001a0      0x140 /media/cvitek/yijun.liu01/car/mars/litiantai/pnd-ltt/MediaSDK/out/build_fsbl/bl2/platform.o
 .debug_aranges
                0x00000000000002e0       0x80 /media/cvitek/yijun.liu01/car/mars/litiantai/pnd-ltt/MediaSDK/out/build_fsbl/bl2/mem.o
 .debug_aranges
                0x0000000000000360       0x30 /media/cvitek/yijun.liu01/car/mars/litiantai/pnd-ltt/MediaSDK/out/build_fsbl/bl2/putchar.o
 .debug_aranges
                0x0000000000000390      0x100 /media/cvitek/yijun.liu01/car/mars/litiantai/pnd-ltt/MediaSDK/out/build_fsbl/bl2/bl2_opt.o
 .debug_aranges
                0x0000000000000490       0x50 /media/cvitek/yijun.liu01/car/mars/litiantai/pnd-ltt/MediaSDK/out/build_fsbl/bl2/cvi_spinor.o
 .debug_aranges
                0x00000000000004e0       0x90 /media/cvitek/yijun.liu01/car/mars/litiantai/pnd-ltt/MediaSDK/out/build_fsbl/bl2/cvi_spinand.o
 .debug_aranges
                0x0000000000000570       0xe0 /media/cvitek/yijun.liu01/car/mars/litiantai/pnd-ltt/MediaSDK/out/build_fsbl/bl2/emmc.o
 .debug_aranges
                0x0000000000000650       0xc0 /media/cvitek/yijun.liu01/car/mars/litiantai/pnd-ltt/MediaSDK/out/build_fsbl/bl2/cv_emmc.o
 .debug_aranges
                0x0000000000000710      0x100 /media/cvitek/yijun.liu01/car/mars/litiantai/pnd-ltt/MediaSDK/out/build_fsbl/bl2/LzmaDec.o
 .debug_aranges
                0x0000000000000810      0x7f0 /media/cvitek/yijun.liu01/car/mars/litiantai/pnd-ltt/MediaSDK/out/build_fsbl/bl2/lz4_all.o
 .debug_aranges
                0x0000000000001000      0x1c0 /media/cvitek/yijun.liu01/car/mars/litiantai/pnd-ltt/MediaSDK/out/build_fsbl/bl2/xxhash.o
 .debug_aranges
                0x00000000000011c0       0x50 /media/cvitek/yijun.liu01/car/mars/litiantai/pnd-ltt/MediaSDK/out/build_fsbl/bl2/crc16.o
 .debug_aranges
                0x0000000000001210       0xa0 /media/cvitek/yijun.liu01/car/mars/litiantai/pnd-ltt/MediaSDK/out/build_fsbl/bl2/decompress.o
 .debug_aranges
                0x00000000000012b0       0x70 /media/cvitek/yijun.liu01/car/mars/litiantai/pnd-ltt/MediaSDK/out/build_fsbl/bl2/bl2_2nd_parse.o
 .debug_aranges
                0x0000000000001320       0x90 /media/cvitek/yijun.liu01/car/mars/litiantai/pnd-ltt/MediaSDK/out/build_fsbl/bl2/bl2_main.o
 .debug_aranges
                0x00000000000013b0       0x30 /media/cvitek/yijun.liu01/car/mars/litiantai/pnd-ltt/MediaSDK/out/build_fsbl/bl2/ddr.o
 .debug_aranges
                0x00000000000013e0       0x70 /media/cvitek/yijun.liu01/car/mars/litiantai/pnd-ltt/MediaSDK/out/build_fsbl/bl2/ddr_pkg_info.o
 .debug_aranges
                0x0000000000001450       0x50 /media/cvitek/yijun.liu01/car/mars/litiantai/pnd-ltt/MediaSDK/out/build_fsbl/bl2/ddr_sys_bring_up.o
 .debug_aranges
                0x00000000000014a0      0x4e0 /media/cvitek/yijun.liu01/car/mars/litiantai/pnd-ltt/MediaSDK/out/build_fsbl/bl2/ddr_sys.o
 .debug_aranges
                0x0000000000001980       0x40 /media/cvitek/yijun.liu01/car/mars/litiantai/pnd-ltt/MediaSDK/out/build_fsbl/bl2/ddr_suspend.o
 .debug_aranges
                0x00000000000019c0       0x30 /media/cvitek/yijun.liu01/car/mars/litiantai/pnd-ltt/MediaSDK/out/build_fsbl/bl2/phy_pll_init.o
 .debug_aranges
                0x00000000000019f0       0x30 /media/cvitek/yijun.liu01/car/mars/litiantai/pnd-ltt/MediaSDK/out/build_fsbl/bl2/cvx16_pinmux.o
 .debug_aranges
                0x0000000000001a20       0x30 /media/cvitek/yijun.liu01/car/mars/litiantai/pnd-ltt/MediaSDK/out/build_fsbl/bl2/cvx16_dram_cap_check.o
 .debug_aranges
                0x0000000000001a50       0x60 /media/cvitek/yijun.liu01/car/mars/litiantai/pnd-ltt/MediaSDK/out/build_fsbl/bl2/ddrc_init.o
 .debug_aranges
                0x0000000000001ab0       0x30 /media/cvitek/yijun.liu01/car/mars/litiantai/pnd-ltt/MediaSDK/out/build_fsbl/bl2/phy_init.o
 .debug_aranges
                0x0000000000001ae0       0x20 /media/cvitek/yijun.liu01/car/mars/litiantai/pnd-ltt/MediaSDK/out/build_fsbl/bl2/ddr_patch_regs.o
 .debug_aranges
                0x0000000000001b00       0x60 /media/cvitek/yijun.liu01/car/mars/litiantai/pnd-ltt/MediaSDK/out/build_fsbl/bl2/bl2_entrypoint.o
 .debug_aranges
                0x0000000000001b60       0x40 /media/cvitek/yijun.liu01/car/mars/litiantai/pnd-ltt/MediaSDK/out/build_fsbl/bl2/bl2_exceptions.o
 .debug_aranges
                0x0000000000001ba0       0xb0 /media/cvitek/yijun.liu01/car/mars/litiantai/pnd-ltt/MediaSDK/out/build_fsbl/bl2/cache_helpers.o
 .debug_aranges
                0x0000000000001c50       0x70 /media/cvitek/yijun.liu01/car/mars/litiantai/pnd-ltt/MediaSDK/out/build_fsbl/bl2/misc_helpers.o
 .debug_aranges
                0x0000000000001cc0       0x70 /media/cvitek/yijun.liu01/car/mars/litiantai/pnd-ltt/MediaSDK/out/build_fsbl/bl2/console.o
 .debug_aranges
                0x0000000000001d30       0x70 /media/cvitek/yijun.liu01/car/mars/litiantai/pnd-ltt/MediaSDK/out/build_fsbl/bl2/16550_console_aarch64.o

.debug_macro    0x0000000000000000     0x8411
 .debug_macro   0x0000000000000000       0x11 /media/cvitek/yijun.liu01/car/mars/litiantai/pnd-ltt/MediaSDK/out/build_fsbl/bl2/build_message.o
 .debug_macro   0x0000000000000011      0x73c /media/cvitek/yijun.liu01/car/mars/litiantai/pnd-ltt/MediaSDK/out/build_fsbl/bl2/build_message.o
 .debug_macro   0x000000000000074d      0x14b /media/cvitek/yijun.liu01/car/mars/litiantai/pnd-ltt/MediaSDK/out/build_fsbl/bl2/cpu_helper.o
 .debug_macro   0x0000000000000898      0x742 /media/cvitek/yijun.liu01/car/mars/litiantai/pnd-ltt/MediaSDK/out/build_fsbl/bl2/cpu_helper.o
 .debug_macro   0x0000000000000fda      0x276 /media/cvitek/yijun.liu01/car/mars/litiantai/pnd-ltt/MediaSDK/out/build_fsbl/bl2/cpu_helper.o
 .debug_macro   0x0000000000001250       0x11 /media/cvitek/yijun.liu01/car/mars/litiantai/pnd-ltt/MediaSDK/out/build_fsbl/bl2/cpu_helper.o
 .debug_macro   0x0000000000001261      0x187 /media/cvitek/yijun.liu01/car/mars/litiantai/pnd-ltt/MediaSDK/out/build_fsbl/bl2/cpu_helper.o
 .debug_macro   0x00000000000013e8       0x46 /media/cvitek/yijun.liu01/car/mars/litiantai/pnd-ltt/MediaSDK/out/build_fsbl/bl2/cpu_helper.o
 .debug_macro   0x000000000000142e       0x16 /media/cvitek/yijun.liu01/car/mars/litiantai/pnd-ltt/MediaSDK/out/build_fsbl/bl2/cpu_helper.o
 .debug_macro   0x0000000000001444       0x28 /media/cvitek/yijun.liu01/car/mars/litiantai/pnd-ltt/MediaSDK/out/build_fsbl/bl2/cpu_helper.o
 .debug_macro   0x000000000000146c       0x1c /media/cvitek/yijun.liu01/car/mars/litiantai/pnd-ltt/MediaSDK/out/build_fsbl/bl2/cpu_helper.o
 .debug_macro   0x0000000000001488      0x1af /media/cvitek/yijun.liu01/car/mars/litiantai/pnd-ltt/MediaSDK/out/build_fsbl/bl2/cpu_helper.o
 .debug_macro   0x0000000000001637       0x82 /media/cvitek/yijun.liu01/car/mars/litiantai/pnd-ltt/MediaSDK/out/build_fsbl/bl2/cpu_helper.o
 .debug_macro   0x00000000000016b9      0x8a6 /media/cvitek/yijun.liu01/car/mars/litiantai/pnd-ltt/MediaSDK/out/build_fsbl/bl2/cpu_helper.o
 .debug_macro   0x0000000000001f5f       0x64 /media/cvitek/yijun.liu01/car/mars/litiantai/pnd-ltt/MediaSDK/out/build_fsbl/bl2/cpu_helper.o
 .debug_macro   0x0000000000001fc3       0xc5 /media/cvitek/yijun.liu01/car/mars/litiantai/pnd-ltt/MediaSDK/out/build_fsbl/bl2/cpu_helper.o
 .debug_macro   0x0000000000002088       0xae /media/cvitek/yijun.liu01/car/mars/litiantai/pnd-ltt/MediaSDK/out/build_fsbl/bl2/cpu_helper.o
 .debug_macro   0x0000000000002136      0x226 /media/cvitek/yijun.liu01/car/mars/litiantai/pnd-ltt/MediaSDK/out/build_fsbl/bl2/cpu_helper.o
 .debug_macro   0x000000000000235c      0x11e /media/cvitek/yijun.liu01/car/mars/litiantai/pnd-ltt/MediaSDK/out/build_fsbl/bl2/cpu_helper.o
 .debug_macro   0x000000000000247a       0x76 /media/cvitek/yijun.liu01/car/mars/litiantai/pnd-ltt/MediaSDK/out/build_fsbl/bl2/cpu_helper.o
 .debug_macro   0x00000000000024f0      0x15a /media/cvitek/yijun.liu01/car/mars/litiantai/pnd-ltt/MediaSDK/out/build_fsbl/bl2/cpu_helper.o
 .debug_macro   0x000000000000264a      0x1e0 /media/cvitek/yijun.liu01/car/mars/litiantai/pnd-ltt/MediaSDK/out/build_fsbl/bl2/cpu_helper.o
 .debug_macro   0x000000000000282a       0x28 /media/cvitek/yijun.liu01/car/mars/litiantai/pnd-ltt/MediaSDK/out/build_fsbl/bl2/cpu_helper.o
 .debug_macro   0x0000000000002852      0x151 /media/cvitek/yijun.liu01/car/mars/litiantai/pnd-ltt/MediaSDK/out/build_fsbl/bl2/delay_timer.o
 .debug_macro   0x00000000000029a3      0x197 /media/cvitek/yijun.liu01/car/mars/litiantai/pnd-ltt/MediaSDK/out/build_fsbl/bl2/bl2_helper.o
 .debug_macro   0x0000000000002b3a      0x17f /media/cvitek/yijun.liu01/car/mars/litiantai/pnd-ltt/MediaSDK/out/build_fsbl/bl2/tf_printf.o
 .debug_macro   0x0000000000002cb9       0xa6 /media/cvitek/yijun.liu01/car/mars/litiantai/pnd-ltt/MediaSDK/out/build_fsbl/bl2/tf_printf.o
 .debug_macro   0x0000000000002d5f       0xb8 /media/cvitek/yijun.liu01/car/mars/litiantai/pnd-ltt/MediaSDK/out/build_fsbl/bl2/tf_printf.o
 .debug_macro   0x0000000000002e17       0x2e /media/cvitek/yijun.liu01/car/mars/litiantai/pnd-ltt/MediaSDK/out/build_fsbl/bl2/tf_printf.o
 .debug_macro   0x0000000000002e45      0x194 /media/cvitek/yijun.liu01/car/mars/litiantai/pnd-ltt/MediaSDK/out/build_fsbl/bl2/platform.o
 .debug_macro   0x0000000000002fd9       0xcc /media/cvitek/yijun.liu01/car/mars/litiantai/pnd-ltt/MediaSDK/out/build_fsbl/bl2/platform.o
 .debug_macro   0x00000000000030a5       0x16 /media/cvitek/yijun.liu01/car/mars/litiantai/pnd-ltt/MediaSDK/out/build_fsbl/bl2/platform.o
 .debug_macro   0x00000000000030bb      0x277 /media/cvitek/yijun.liu01/car/mars/litiantai/pnd-ltt/MediaSDK/out/build_fsbl/bl2/platform.o
 .debug_macro   0x0000000000003332       0xac /media/cvitek/yijun.liu01/car/mars/litiantai/pnd-ltt/MediaSDK/out/build_fsbl/bl2/platform.o
 .debug_macro   0x00000000000033de       0x8e /media/cvitek/yijun.liu01/car/mars/litiantai/pnd-ltt/MediaSDK/out/build_fsbl/bl2/platform.o
 .debug_macro   0x000000000000346c      0x12a /media/cvitek/yijun.liu01/car/mars/litiantai/pnd-ltt/MediaSDK/out/build_fsbl/bl2/platform.o
 .debug_macro   0x0000000000003596       0x9b /media/cvitek/yijun.liu01/car/mars/litiantai/pnd-ltt/MediaSDK/out/build_fsbl/bl2/mem.o
 .debug_macro   0x0000000000003631      0x154 /media/cvitek/yijun.liu01/car/mars/litiantai/pnd-ltt/MediaSDK/out/build_fsbl/bl2/putchar.o
 .debug_macro   0x0000000000003785       0x16 /media/cvitek/yijun.liu01/car/mars/litiantai/pnd-ltt/MediaSDK/out/build_fsbl/bl2/putchar.o
 .debug_macro   0x000000000000379b       0x1c /media/cvitek/yijun.liu01/car/mars/litiantai/pnd-ltt/MediaSDK/out/build_fsbl/bl2/putchar.o
 .debug_macro   0x00000000000037b7       0xbe /media/cvitek/yijun.liu01/car/mars/litiantai/pnd-ltt/MediaSDK/out/build_fsbl/bl2/putchar.o
 .debug_macro   0x0000000000003875      0x1d4 /media/cvitek/yijun.liu01/car/mars/litiantai/pnd-ltt/MediaSDK/out/build_fsbl/bl2/bl2_opt.o
 .debug_macro   0x0000000000003a49       0x16 /media/cvitek/yijun.liu01/car/mars/litiantai/pnd-ltt/MediaSDK/out/build_fsbl/bl2/bl2_opt.o
 .debug_macro   0x0000000000003a5f      0x2a3 /media/cvitek/yijun.liu01/car/mars/litiantai/pnd-ltt/MediaSDK/out/build_fsbl/bl2/bl2_opt.o
 .debug_macro   0x0000000000003d02      0x72d /media/cvitek/yijun.liu01/car/mars/litiantai/pnd-ltt/MediaSDK/out/build_fsbl/bl2/bl2_opt.o
 .debug_macro   0x000000000000442f      0x1ea /media/cvitek/yijun.liu01/car/mars/litiantai/pnd-ltt/MediaSDK/out/build_fsbl/bl2/bl2_opt.o
 .debug_macro   0x0000000000004619      0x38c /media/cvitek/yijun.liu01/car/mars/litiantai/pnd-ltt/MediaSDK/out/build_fsbl/bl2/bl2_opt.o
 .debug_macro   0x00000000000049a5       0x1c /media/cvitek/yijun.liu01/car/mars/litiantai/pnd-ltt/MediaSDK/out/build_fsbl/bl2/bl2_opt.o
 .debug_macro   0x00000000000049c1      0x17f /media/cvitek/yijun.liu01/car/mars/litiantai/pnd-ltt/MediaSDK/out/build_fsbl/bl2/cvi_spinor.o
 .debug_macro   0x0000000000004b40      0x1ad /media/cvitek/yijun.liu01/car/mars/litiantai/pnd-ltt/MediaSDK/out/build_fsbl/bl2/cvi_spinand.o
 .debug_macro   0x0000000000004ced      0x727 /media/cvitek/yijun.liu01/car/mars/litiantai/pnd-ltt/MediaSDK/out/build_fsbl/bl2/cvi_spinand.o
 .debug_macro   0x0000000000005414      0x1d3 /media/cvitek/yijun.liu01/car/mars/litiantai/pnd-ltt/MediaSDK/out/build_fsbl/bl2/cvi_spinand.o
 .debug_macro   0x00000000000055e7      0x181 /media/cvitek/yijun.liu01/car/mars/litiantai/pnd-ltt/MediaSDK/out/build_fsbl/bl2/emmc.o
 .debug_macro   0x0000000000005768      0x205 /media/cvitek/yijun.liu01/car/mars/litiantai/pnd-ltt/MediaSDK/out/build_fsbl/bl2/cv_emmc.o
 .debug_macro   0x000000000000596d      0x341 /media/cvitek/yijun.liu01/car/mars/litiantai/pnd-ltt/MediaSDK/out/build_fsbl/bl2/LzmaDec.o
 .debug_macro   0x0000000000005cae      0x16b /media/cvitek/yijun.liu01/car/mars/litiantai/pnd-ltt/MediaSDK/out/build_fsbl/bl2/LzmaDec.o
 .debug_macro   0x0000000000005e19       0x16 /media/cvitek/yijun.liu01/car/mars/litiantai/pnd-ltt/MediaSDK/out/build_fsbl/bl2/LzmaDec.o
 .debug_macro   0x0000000000005e2f      0x2ef /media/cvitek/yijun.liu01/car/mars/litiantai/pnd-ltt/MediaSDK/out/build_fsbl/bl2/lz4_all.o
 .debug_macro   0x000000000000611e       0xa8 /media/cvitek/yijun.liu01/car/mars/litiantai/pnd-ltt/MediaSDK/out/build_fsbl/bl2/lz4_all.o
 .debug_macro   0x00000000000061c6       0x27 /media/cvitek/yijun.liu01/car/mars/litiantai/pnd-ltt/MediaSDK/out/build_fsbl/bl2/lz4_all.o
 .debug_macro   0x00000000000061ed       0x62 /media/cvitek/yijun.liu01/car/mars/litiantai/pnd-ltt/MediaSDK/out/build_fsbl/bl2/lz4_all.o
 .debug_macro   0x000000000000624f       0x7d /media/cvitek/yijun.liu01/car/mars/litiantai/pnd-ltt/MediaSDK/out/build_fsbl/bl2/lz4_all.o
 .debug_macro   0x00000000000062cc       0x2c /media/cvitek/yijun.liu01/car/mars/litiantai/pnd-ltt/MediaSDK/out/build_fsbl/bl2/lz4_all.o
 .debug_macro   0x00000000000062f8      0x1e5 /media/cvitek/yijun.liu01/car/mars/litiantai/pnd-ltt/MediaSDK/out/build_fsbl/bl2/xxhash.o
 .debug_macro   0x00000000000064dd       0x52 /media/cvitek/yijun.liu01/car/mars/litiantai/pnd-ltt/MediaSDK/out/build_fsbl/bl2/xxhash.o
 .debug_macro   0x000000000000652f       0x4e /media/cvitek/yijun.liu01/car/mars/litiantai/pnd-ltt/MediaSDK/out/build_fsbl/bl2/crc16.o
 .debug_macro   0x000000000000657d      0x175 /media/cvitek/yijun.liu01/car/mars/litiantai/pnd-ltt/MediaSDK/out/build_fsbl/bl2/decompress.o
 .debug_macro   0x00000000000066f2       0x61 /media/cvitek/yijun.liu01/car/mars/litiantai/pnd-ltt/MediaSDK/out/build_fsbl/bl2/decompress.o
 .debug_macro   0x0000000000006753       0x85 /media/cvitek/yijun.liu01/car/mars/litiantai/pnd-ltt/MediaSDK/out/build_fsbl/bl2/bl2_2nd_parse.o
 .debug_macro   0x00000000000067d8       0xc6 /media/cvitek/yijun.liu01/car/mars/litiantai/pnd-ltt/MediaSDK/out/build_fsbl/bl2/bl2_2nd_parse.o
 .debug_macro   0x000000000000689e       0x16 /media/cvitek/yijun.liu01/car/mars/litiantai/pnd-ltt/MediaSDK/out/build_fsbl/bl2/bl2_2nd_parse.o
 .debug_macro   0x00000000000068b4      0x17b /media/cvitek/yijun.liu01/car/mars/litiantai/pnd-ltt/MediaSDK/out/build_fsbl/bl2/bl2_main.o
 .debug_macro   0x0000000000006a2f      0x14a /media/cvitek/yijun.liu01/car/mars/litiantai/pnd-ltt/MediaSDK/out/build_fsbl/bl2/ddr.o
 .debug_macro   0x0000000000006b79      0x121 /media/cvitek/yijun.liu01/car/mars/litiantai/pnd-ltt/MediaSDK/out/build_fsbl/bl2/ddr_pkg_info.o
 .debug_macro   0x0000000000006c9a       0x1c /media/cvitek/yijun.liu01/car/mars/litiantai/pnd-ltt/MediaSDK/out/build_fsbl/bl2/ddr_pkg_info.o
 .debug_macro   0x0000000000006cb6      0x1f3 /media/cvitek/yijun.liu01/car/mars/litiantai/pnd-ltt/MediaSDK/out/build_fsbl/bl2/ddr_sys_bring_up.o
 .debug_macro   0x0000000000006ea9       0xa6 /media/cvitek/yijun.liu01/car/mars/litiantai/pnd-ltt/MediaSDK/out/build_fsbl/bl2/ddr_sys_bring_up.o